#
# There is insufficient memory for the Java Runtime Environment to continue.
# Native memory allocation (malloc) failed to allocate 2009456 bytes. Error detail: Chunk::new
# Possible reasons:
#   The system is out of physical RAM or swap space
#   This process is running with CompressedOops enabled, and the Java Heap may be blocking the growth of the native heap
# Possible solutions:
#   Reduce memory load on the system
#   Increase physical memory or swap space
#   Check if swap backing store is full
#   Decrease Java heap size (-Xmx/-Xms)
#   Decrease number of Java threads
#   Decrease Java thread stack sizes (-Xss)
#   Set larger code cache with -XX:ReservedCodeCacheSize=
#   JVM is running with Unscaled Compressed Oops mode in which the Java heap is
#     placed in the first 4GB address space. The Java Heap base address is the
#     maximum limit for the native heap growth. Please use -XX:HeapBaseMinAddress
#     to set the Java Heap base and to place the Java Heap above 4GB virtual address.
# This output file may be truncated or incomplete.
#
#  Out of Memory Error (arena.cpp:191), pid=12852, tid=12240
#
# JRE version: OpenJDK Runtime Environment Temurin-17.0.13+11 (17.0.13+11) (build 17.0.13+11)
# Java VM: OpenJDK 64-Bit Server VM Temurin-17.0.13+11 (17.0.13+11, mixed mode, tiered, compressed oops, compressed class ptrs, parallel gc, windows-amd64)
# No core dump will be written. Minidumps are not enabled by default on client versions of Windows
#

---------------  S U M M A R Y ------------

Command Line: --add-modules=ALL-SYSTEM --add-opens=java.base/java.util=ALL-UNNAMED --add-opens=java.base/java.lang=ALL-UNNAMED --add-opens=java.base/sun.nio.fs=ALL-UNNAMED -Declipse.application=org.eclipse.jdt.ls.core.id1 -Dosgi.bundles.defaultStartLevel=4 -Declipse.product=org.eclipse.jdt.ls.core.product -Djava.import.generatesMetadataFilesAtProjectRoot=false -DDetectVMInstallationsJob.disabled=true -Dfile.encoding=utf8 -XX:+UseParallelGC -XX:GCTimeRatio=4 -XX:AdaptiveSizePolicyWeight=90 -Dsun.zip.disableMemoryMapping=true -Xmx1G -Xms100m -Xlog:disable -javaagent:c:\Users\asher\.vscode\extensions\redhat.java-1.37.0-win32-x64\lombok\lombok-1.18.34.jar c:\Users\asher\.vscode\extensions\redhat.java-1.37.0-win32-x64\server\plugins\org.eclipse.equinox.launcher_1.6.900.v20240613-2009.jar -configuration c:\Users\asher\AppData\Roaming\Code\User\globalStorage\redhat.java\1.37.0\config_ss_win -data c:\Users\asher\AppData\Roaming\Code\User\workspaceStorage\f2fe6b8f2dfb1372ca09c69c4d0f5be1\redhat.java\ss_ws --pipe=\\.\pipe\lsp-5c4f7819a555d6ffdb6530d6d179a225-sock

Host: Intel(R) Core(TM) i7-8550U CPU @ 1.80GHz, 8 cores, 7G,  Windows 10 , 64 bit Build 19041 (10.0.19041.5072)
Time: Fri Dec  6 18:02:22 2024 Eastern Standard Time elapsed time: 9.799583 seconds (0d 0h 0m 9s)

---------------  T H R E A D  ---------------

Current thread (0x000001c160c17020):  JavaThread "C2 CompilerThread0" daemon [_thread_in_native, id=12240, stack(0x00000007db300000,0x00000007db400000)]


Current CompileTask:
C2:   9799 3599   !   4       org.eclipse.osgi.internal.loader.classpath.ClasspathManager::findLocalClass (210 bytes)

Stack: [0x00000007db300000,0x00000007db400000]
Native frames: (J=compiled Java code, j=interpreted, Vv=VM code, C=native code)
V  [jvm.dll+0x682a19]
V  [jvm.dll+0x839538]
V  [jvm.dll+0x83afe3]
V  [jvm.dll+0x83b653]
V  [jvm.dll+0x24704f]
V  [jvm.dll+0xace34]
V  [jvm.dll+0xad4cc]
V  [jvm.dll+0x36592f]
V  [jvm.dll+0x1ba793]
V  [jvm.dll+0x2181a7]
V  [jvm.dll+0x21748f]
V  [jvm.dll+0x1a3070]
V  [jvm.dll+0x22788c]
V  [jvm.dll+0x2259eb]
V  [jvm.dll+0x7eec98]
V  [jvm.dll+0x7e8ffc]
V  [jvm.dll+0x6818f7]
C  [ucrtbase.dll+0x21bb2]
C  [KERNEL32.DLL+0x17374]
C  [ntdll.dll+0x4cc91]


---------------  P R O C E S S  ---------------

Threads class SMR info:
_java_thread_list=0x000001c163177130, length=42, elements={
0x000001c1479c13c0, 0x000001c147a76c40, 0x000001c15b85a720, 0x000001c160c0aa00,
0x000001c160c0b880, 0x000001c160c10a30, 0x000001c160c14320, 0x000001c160c17020,
0x000001c160c30a30, 0x000001c160c79fd0, 0x000001c147a23fb0, 0x000001c160f09570,
0x000001c1623c7f30, 0x000001c162351140, 0x000001c1623518f0, 0x000001c162386820,
0x000001c1624d1a20, 0x000001c1624d1f30, 0x000001c1624d3370, 0x000001c1624d2440,
0x000001c1624d2950, 0x000001c1624d2e60, 0x000001c1624d47b0, 0x000001c1624d3880,
0x000001c1624d1000, 0x000001c1624d3d90, 0x000001c1624d42a0, 0x000001c1624d1510,
0x000001c1638714f0, 0x000001c163874790, 0x000001c163873860, 0x000001c163874ca0,
0x000001c1638700b0, 0x000001c163876b00, 0x000001c163871f10, 0x000001c163877010,
0x000001c163873350, 0x000001c163877520, 0x000001c163873d70, 0x000001c163875bd0,
0x000001c1638751b0, 0x000001c1621bdcb0
}

Java Threads: ( => current thread )
  0x000001c1479c13c0 JavaThread "main" [_thread_blocked, id=17452, stack(0x00000007daa00000,0x00000007dab00000)]
  0x000001c147a76c40 JavaThread "Reference Handler" daemon [_thread_blocked, id=23316, stack(0x00000007dad00000,0x00000007dae00000)]
  0x000001c15b85a720 JavaThread "Finalizer" daemon [_thread_blocked, id=8844, stack(0x00000007dae00000,0x00000007daf00000)]
  0x000001c160c0aa00 JavaThread "Signal Dispatcher" daemon [_thread_blocked, id=13424, stack(0x00000007daf00000,0x00000007db000000)]
  0x000001c160c0b880 JavaThread "Attach Listener" daemon [_thread_blocked, id=22584, stack(0x00000007db000000,0x00000007db100000)]
  0x000001c160c10a30 JavaThread "Service Thread" daemon [_thread_blocked, id=22492, stack(0x00000007db100000,0x00000007db200000)]
  0x000001c160c14320 JavaThread "Monitor Deflation Thread" daemon [_thread_blocked, id=2176, stack(0x00000007db200000,0x00000007db300000)]
=>0x000001c160c17020 JavaThread "C2 CompilerThread0" daemon [_thread_in_native, id=12240, stack(0x00000007db300000,0x00000007db400000)]
  0x000001c160c30a30 JavaThread "C1 CompilerThread0" daemon [_thread_blocked, id=14816, stack(0x00000007db400000,0x00000007db500000)]
  0x000001c160c79fd0 JavaThread "Sweeper thread" daemon [_thread_blocked, id=2524, stack(0x00000007db500000,0x00000007db600000)]
  0x000001c147a23fb0 JavaThread "Common-Cleaner" daemon [_thread_blocked, id=12248, stack(0x00000007db600000,0x00000007db700000)]
  0x000001c160f09570 JavaThread "Notification Thread" daemon [_thread_blocked, id=22532, stack(0x00000007db700000,0x00000007db800000)]
  0x000001c1623c7f30 JavaThread "Active Thread: Equinox Container: 5f68e1b8-a8f1-4410-8dc2-84642a005a72" [_thread_blocked, id=1160, stack(0x00000007dc000000,0x00000007dc100000)]
  0x000001c162351140 JavaThread "Framework Event Dispatcher: Equinox Container: 5f68e1b8-a8f1-4410-8dc2-84642a005a72" daemon [_thread_blocked, id=22972, stack(0x00000007dc200000,0x00000007dc300000)]
  0x000001c1623518f0 JavaThread "Start Level: Equinox Container: 5f68e1b8-a8f1-4410-8dc2-84642a005a72" daemon [_thread_blocked, id=22644, stack(0x00000007dc300000,0x00000007dc400000)]
  0x000001c162386820 JavaThread "SCR Component Actor" daemon [_thread_blocked, id=18340, stack(0x00000007dc400000,0x00000007dc500000)]
  0x000001c1624d1a20 JavaThread "Worker-JM" [_thread_blocked, id=18508, stack(0x00000007dc500000,0x00000007dc600000)]
  0x000001c1624d1f30 JavaThread "JNA Cleaner" daemon [_thread_blocked, id=12704, stack(0x00000007dc600000,0x00000007dc700000)]
  0x000001c1624d3370 JavaThread "Worker-0" [_thread_blocked, id=20588, stack(0x00000007dc700000,0x00000007dc800000)]
  0x000001c1624d2440 JavaThread "Worker-1" [_thread_blocked, id=11608, stack(0x00000007dc800000,0x00000007dc900000)]
  0x000001c1624d2950 JavaThread "Worker-2: Building" [_thread_blocked, id=22880, stack(0x00000007dca00000,0x00000007dcb00000)]
  0x000001c1624d2e60 JavaThread "Thread-2" daemon [_thread_in_native, id=912, stack(0x00000007dcb00000,0x00000007dcc00000)]
  0x000001c1624d47b0 JavaThread "Thread-3" daemon [_thread_in_native, id=21680, stack(0x00000007dcc00000,0x00000007dcd00000)]
  0x000001c1624d3880 JavaThread "Thread-4" daemon [_thread_in_native, id=7144, stack(0x00000007dcd00000,0x00000007dce00000)]
  0x000001c1624d1000 JavaThread "Thread-5" daemon [_thread_in_native, id=8800, stack(0x00000007dce00000,0x00000007dcf00000)]
  0x000001c1624d3d90 JavaThread "Thread-6" daemon [_thread_in_native, id=23344, stack(0x00000007dcf00000,0x00000007dd000000)]
  0x000001c1624d42a0 JavaThread "Thread-7" daemon [_thread_in_native, id=18320, stack(0x00000007dd000000,0x00000007dd100000)]
  0x000001c1624d1510 JavaThread "Thread-8" daemon [_thread_in_native, id=21760, stack(0x00000007dd100000,0x00000007dd200000)]
  0x000001c1638714f0 JavaThread "Thread-9" daemon [_thread_in_native, id=23024, stack(0x00000007dd200000,0x00000007dd300000)]
  0x000001c163874790 JavaThread "Thread-10" daemon [_thread_in_native, id=21080, stack(0x00000007dd300000,0x00000007dd400000)]
  0x000001c163873860 JavaThread "pool-2-thread-1" [_thread_blocked, id=22444, stack(0x00000007dd400000,0x00000007dd500000)]
  0x000001c163874ca0 JavaThread "WorkspaceEventsHandler" [_thread_blocked, id=13856, stack(0x00000007dd500000,0x00000007dd600000)]
  0x000001c1638700b0 JavaThread "pool-1-thread-1" [_thread_in_Java, id=16060, stack(0x00000007dd600000,0x00000007dd700000)]
  0x000001c163876b00 JavaThread "ForkJoinPool.commonPool-worker-1" daemon [_thread_blocked, id=22564, stack(0x00000007dc900000,0x00000007dca00000)]
  0x000001c163871f10 JavaThread "ForkJoinPool.commonPool-worker-2" daemon [_thread_blocked, id=3344, stack(0x00000007dd700000,0x00000007dd800000)]
  0x000001c163877010 JavaThread "Compiler Source File Reader" daemon [_thread_blocked, id=7404, stack(0x00000007dbf00000,0x00000007dc000000)]
  0x000001c163873350 JavaThread "Compiler Source File Reader" daemon [_thread_blocked, id=20880, stack(0x00000007dd800000,0x00000007dd900000)]
  0x000001c163877520 JavaThread "Compiler Source File Reader" daemon [_thread_blocked, id=9168, stack(0x00000007dd900000,0x00000007dda00000)]
  0x000001c163873d70 JavaThread "Compiler Source File Reader" daemon [_thread_blocked, id=21164, stack(0x00000007dda00000,0x00000007ddb00000)]
  0x000001c163875bd0 JavaThread "Compiler Source File Reader" daemon [_thread_blocked, id=17836, stack(0x00000007ddb00000,0x00000007ddc00000)]
  0x000001c1638751b0 JavaThread "Compiler Source File Reader" daemon [_thread_blocked, id=4352, stack(0x00000007ddc00000,0x00000007ddd00000)]
  0x000001c1621bdcb0 JavaThread "C2 CompilerThread1" daemon [_thread_in_native, id=14224, stack(0x00000007ddd00000,0x00000007dde00000)]

Other Threads:
  0x000001c15b859cd0 VMThread "VM Thread" [stack: 0x00000007dac00000,0x00000007dad00000] [id=22652]
  0x000001c160f11370 WatcherThread [stack: 0x00000007db800000,0x00000007db900000] [id=19644]
  0x000001c1479d6850 GCTaskThread "GC Thread#0" [stack: 0x00000007dab00000,0x00000007dac00000] [id=5720]
  0x000001c161b01890 GCTaskThread "GC Thread#1" [stack: 0x00000007db900000,0x00000007dba00000] [id=12668]
  0x000001c161c0b950 GCTaskThread "GC Thread#2" [stack: 0x00000007dba00000,0x00000007dbb00000] [id=5952]
  0x000001c161beff70 GCTaskThread "GC Thread#3" [stack: 0x00000007dbb00000,0x00000007dbc00000] [id=5812]
  0x000001c161bf0230 GCTaskThread "GC Thread#4" [stack: 0x00000007dbc00000,0x00000007dbd00000] [id=148]
  0x000001c161bf04f0 GCTaskThread "GC Thread#5" [stack: 0x00000007dbd00000,0x00000007dbe00000] [id=22432]
  0x000001c161bf07b0 GCTaskThread "GC Thread#6" [stack: 0x00000007dbe00000,0x00000007dbf00000] [id=3068]
  0x000001c16231c3e0 GCTaskThread "GC Thread#7" [stack: 0x00000007dc100000,0x00000007dc200000] [id=21280]

Threads with active compile tasks:
C2 CompilerThread0     9844 3599   !   4       org.eclipse.osgi.internal.loader.classpath.ClasspathManager::findLocalClass (210 bytes)
C2 CompilerThread1     9844 3698       4       jdk.internal.jimage.ImageLocation::verify (218 bytes)

VM state: not at safepoint (normal execution)

VM Mutex/Monitor currently owned by a thread: None

Heap address: 0x00000000c0000000, size: 1024 MB, Compressed Oops mode: 32-bit

CDS archive(s) not mapped
Compressed class space mapped at: 0x0000000100000000-0x0000000140000000, reserved size: 1073741824
Narrow klass base: 0x0000000000000000, Narrow klass shift: 3, Narrow klass range: 0x140000000

GC Precious Log:
 CPUs: 8 total, 8 available
 Memory: 8103M
 Large Page Support: Disabled
 NUMA Support: Disabled
 Compressed Oops: Enabled (32-bit)
 Alignments: Space 512K, Generation 512K, Heap 2M
 Heap Min Capacity: 100M
 Heap Initial Capacity: 100M
 Heap Max Capacity: 1G
 Pre-touch: Disabled
 Parallel Workers: 8

Heap:
 PSYoungGen      total 23552K, used 8302K [0x00000000eab00000, 0x00000000ec580000, 0x0000000100000000)
  eden space 22528K, 32% used [0x00000000eab00000,0x00000000eb2239c0,0x00000000ec100000)
  from space 1024K, 96% used [0x00000000ec280000,0x00000000ec378030,0x00000000ec380000)
  to   space 1536K, 0% used [0x00000000ec400000,0x00000000ec400000,0x00000000ec580000)
 ParOldGen       total 68608K, used 13613K [0x00000000c0000000, 0x00000000c4300000, 0x00000000eab00000)
  object space 68608K, 19% used [0x00000000c0000000,0x00000000c0d4b708,0x00000000c4300000)
 Metaspace       used 41354K, committed 41984K, reserved 1114112K
  class space    used 4219K, committed 4480K, reserved 1048576K

Card table byte_map: [0x000001c147360000,0x000001c147570000] _byte_map_base: 0x000001c146d60000

Marking Bits: (ParMarkBitMap*) 0x00007ffa2a906940
 Begin Bits: [0x000001c159660000, 0x000001c15a660000)
 End Bits:   [0x000001c15a660000, 0x000001c15b660000)

Polling page: 0x000001c145940000

Metaspace:

Usage:
  Non-class:     36.26 MB used.
      Class:      4.12 MB used.
       Both:     40.38 MB used.

Virtual space:
  Non-class space:       64.00 MB reserved,      36.62 MB ( 57%) committed,  1 nodes.
      Class space:        1.00 GB reserved,       4.38 MB ( <1%) committed,  1 nodes.
             Both:        1.06 GB reserved,      41.00 MB (  4%) committed. 

Chunk freelists:
   Non-Class:  10.44 MB
       Class:  11.50 MB
        Both:  21.94 MB

MaxMetaspaceSize: unlimited
CompressedClassSpaceSize: 1.00 GB
Initial GC threshold: 21.00 MB
Current GC threshold: 58.38 MB
CDS: off
MetaspaceReclaimPolicy: balanced
 - commit_granule_bytes: 65536.
 - commit_granule_words: 8192.
 - virtual_space_node_default_size: 8388608.
 - enlarge_chunks_in_place: 1.
 - new_chunks_are_fully_committed: 0.
 - uncommit_free_chunks: 1.
 - use_allocation_guard: 0.
 - handle_deallocations: 1.


Internal statistics:

num_allocs_failed_limit: 6.
num_arena_births: 396.
num_arena_deaths: 14.
num_vsnodes_births: 2.
num_vsnodes_deaths: 0.
num_space_committed: 656.
num_space_uncommitted: 0.
num_chunks_returned_to_freelist: 20.
num_chunks_taken_from_freelist: 1745.
num_chunk_merges: 8.
num_chunk_splits: 1128.
num_chunks_enlarged: 737.
num_inconsistent_stats: 0.

CodeHeap 'non-profiled nmethods': size=120000Kb used=1771Kb max_used=1771Kb free=118228Kb
 bounds [0x000001c152130000, 0x000001c1523a0000, 0x000001c159660000]
CodeHeap 'profiled nmethods': size=120000Kb used=7370Kb max_used=7370Kb free=112630Kb
 bounds [0x000001c14a660000, 0x000001c14ada0000, 0x000001c151b90000]
CodeHeap 'non-nmethods': size=5760Kb used=1307Kb max_used=1347Kb free=4452Kb
 bounds [0x000001c151b90000, 0x000001c151e00000, 0x000001c152130000]
 total_blobs=4337 nmethods=3692 adapters=558
 compilation: enabled
              stopped_count=0, restarted_count=0
 full_count=0

Compilation events (20 events):
Event: 9.537 Thread 0x000001c160c30a30 3688   !   3       sun.net.www.protocol.jar.JarFileFactory::getCachedJarFile (149 bytes)
Event: 9.539 Thread 0x000001c160c30a30 nmethod 3688 0x000001c14ad8af90 code [0x000001c14ad8b240, 0x000001c14ad8c1c8]
Event: 9.560 Thread 0x000001c160c30a30 3689       3       org.eclipse.osgi.internal.loader.BundleLoader::findLocalResource (9 bytes)
Event: 9.561 Thread 0x000001c160c30a30 nmethod 3689 0x000001c14ad8c710 code [0x000001c14ad8c8c0, 0x000001c14ad8cbd8]
Event: 9.561 Thread 0x000001c160c30a30 3690       3       org.eclipse.osgi.internal.loader.ModuleClassLoader::findLocalResource (9 bytes)
Event: 9.561 Thread 0x000001c160c30a30 nmethod 3690 0x000001c14ad8cd10 code [0x000001c14ad8cec0, 0x000001c14ad8d028]
Event: 9.582 Thread 0x000001c160c30a30 3691   !   3       sun.net.www.protocol.jar.JarURLConnection::connect (196 bytes)
Event: 9.584 Thread 0x000001c160c30a30 nmethod 3691 0x000001c14ad8d110 code [0x000001c14ad8d420, 0x000001c14ad8e4c8]
Event: 9.592 Thread 0x000001c160c30a30 3692       3       org.eclipse.osgi.internal.loader.BundleLoader::getResourcePackageName (57 bytes)
Event: 9.593 Thread 0x000001c160c30a30 nmethod 3692 0x000001c14ad8ea10 code [0x000001c14ad8eca0, 0x000001c14ad8f7f8]
Event: 9.651 Thread 0x000001c160c30a30 3693       3       sun.net.www.protocol.jar.Handler::openConnection (10 bytes)
Event: 9.652 Thread 0x000001c160c30a30 nmethod 3693 0x000001c14ad8fc10 code [0x000001c14ad8fdc0, 0x000001c14ad8ff68]
Event: 9.652 Thread 0x000001c160c30a30 3694       3       sun.net.www.protocol.jar.JarURLConnection::<init> (44 bytes)
Event: 9.652 Thread 0x000001c160c30a30 nmethod 3694 0x000001c14ad90010 code [0x000001c14ad90200, 0x000001c14ad90758]
Event: 9.652 Thread 0x000001c160c30a30 3695       3       java.net.JarURLConnection::<init> (11 bytes)
Event: 9.653 Thread 0x000001c160c30a30 nmethod 3695 0x000001c14ad90990 code [0x000001c14ad90b40, 0x000001c14ad90cb8]
Event: 9.655 Thread 0x000001c160c30a30 3696   !   3       sun.net.www.protocol.jar.JarURLConnection$JarURLInputStream::close (51 bytes)
Event: 9.656 Thread 0x000001c160c30a30 nmethod 3696 0x000001c14ad90d90 code [0x000001c14ad90fa0, 0x000001c14ad91688]
Event: 9.662 Thread 0x000001c160c30a30 3697       3       sun.net.www.protocol.jar.JarURLConnection$JarURLInputStream::<init> (11 bytes)
Event: 9.662 Thread 0x000001c160c30a30 nmethod 3697 0x000001c14ad91990 code [0x000001c14ad91b40, 0x000001c14ad91d98]

GC Heap History (20 events):
Event: 3.095 GC heap before
{Heap before GC invocations=4 (full 0):
 PSYoungGen      total 29696K, used 11403K [0x00000000eab00000, 0x00000000ecc00000, 0x0000000100000000)
  eden space 25600K, 28% used [0x00000000eab00000,0x00000000eb225550,0x00000000ec400000)
  from space 4096K, 99% used [0x00000000ec400000,0x00000000ec7fd7d8,0x00000000ec800000)
  to   space 4096K, 0% used [0x00000000ec800000,0x00000000ec800000,0x00000000ecc00000)
 ParOldGen       total 68608K, used 2587K [0x00000000c0000000, 0x00000000c4300000, 0x00000000eab00000)
  object space 68608K, 3% used [0x00000000c0000000,0x00000000c0286ed0,0x00000000c4300000)
 Metaspace       used 21135K, committed 21504K, reserved 1114112K
  class space    used 2153K, committed 2304K, reserved 1048576K
}
Event: 3.099 GC heap after
{Heap after GC invocations=4 (full 0):
 PSYoungGen      total 29696K, used 4070K [0x00000000eab00000, 0x00000000ecc00000, 0x0000000100000000)
  eden space 25600K, 0% used [0x00000000eab00000,0x00000000eab00000,0x00000000ec400000)
  from space 4096K, 99% used [0x00000000ec800000,0x00000000ecbf9908,0x00000000ecc00000)
  to   space 4096K, 0% used [0x00000000ec400000,0x00000000ec400000,0x00000000ec800000)
 ParOldGen       total 68608K, used 2979K [0x00000000c0000000, 0x00000000c4300000, 0x00000000eab00000)
  object space 68608K, 4% used [0x00000000c0000000,0x00000000c02e8ed0,0x00000000c4300000)
 Metaspace       used 21135K, committed 21504K, reserved 1114112K
  class space    used 2153K, committed 2304K, reserved 1048576K
}
Event: 3.099 GC heap before
{Heap before GC invocations=5 (full 1):
 PSYoungGen      total 29696K, used 4070K [0x00000000eab00000, 0x00000000ecc00000, 0x0000000100000000)
  eden space 25600K, 0% used [0x00000000eab00000,0x00000000eab00000,0x00000000ec400000)
  from space 4096K, 99% used [0x00000000ec800000,0x00000000ecbf9908,0x00000000ecc00000)
  to   space 4096K, 0% used [0x00000000ec400000,0x00000000ec400000,0x00000000ec800000)
 ParOldGen       total 68608K, used 2979K [0x00000000c0000000, 0x00000000c4300000, 0x00000000eab00000)
  object space 68608K, 4% used [0x00000000c0000000,0x00000000c02e8ed0,0x00000000c4300000)
 Metaspace       used 21135K, committed 21504K, reserved 1114112K
  class space    used 2153K, committed 2304K, reserved 1048576K
}
Event: 3.127 GC heap after
{Heap after GC invocations=5 (full 1):
 PSYoungGen      total 29696K, used 0K [0x00000000eab00000, 0x00000000ecc00000, 0x0000000100000000)
  eden space 25600K, 0% used [0x00000000eab00000,0x00000000eab00000,0x00000000ec400000)
  from space 4096K, 0% used [0x00000000ec800000,0x00000000ec800000,0x00000000ecc00000)
  to   space 4096K, 0% used [0x00000000ec400000,0x00000000ec400000,0x00000000ec800000)
 ParOldGen       total 68608K, used 6905K [0x00000000c0000000, 0x00000000c4300000, 0x00000000eab00000)
  object space 68608K, 10% used [0x00000000c0000000,0x00000000c06be470,0x00000000c4300000)
 Metaspace       used 21122K, committed 21504K, reserved 1114112K
  class space    used 2149K, committed 2304K, reserved 1048576K
}
Event: 3.783 GC heap before
{Heap before GC invocations=6 (full 1):
 PSYoungGen      total 29696K, used 25600K [0x00000000eab00000, 0x00000000ecc00000, 0x0000000100000000)
  eden space 25600K, 100% used [0x00000000eab00000,0x00000000ec400000,0x00000000ec400000)
  from space 4096K, 0% used [0x00000000ec800000,0x00000000ec800000,0x00000000ecc00000)
  to   space 4096K, 0% used [0x00000000ec400000,0x00000000ec400000,0x00000000ec800000)
 ParOldGen       total 68608K, used 6905K [0x00000000c0000000, 0x00000000c4300000, 0x00000000eab00000)
  object space 68608K, 10% used [0x00000000c0000000,0x00000000c06be470,0x00000000c4300000)
 Metaspace       used 24009K, committed 24512K, reserved 1114112K
  class space    used 2438K, committed 2624K, reserved 1048576K
}
Event: 3.784 GC heap after
{Heap after GC invocations=6 (full 1):
 PSYoungGen      total 26112K, used 873K [0x00000000eab00000, 0x00000000ec880000, 0x0000000100000000)
  eden space 25088K, 0% used [0x00000000eab00000,0x00000000eab00000,0x00000000ec380000)
  from space 1024K, 85% used [0x00000000ec400000,0x00000000ec4da448,0x00000000ec500000)
  to   space 2560K, 0% used [0x00000000ec600000,0x00000000ec600000,0x00000000ec880000)
 ParOldGen       total 68608K, used 6913K [0x00000000c0000000, 0x00000000c4300000, 0x00000000eab00000)
  object space 68608K, 10% used [0x00000000c0000000,0x00000000c06c0470,0x00000000c4300000)
 Metaspace       used 24009K, committed 24512K, reserved 1114112K
  class space    used 2438K, committed 2624K, reserved 1048576K
}
Event: 4.041 GC heap before
{Heap before GC invocations=7 (full 1):
 PSYoungGen      total 26112K, used 25961K [0x00000000eab00000, 0x00000000ec880000, 0x0000000100000000)
  eden space 25088K, 100% used [0x00000000eab00000,0x00000000ec380000,0x00000000ec380000)
  from space 1024K, 85% used [0x00000000ec400000,0x00000000ec4da448,0x00000000ec500000)
  to   space 2560K, 0% used [0x00000000ec600000,0x00000000ec600000,0x00000000ec880000)
 ParOldGen       total 68608K, used 6913K [0x00000000c0000000, 0x00000000c4300000, 0x00000000eab00000)
  object space 68608K, 10% used [0x00000000c0000000,0x00000000c06c0470,0x00000000c4300000)
 Metaspace       used 27939K, committed 28352K, reserved 1114112K
  class space    used 2715K, committed 2880K, reserved 1048576K
}
Event: 4.044 GC heap after
{Heap after GC invocations=7 (full 1):
 PSYoungGen      total 26624K, used 1966K [0x00000000eab00000, 0x00000000ec800000, 0x0000000100000000)
  eden space 24576K, 0% used [0x00000000eab00000,0x00000000eab00000,0x00000000ec300000)
  from space 2048K, 96% used [0x00000000ec600000,0x00000000ec7eb930,0x00000000ec800000)
  to   space 2560K, 0% used [0x00000000ec300000,0x00000000ec300000,0x00000000ec580000)
 ParOldGen       total 68608K, used 7702K [0x00000000c0000000, 0x00000000c4300000, 0x00000000eab00000)
  object space 68608K, 11% used [0x00000000c0000000,0x00000000c0785980,0x00000000c4300000)
 Metaspace       used 27939K, committed 28352K, reserved 1114112K
  class space    used 2715K, committed 2880K, reserved 1048576K
}
Event: 4.480 GC heap before
{Heap before GC invocations=8 (full 1):
 PSYoungGen      total 26624K, used 26542K [0x00000000eab00000, 0x00000000ec800000, 0x0000000100000000)
  eden space 24576K, 100% used [0x00000000eab00000,0x00000000ec300000,0x00000000ec300000)
  from space 2048K, 96% used [0x00000000ec600000,0x00000000ec7eb930,0x00000000ec800000)
  to   space 2560K, 0% used [0x00000000ec300000,0x00000000ec300000,0x00000000ec580000)
 ParOldGen       total 68608K, used 7702K [0x00000000c0000000, 0x00000000c4300000, 0x00000000eab00000)
  object space 68608K, 11% used [0x00000000c0000000,0x00000000c0785980,0x00000000c4300000)
 Metaspace       used 30507K, committed 31040K, reserved 1114112K
  class space    used 2955K, committed 3136K, reserved 1048576K
}
Event: 4.483 GC heap after
{Heap after GC invocations=8 (full 1):
 PSYoungGen      total 26624K, used 2534K [0x00000000eab00000, 0x00000000eca80000, 0x0000000100000000)
  eden space 24064K, 0% used [0x00000000eab00000,0x00000000eab00000,0x00000000ec280000)
  from space 2560K, 99% used [0x00000000ec300000,0x00000000ec579be0,0x00000000ec580000)
  to   space 4096K, 0% used [0x00000000ec680000,0x00000000ec680000,0x00000000eca80000)
 ParOldGen       total 68608K, used 8585K [0x00000000c0000000, 0x00000000c4300000, 0x00000000eab00000)
  object space 68608K, 12% used [0x00000000c0000000,0x00000000c0862590,0x00000000c4300000)
 Metaspace       used 30507K, committed 31040K, reserved 1114112K
  class space    used 2955K, committed 3136K, reserved 1048576K
}
Event: 4.994 GC heap before
{Heap before GC invocations=9 (full 1):
 PSYoungGen      total 26624K, used 26598K [0x00000000eab00000, 0x00000000eca80000, 0x0000000100000000)
  eden space 24064K, 100% used [0x00000000eab00000,0x00000000ec280000,0x00000000ec280000)
  from space 2560K, 99% used [0x00000000ec300000,0x00000000ec579be0,0x00000000ec580000)
  to   space 4096K, 0% used [0x00000000ec680000,0x00000000ec680000,0x00000000eca80000)
 ParOldGen       total 68608K, used 8585K [0x00000000c0000000, 0x00000000c4300000, 0x00000000eab00000)
  object space 68608K, 12% used [0x00000000c0000000,0x00000000c0862590,0x00000000c4300000)
 Metaspace       used 34213K, committed 34880K, reserved 1114112K
  class space    used 3408K, committed 3648K, reserved 1048576K
}
Event: 4.998 GC heap after
{Heap after GC invocations=9 (full 1):
 PSYoungGen      total 27648K, used 3820K [0x00000000eab00000, 0x00000000eca80000, 0x0000000100000000)
  eden space 23552K, 0% used [0x00000000eab00000,0x00000000eab00000,0x00000000ec200000)
  from space 4096K, 93% used [0x00000000ec680000,0x00000000eca3b190,0x00000000eca80000)
  to   space 4096K, 0% used [0x00000000ec280000,0x00000000ec280000,0x00000000ec680000)
 ParOldGen       total 68608K, used 8593K [0x00000000c0000000, 0x00000000c4300000, 0x00000000eab00000)
  object space 68608K, 12% used [0x00000000c0000000,0x00000000c0864590,0x00000000c4300000)
 Metaspace       used 34213K, committed 34880K, reserved 1114112K
  class space    used 3408K, committed 3648K, reserved 1048576K
}
Event: 5.072 GC heap before
{Heap before GC invocations=10 (full 1):
 PSYoungGen      total 27648K, used 9480K [0x00000000eab00000, 0x00000000eca80000, 0x0000000100000000)
  eden space 23552K, 24% used [0x00000000eab00000,0x00000000eb086f50,0x00000000ec200000)
  from space 4096K, 93% used [0x00000000ec680000,0x00000000eca3b190,0x00000000eca80000)
  to   space 4096K, 0% used [0x00000000ec280000,0x00000000ec280000,0x00000000ec680000)
 ParOldGen       total 68608K, used 8593K [0x00000000c0000000, 0x00000000c4300000, 0x00000000eab00000)
  object space 68608K, 12% used [0x00000000c0000000,0x00000000c0864590,0x00000000c4300000)
 Metaspace       used 35203K, committed 35840K, reserved 1114112K
  class space    used 3517K, committed 3776K, reserved 1048576K
}
Event: 5.077 GC heap after
{Heap after GC invocations=10 (full 1):
 PSYoungGen      total 26112K, used 2358K [0x00000000eab00000, 0x00000000ec800000, 0x0000000100000000)
  eden space 23552K, 0% used [0x00000000eab00000,0x00000000eab00000,0x00000000ec200000)
  from space 2560K, 92% used [0x00000000ec280000,0x00000000ec4cda78,0x00000000ec500000)
  to   space 3072K, 0% used [0x00000000ec500000,0x00000000ec500000,0x00000000ec800000)
 ParOldGen       total 68608K, used 10172K [0x00000000c0000000, 0x00000000c4300000, 0x00000000eab00000)
  object space 68608K, 14% used [0x00000000c0000000,0x00000000c09ef2f0,0x00000000c4300000)
 Metaspace       used 35203K, committed 35840K, reserved 1114112K
  class space    used 3517K, committed 3776K, reserved 1048576K
}
Event: 5.077 GC heap before
{Heap before GC invocations=11 (full 2):
 PSYoungGen      total 26112K, used 2358K [0x00000000eab00000, 0x00000000ec800000, 0x0000000100000000)
  eden space 23552K, 0% used [0x00000000eab00000,0x00000000eab00000,0x00000000ec200000)
  from space 2560K, 92% used [0x00000000ec280000,0x00000000ec4cda78,0x00000000ec500000)
  to   space 3072K, 0% used [0x00000000ec500000,0x00000000ec500000,0x00000000ec800000)
 ParOldGen       total 68608K, used 10172K [0x00000000c0000000, 0x00000000c4300000, 0x00000000eab00000)
  object space 68608K, 14% used [0x00000000c0000000,0x00000000c09ef2f0,0x00000000c4300000)
 Metaspace       used 35203K, committed 35840K, reserved 1114112K
  class space    used 3517K, committed 3776K, reserved 1048576K
}
Event: 5.111 GC heap after
{Heap after GC invocations=11 (full 2):
 PSYoungGen      total 26112K, used 0K [0x00000000eab00000, 0x00000000ec800000, 0x0000000100000000)
  eden space 23552K, 0% used [0x00000000eab00000,0x00000000eab00000,0x00000000ec200000)
  from space 2560K, 0% used [0x00000000ec280000,0x00000000ec280000,0x00000000ec500000)
  to   space 3072K, 0% used [0x00000000ec500000,0x00000000ec500000,0x00000000ec800000)
 ParOldGen       total 68608K, used 12246K [0x00000000c0000000, 0x00000000c4300000, 0x00000000eab00000)
  object space 68608K, 17% used [0x00000000c0000000,0x00000000c0bf5900,0x00000000c4300000)
 Metaspace       used 35203K, committed 35840K, reserved 1114112K
  class space    used 3517K, committed 3776K, reserved 1048576K
}
Event: 8.110 GC heap before
{Heap before GC invocations=12 (full 2):
 PSYoungGen      total 26112K, used 23541K [0x00000000eab00000, 0x00000000ec800000, 0x0000000100000000)
  eden space 23552K, 99% used [0x00000000eab00000,0x00000000ec1fd788,0x00000000ec200000)
  from space 2560K, 0% used [0x00000000ec280000,0x00000000ec280000,0x00000000ec500000)
  to   space 3072K, 0% used [0x00000000ec500000,0x00000000ec500000,0x00000000ec800000)
 ParOldGen       total 68608K, used 12246K [0x00000000c0000000, 0x00000000c4300000, 0x00000000eab00000)
  object space 68608K, 17% used [0x00000000c0000000,0x00000000c0bf5900,0x00000000c4300000)
 Metaspace       used 38682K, committed 39296K, reserved 1114112K
  class space    used 3925K, committed 4160K, reserved 1048576K
}
Event: 8.112 GC heap after
{Heap after GC invocations=12 (full 2):
 PSYoungGen      total 24576K, used 1532K [0x00000000eab00000, 0x00000000ec680000, 0x0000000100000000)
  eden space 23040K, 0% used [0x00000000eab00000,0x00000000eab00000,0x00000000ec180000)
  from space 1536K, 99% used [0x00000000ec500000,0x00000000ec67f380,0x00000000ec680000)
  to   space 2048K, 0% used [0x00000000ec280000,0x00000000ec280000,0x00000000ec480000)
 ParOldGen       total 68608K, used 12254K [0x00000000c0000000, 0x00000000c4300000, 0x00000000eab00000)
  object space 68608K, 17% used [0x00000000c0000000,0x00000000c0bf7900,0x00000000c4300000)
 Metaspace       used 38682K, committed 39296K, reserved 1114112K
  class space    used 3925K, committed 4160K, reserved 1048576K
}
Event: 9.435 GC heap before
{Heap before GC invocations=13 (full 2):
 PSYoungGen      total 24576K, used 24572K [0x00000000eab00000, 0x00000000ec680000, 0x0000000100000000)
  eden space 23040K, 100% used [0x00000000eab00000,0x00000000ec180000,0x00000000ec180000)
  from space 1536K, 99% used [0x00000000ec500000,0x00000000ec67f380,0x00000000ec680000)
  to   space 2048K, 0% used [0x00000000ec280000,0x00000000ec280000,0x00000000ec480000)
 ParOldGen       total 68608K, used 12254K [0x00000000c0000000, 0x00000000c4300000, 0x00000000eab00000)
  object space 68608K, 17% used [0x00000000c0000000,0x00000000c0bf7900,0x00000000c4300000)
 Metaspace       used 40801K, committed 41472K, reserved 1114112K
  class space    used 4177K, committed 4480K, reserved 1048576K
}
Event: 9.439 GC heap after
{Heap after GC invocations=13 (full 2):
 PSYoungGen      total 23552K, used 992K [0x00000000eab00000, 0x00000000ec580000, 0x0000000100000000)
  eden space 22528K, 0% used [0x00000000eab00000,0x00000000eab00000,0x00000000ec100000)
  from space 1024K, 96% used [0x00000000ec280000,0x00000000ec378030,0x00000000ec380000)
  to   space 1536K, 0% used [0x00000000ec400000,0x00000000ec400000,0x00000000ec580000)
 ParOldGen       total 68608K, used 13613K [0x00000000c0000000, 0x00000000c4300000, 0x00000000eab00000)
  object space 68608K, 19% used [0x00000000c0000000,0x00000000c0d4b708,0x00000000c4300000)
 Metaspace       used 40801K, committed 41472K, reserved 1114112K
  class space    used 4177K, committed 4480K, reserved 1048576K
}

Dll operation events (10 events):
Event: 0.011 Loaded shared library c:\Users\asher\.vscode\extensions\redhat.java-1.37.0-win32-x64\jre\17.0.13-win32-x86_64\bin\java.dll
Event: 0.256 Loaded shared library c:\Users\asher\.vscode\extensions\redhat.java-1.37.0-win32-x64\jre\17.0.13-win32-x86_64\bin\zip.dll
Event: 0.263 Loaded shared library C:\Users\asher\.vscode\extensions\redhat.java-1.37.0-win32-x64\jre\17.0.13-win32-x86_64\bin\instrument.dll
Event: 0.279 Loaded shared library C:\Users\asher\.vscode\extensions\redhat.java-1.37.0-win32-x64\jre\17.0.13-win32-x86_64\bin\net.dll
Event: 0.282 Loaded shared library C:\Users\asher\.vscode\extensions\redhat.java-1.37.0-win32-x64\jre\17.0.13-win32-x86_64\bin\nio.dll
Event: 0.293 Loaded shared library C:\Users\asher\.vscode\extensions\redhat.java-1.37.0-win32-x64\jre\17.0.13-win32-x86_64\bin\zip.dll
Event: 0.321 Loaded shared library C:\Users\asher\.vscode\extensions\redhat.java-1.37.0-win32-x64\jre\17.0.13-win32-x86_64\bin\jimage.dll
Event: 0.442 Loaded shared library c:\Users\asher\.vscode\extensions\redhat.java-1.37.0-win32-x64\jre\17.0.13-win32-x86_64\bin\verify.dll
Event: 2.129 Loaded shared library C:\Users\asher\AppData\Roaming\Code\User\globalStorage\redhat.java\1.37.0\config_ss_win\org.eclipse.equinox.launcher\org.eclipse.equinox.launcher.win32.win32.x86_64_1.2.1100.v20240722-2106\eclipse_11904.dll
Event: 3.540 Loaded shared library C:\Users\asher\AppData\Local\Temp\jna-93110691\jna5428703094395555594.dll

Deoptimization events (20 events):
Event: 8.932 Thread 0x000001c1638700b0 DEOPT PACKING pc=0x000001c14ab29ea1 sp=0x00000007dd6f9830
Event: 8.933 Thread 0x000001c1638700b0 DEOPT UNPACKING pc=0x000001c151be6e43 sp=0x00000007dd6f8ce0 mode 0
Event: 8.993 Thread 0x000001c1638700b0 DEOPT PACKING pc=0x000001c14ab29ea1 sp=0x00000007dd6f8d10
Event: 8.993 Thread 0x000001c1638700b0 DEOPT UNPACKING pc=0x000001c151be6e43 sp=0x00000007dd6f81c0 mode 0
Event: 9.185 Thread 0x000001c1638700b0 DEOPT PACKING pc=0x000001c14a6d4261 sp=0x00000007dd6f88d0
Event: 9.185 Thread 0x000001c1638700b0 DEOPT UNPACKING pc=0x000001c151be6e43 sp=0x00000007dd6f7dc8 mode 0
Event: 9.346 Thread 0x000001c1624d2950 Uncommon trap: trap_request=0xffffffde fr.pc=0x000001c1521b2e00 relative=0x0000000000000680
Event: 9.346 Thread 0x000001c1624d2950 Uncommon trap: reason=class_check action=maybe_recompile pc=0x000001c1521b2e00 method=java.util.HashMap.computeIfAbsent(Ljava/lang/Object;Ljava/util/function/Function;)Ljava/lang/Object; @ 188 c2
Event: 9.346 Thread 0x000001c1624d2950 DEOPT PACKING pc=0x000001c1521b2e00 sp=0x00000007dcafeb80
Event: 9.346 Thread 0x000001c1624d2950 DEOPT UNPACKING pc=0x000001c151be66a3 sp=0x00000007dcafeb28 mode 2
Event: 9.360 Thread 0x000001c1624d2950 DEOPT PACKING pc=0x000001c14a6d4261 sp=0x00000007dcafe6b0
Event: 9.360 Thread 0x000001c1624d2950 DEOPT UNPACKING pc=0x000001c151be6e43 sp=0x00000007dcafdba8 mode 0
Event: 9.440 Thread 0x000001c1624d2950 DEOPT PACKING pc=0x000001c14a6d4261 sp=0x00000007dcafe620
Event: 9.440 Thread 0x000001c1624d2950 DEOPT UNPACKING pc=0x000001c151be6e43 sp=0x00000007dcafdb18 mode 0
Event: 9.440 Thread 0x000001c1624d2950 Uncommon trap: trap_request=0xffffffc6 fr.pc=0x000001c15225109c relative=0x0000000000000edc
Event: 9.440 Thread 0x000001c1624d2950 Uncommon trap: reason=bimorphic_or_optimized_type_check action=maybe_recompile pc=0x000001c15225109c method=java.util.HashMap.putVal(ILjava/lang/Object;Ljava/lang/Object;ZZ)Ljava/lang/Object; @ 203 c2
Event: 9.440 Thread 0x000001c1624d2950 DEOPT PACKING pc=0x000001c15225109c sp=0x00000007dcafeab0
Event: 9.440 Thread 0x000001c1624d2950 DEOPT UNPACKING pc=0x000001c151be66a3 sp=0x00000007dcafe948 mode 2
Event: 9.536 Thread 0x000001c1638700b0 DEOPT PACKING pc=0x000001c14a6d4261 sp=0x00000007dd6fb4d0
Event: 9.536 Thread 0x000001c1638700b0 DEOPT UNPACKING pc=0x000001c151be6e43 sp=0x00000007dd6fa9c8 mode 0

Classes loaded (20 events):
Event: 7.956 Loading class java/util/concurrent/ForkJoinPool$DefaultCommonPoolForkJoinWorkerThreadFactory$1
Event: 7.956 Loading class java/util/concurrent/ForkJoinPool$DefaultCommonPoolForkJoinWorkerThreadFactory$1 done
Event: 7.957 Loading class java/util/concurrent/CompletableFuture$UniAccept
Event: 7.957 Loading class java/util/concurrent/CompletableFuture$UniAccept done
Event: 7.957 Loading class java/util/concurrent/CompletableFuture$UniExceptionally
Event: 7.957 Loading class java/util/concurrent/CompletableFuture$UniExceptionally done
Event: 7.965 Loading class java/nio/file/InvalidPathException
Event: 7.965 Loading class java/nio/file/InvalidPathException done
Event: 7.982 Loading class java/util/regex/Pattern$BackRef
Event: 7.983 Loading class java/util/regex/Pattern$BackRef done
Event: 8.004 Loading class java/util/ArrayDeque$DeqSpliterator
Event: 8.004 Loading class java/util/ArrayDeque$DeqSpliterator done
Event: 8.023 Loading class java/lang/ExceptionInInitializerError
Event: 8.023 Loading class java/lang/ExceptionInInitializerError done
Event: 8.264 Loading class java/util/WeakHashMap$KeyIterator
Event: 8.264 Loading class java/util/WeakHashMap$KeyIterator done
Event: 9.325 Loading class java/util/zip/CheckedInputStream
Event: 9.325 Loading class java/util/zip/CheckedInputStream done
Event: 9.486 Loading class java/util/Vector$1
Event: 9.487 Loading class java/util/Vector$1 done

Classes unloaded (7 events):
Event: 3.103 Thread 0x000001c15b859cd0 Unloading class 0x000000010021bc00 'java/lang/invoke/LambdaForm$MH+0x000000010021bc00'
Event: 3.103 Thread 0x000001c15b859cd0 Unloading class 0x000000010021b800 'java/lang/invoke/LambdaForm$MH+0x000000010021b800'
Event: 3.103 Thread 0x000001c15b859cd0 Unloading class 0x000000010021b400 'java/lang/invoke/LambdaForm$MH+0x000000010021b400'
Event: 3.103 Thread 0x000001c15b859cd0 Unloading class 0x000000010021b000 'java/lang/invoke/LambdaForm$MH+0x000000010021b000'
Event: 3.103 Thread 0x000001c15b859cd0 Unloading class 0x000000010021ac00 'java/lang/invoke/LambdaForm$BMH+0x000000010021ac00'
Event: 3.103 Thread 0x000001c15b859cd0 Unloading class 0x000000010021a800 'java/lang/invoke/LambdaForm$DMH+0x000000010021a800'
Event: 3.103 Thread 0x000001c15b859cd0 Unloading class 0x0000000100211400 'java/lang/invoke/LambdaForm$DMH+0x0000000100211400'

Classes redefined (0 events):
No events

Internal exceptions (20 events):
Event: 5.124 Thread 0x000001c1624d2440 Exception <a 'java/lang/NoSuchMethodError'{0x00000000eabf68a0}: 'java.lang.Object java.lang.invoke.DirectMethodHandle$Holder.invokeSpecial(java.lang.Object, java.lang.Object, java.lang.Object, java.lang.Object, int)'> (0x00000000eabf68a0) 
thrown [s\src\hotspot\share\interpreter\linkResolver.cpp, line 759]
Event: 5.124 Thread 0x000001c1624d2440 Exception <a 'java/lang/NoSuchMethodError'{0x00000000eabf9fa8}: 'java.lang.Object java.lang.invoke.Invokers$Holder.linkToTargetMethod(java.lang.Object, java.lang.Object, int, java.lang.Object)'> (0x00000000eabf9fa8) 
thrown [s\src\hotspot\share\interpreter\linkResolver.cpp, line 759]
Event: 5.126 Thread 0x000001c1624d2440 Exception <a 'java/lang/NoSuchMethodError'{0x00000000eac23468}: 'void java.lang.invoke.DirectMethodHandle$Holder.invokeStaticInit(java.lang.Object, java.lang.Object, java.lang.Object)'> (0x00000000eac23468) 
thrown [s\src\hotspot\share\interpreter\linkResolver.cpp, line 759]
Event: 5.134 Thread 0x000001c1479c13c0 Exception <a 'java/lang/NoSuchMethodError'{0x00000000eac8d058}: 'void java.lang.invoke.DirectMethodHandle$Holder.invokeSpecial(java.lang.Object, java.lang.Object, java.lang.Object, java.lang.Object, java.lang.Object, java.lang.Object)'> (0x00000000eac8d058) 
thrown [s\src\hotspot\share\interpreter\linkResolver.cpp, line 759]
Event: 5.135 Thread 0x000001c1479c13c0 Exception <a 'java/lang/IncompatibleClassChangeError'{0x00000000eac96908}: Found class java.lang.Object, but interface was expected> (0x00000000eac96908) 
thrown [s\src\hotspot\share\interpreter\linkResolver.cpp, line 826]
Event: 5.198 Thread 0x000001c1479c13c0 Exception <a 'java/lang/NoSuchMethodError'{0x00000000eae30438}: 'java.lang.Object java.lang.invoke.DirectMethodHandle$Holder.invokeStatic(java.lang.Object, int, java.lang.Object)'> (0x00000000eae30438) 
thrown [s\src\hotspot\share\interpreter\linkResolver.cpp, line 759]
Event: 7.762 Thread 0x000001c1638700b0 Exception <a 'java/io/FileNotFoundException'{0x00000000eb41f580}> (0x00000000eb41f580) 
thrown [s\src\hotspot\share\prims\jni.cpp, line 516]
Event: 7.836 Thread 0x000001c1638700b0 Exception <a 'sun/nio/fs/WindowsException'{0x00000000eb5a0ae0}> (0x00000000eb5a0ae0) 
thrown [s\src\hotspot\share\prims\jni.cpp, line 516]
Event: 7.970 Thread 0x000001c163876b00 Exception <a 'java/lang/NoSuchMethodError'{0x00000000eb9e8fe0}: 'java.lang.Object java.lang.invoke.DirectMethodHandle$Holder.invokeInterface(java.lang.Object, java.lang.Object, java.lang.Object)'> (0x00000000eb9e8fe0) 
thrown [s\src\hotspot\share\interpreter\linkResolver.cpp, line 759]
Event: 7.970 Thread 0x000001c163871f10 Exception <a 'java/lang/NoSuchMethodError'{0x00000000eb9db638}: 'java.lang.Object java.lang.invoke.DirectMethodHandle$Holder.invokeInterface(java.lang.Object, java.lang.Object, java.lang.Object)'> (0x00000000eb9db638) 
thrown [s\src\hotspot\share\interpreter\linkResolver.cpp, line 759]
Event: 7.970 Thread 0x000001c1638700b0 Exception <a 'java/lang/NoSuchMethodError'{0x00000000eb997bc0}: 'java.lang.Object java.lang.invoke.DirectMethodHandle$Holder.invokeInterface(java.lang.Object, java.lang.Object, java.lang.Object)'> (0x00000000eb997bc0) 
thrown [s\src\hotspot\share\interpreter\linkResolver.cpp, line 759]
Event: 8.003 Thread 0x000001c1624d2440 Exception <a 'java/lang/NoSuchMethodError'{0x00000000ebb88f48}: 'java.lang.Object java.lang.invoke.DirectMethodHandle$Holder.newInvokeSpecial(java.lang.Object, java.lang.Object, java.lang.Object, java.lang.Object, java.lang.Object, java.lang.Object)'> (0x00000000ebb88f48) 
thrown [s\src\hotspot\share\interpreter\linkResolver.cpp, line 759]
Event: 8.265 Thread 0x000001c1638700b0 Exception <a 'java/io/FileNotFoundException'{0x00000000eae251a8}> (0x00000000eae251a8) 
thrown [s\src\hotspot\share\prims\jni.cpp, line 516]
Event: 8.266 Thread 0x000001c1638700b0 Exception <a 'java/io/FileNotFoundException'{0x00000000eae26438}> (0x00000000eae26438) 
thrown [s\src\hotspot\share\prims\jni.cpp, line 516]
Event: 8.266 Thread 0x000001c1638700b0 Exception <a 'java/io/FileNotFoundException'{0x00000000eae27440}> (0x00000000eae27440) 
thrown [s\src\hotspot\share\prims\jni.cpp, line 516]
Event: 9.101 Thread 0x000001c1624d2950 Exception <a 'java/io/FileNotFoundException'{0x00000000eb7c19e8}> (0x00000000eb7c19e8) 
thrown [s\src\hotspot\share\prims\jni.cpp, line 516]
Event: 9.102 Thread 0x000001c1624d2950 Exception <a 'java/io/FileNotFoundException'{0x00000000eb7c29d8}> (0x00000000eb7c29d8) 
thrown [s\src\hotspot\share\prims\jni.cpp, line 516]
Event: 9.103 Thread 0x000001c1624d2950 Exception <a 'java/io/FileNotFoundException'{0x00000000eb7c41e0}> (0x00000000eb7c41e0) 
thrown [s\src\hotspot\share\prims\jni.cpp, line 516]
Event: 9.103 Thread 0x000001c1624d2950 Exception <a 'java/io/FileNotFoundException'{0x00000000eb7c5700}> (0x00000000eb7c5700) 
thrown [s\src\hotspot\share\prims\jni.cpp, line 516]
Event: 9.104 Thread 0x000001c1624d2950 Exception <a 'java/io/FileNotFoundException'{0x00000000eb7c6710}> (0x00000000eb7c6710) 
thrown [s\src\hotspot\share\prims\jni.cpp, line 516]

VM Operations (20 events):
Event: 5.072 Executing VM operation: CollectForMetadataAllocation
Event: 5.111 Executing VM operation: CollectForMetadataAllocation done
Event: 6.111 Executing VM operation: Cleanup
Event: 6.111 Executing VM operation: Cleanup done
Event: 7.743 Executing VM operation: HandshakeAllThreads
Event: 7.743 Executing VM operation: HandshakeAllThreads done
Event: 7.743 Executing VM operation: Cleanup
Event: 7.744 Executing VM operation: Cleanup done
Event: 8.008 Executing VM operation: HandshakeAllThreads
Event: 8.009 Executing VM operation: HandshakeAllThreads done
Event: 8.012 Executing VM operation: HandshakeAllThreads
Event: 8.012 Executing VM operation: HandshakeAllThreads done
Event: 8.012 Executing VM operation: HandshakeAllThreads
Event: 8.012 Executing VM operation: HandshakeAllThreads done
Event: 8.110 Executing VM operation: ParallelGCFailedAllocation
Event: 8.112 Executing VM operation: ParallelGCFailedAllocation done
Event: 9.113 Executing VM operation: Cleanup
Event: 9.113 Executing VM operation: Cleanup done
Event: 9.435 Executing VM operation: ParallelGCFailedAllocation
Event: 9.439 Executing VM operation: ParallelGCFailedAllocation done

Memory protections (0 events):
No events

Nmethod flushes (0 events):
No events

Events (20 events):
Event: 4.826 Thread 0x000001c1479c13c0 Thread added: 0x000001c163874790
Event: 4.857 Thread 0x000001c1479c13c0 Thread added: 0x000001c163873860
Event: 5.160 Thread 0x000001c1479c13c0 Thread added: 0x000001c163874ca0
Event: 5.160 Thread 0x000001c1479c13c0 Thread added: 0x000001c1638700b0
Event: 5.174 Thread 0x000001c160c30a30 Thread added: 0x000001c162e073e0
Event: 5.822 Thread 0x000001c162e073e0 Thread exited: 0x000001c162e073e0
Event: 5.822 Thread 0x000001c162571010 Thread exited: 0x000001c162571010
Event: 7.957 Thread 0x000001c1638700b0 Thread added: 0x000001c163876b00
Event: 7.960 Thread 0x000001c1638700b0 Thread added: 0x000001c163871f10
Event: 8.107 Thread 0x000001c160c30a30 Thread added: 0x000001c162acfbc0
Event: 8.123 Thread 0x000001c160c30a30 Thread added: 0x000001c162946830
Event: 8.348 Thread 0x000001c162946830 Thread exited: 0x000001c162946830
Event: 8.365 Thread 0x000001c162acfbc0 Thread exited: 0x000001c162acfbc0
Event: 8.633 Thread 0x000001c1623468b0 Thread exited: 0x000001c1623468b0
Event: 9.457 Thread 0x000001c1624d2950 Thread added: 0x000001c163877010
Event: 9.457 Thread 0x000001c1624d2950 Thread added: 0x000001c163873350
Event: 9.457 Thread 0x000001c1624d2950 Thread added: 0x000001c163877520
Event: 9.457 Thread 0x000001c1624d2950 Thread added: 0x000001c163873d70
Event: 9.458 Thread 0x000001c1624d2950 Thread added: 0x000001c163875bd0
Event: 9.458 Thread 0x000001c1624d2950 Thread added: 0x000001c1638751b0


Dynamic libraries:
0x00007ff6083d0000 - 0x00007ff6083de000 	c:\Users\asher\.vscode\extensions\redhat.java-1.37.0-win32-x64\jre\17.0.13-win32-x86_64\bin\java.exe
0x00007ffab2ff0000 - 0x00007ffab31e8000 	C:\WINDOWS\SYSTEM32\ntdll.dll
0x00007ffab1ed0000 - 0x00007ffab1f92000 	C:\WINDOWS\System32\KERNEL32.DLL
0x00007ffab0710000 - 0x00007ffab0a0e000 	C:\WINDOWS\System32\KERNELBASE.dll
0x00007ffab0ce0000 - 0x00007ffab0de0000 	C:\WINDOWS\System32\ucrtbase.dll
0x00007ffaa0500000 - 0x00007ffaa0517000 	c:\Users\asher\.vscode\extensions\redhat.java-1.37.0-win32-x64\jre\17.0.13-win32-x86_64\bin\jli.dll
0x00007ffa9b2a0000 - 0x00007ffa9b2be000 	c:\Users\asher\.vscode\extensions\redhat.java-1.37.0-win32-x64\jre\17.0.13-win32-x86_64\bin\VCRUNTIME140.dll
0x00007ffab1d30000 - 0x00007ffab1ecd000 	C:\WINDOWS\System32\USER32.dll
0x00007ffab06e0000 - 0x00007ffab0702000 	C:\WINDOWS\System32\win32u.dll
0x00007ffa9f970000 - 0x00007ffa9fc0a000 	C:\WINDOWS\WinSxS\amd64_microsoft.windows.common-controls_6595b64144ccf1df_6.0.19041.4355_none_60b8b9eb71f62e16\COMCTL32.dll
0x00007ffab1010000 - 0x00007ffab103b000 	C:\WINDOWS\System32\GDI32.dll
0x00007ffab2880000 - 0x00007ffab291e000 	C:\WINDOWS\System32\msvcrt.dll
0x00007ffab0aa0000 - 0x00007ffab0bb7000 	C:\WINDOWS\System32\gdi32full.dll
0x00007ffab0f70000 - 0x00007ffab100d000 	C:\WINDOWS\System32\msvcp_win.dll
0x00007ffab1660000 - 0x00007ffab168f000 	C:\WINDOWS\System32\IMM32.DLL
0x00007ffaa6460000 - 0x00007ffaa646c000 	c:\Users\asher\.vscode\extensions\redhat.java-1.37.0-win32-x64\jre\17.0.13-win32-x86_64\bin\vcruntime140_1.dll
0x00007ffa917f0000 - 0x00007ffa9187d000 	c:\Users\asher\.vscode\extensions\redhat.java-1.37.0-win32-x64\jre\17.0.13-win32-x86_64\bin\msvcp140.dll
0x00007ffa29d60000 - 0x00007ffa2a9cb000 	c:\Users\asher\.vscode\extensions\redhat.java-1.37.0-win32-x64\jre\17.0.13-win32-x86_64\bin\server\jvm.dll
0x00007ffab15a0000 - 0x00007ffab1651000 	C:\WINDOWS\System32\ADVAPI32.dll
0x00007ffab1c20000 - 0x00007ffab1cbf000 	C:\WINDOWS\System32\sechost.dll
0x00007ffab1470000 - 0x00007ffab1593000 	C:\WINDOWS\System32\RPCRT4.dll
0x00007ffab0de0000 - 0x00007ffab0e07000 	C:\WINDOWS\System32\bcrypt.dll
0x00007ffab1bb0000 - 0x00007ffab1c1b000 	C:\WINDOWS\System32\WS2_32.dll
0x00007ffaafbb0000 - 0x00007ffaafbfb000 	C:\WINDOWS\SYSTEM32\POWRPROF.dll
0x00007ffa98530000 - 0x00007ffa98557000 	C:\WINDOWS\SYSTEM32\WINMM.dll
0x00007ffaa5010000 - 0x00007ffaa501a000 	C:\WINDOWS\SYSTEM32\VERSION.dll
0x00007ffaafa60000 - 0x00007ffaafa72000 	C:\WINDOWS\SYSTEM32\UMPDC.dll
0x00007ffaaee80000 - 0x00007ffaaee92000 	C:\WINDOWS\SYSTEM32\kernel.appcore.dll
0x00007ffaa63c0000 - 0x00007ffaa63ca000 	c:\Users\asher\.vscode\extensions\redhat.java-1.37.0-win32-x64\jre\17.0.13-win32-x86_64\bin\jimage.dll
0x00007ffaae3a0000 - 0x00007ffaae584000 	C:\WINDOWS\SYSTEM32\DBGHELP.DLL
0x00007ffaa5590000 - 0x00007ffaa55c4000 	C:\WINDOWS\SYSTEM32\dbgcore.DLL
0x00007ffab0a10000 - 0x00007ffab0a92000 	C:\WINDOWS\System32\bcryptPrimitives.dll
0x00007ffaa3f80000 - 0x00007ffaa3f8e000 	c:\Users\asher\.vscode\extensions\redhat.java-1.37.0-win32-x64\jre\17.0.13-win32-x86_64\bin\instrument.dll
0x00007ffa91d60000 - 0x00007ffa91d85000 	c:\Users\asher\.vscode\extensions\redhat.java-1.37.0-win32-x64\jre\17.0.13-win32-x86_64\bin\java.dll
0x00007ffa98310000 - 0x00007ffa98328000 	c:\Users\asher\.vscode\extensions\redhat.java-1.37.0-win32-x64\jre\17.0.13-win32-x86_64\bin\zip.dll
0x00007ffab2110000 - 0x00007ffab287d000 	C:\WINDOWS\System32\SHELL32.dll
0x00007ffaae590000 - 0x00007ffaaed34000 	C:\WINDOWS\SYSTEM32\windows.storage.dll
0x00007ffab2c50000 - 0x00007ffab2fa3000 	C:\WINDOWS\System32\combase.dll
0x00007ffab00c0000 - 0x00007ffab00ee000 	C:\WINDOWS\SYSTEM32\Wldp.dll
0x00007ffab1fb0000 - 0x00007ffab207d000 	C:\WINDOWS\System32\OLEAUT32.dll
0x00007ffab1690000 - 0x00007ffab173d000 	C:\WINDOWS\System32\SHCORE.dll
0x00007ffab1040000 - 0x00007ffab1095000 	C:\WINDOWS\System32\shlwapi.dll
0x00007ffab05c0000 - 0x00007ffab05e4000 	C:\WINDOWS\SYSTEM32\profapi.dll
0x00007ffa97430000 - 0x00007ffa97449000 	C:\Users\asher\.vscode\extensions\redhat.java-1.37.0-win32-x64\jre\17.0.13-win32-x86_64\bin\net.dll
0x00007ffaa3df0000 - 0x00007ffaa3efd000 	C:\WINDOWS\SYSTEM32\WINHTTP.dll
0x00007ffaafe00000 - 0x00007ffaafe6a000 	C:\WINDOWS\system32\mswsock.dll
0x00007ffa96470000 - 0x00007ffa96486000 	C:\Users\asher\.vscode\extensions\redhat.java-1.37.0-win32-x64\jre\17.0.13-win32-x86_64\bin\nio.dll
0x00007ffaa30a0000 - 0x00007ffaa30b0000 	c:\Users\asher\.vscode\extensions\redhat.java-1.37.0-win32-x64\jre\17.0.13-win32-x86_64\bin\verify.dll
0x00007ffa91bc0000 - 0x00007ffa91c05000 	C:\Users\asher\AppData\Roaming\Code\User\globalStorage\redhat.java\1.37.0\config_ss_win\org.eclipse.equinox.launcher\org.eclipse.equinox.launcher.win32.win32.x86_64_1.2.1100.v20240722-2106\eclipse_11904.dll
0x00007ffab10a0000 - 0x00007ffab11cb000 	C:\WINDOWS\System32\ole32.dll
0x00007ffab0020000 - 0x00007ffab0038000 	C:\WINDOWS\SYSTEM32\CRYPTSP.dll
0x00007ffaaf690000 - 0x00007ffaaf6c4000 	C:\WINDOWS\system32\rsaenh.dll
0x00007ffab0540000 - 0x00007ffab056e000 	C:\WINDOWS\SYSTEM32\USERENV.dll
0x00007ffab0010000 - 0x00007ffab001c000 	C:\WINDOWS\SYSTEM32\CRYPTBASE.dll
0x00007ffaafa80000 - 0x00007ffaafabb000 	C:\WINDOWS\SYSTEM32\IPHLPAPI.DLL
0x00007ffab1d20000 - 0x00007ffab1d28000 	C:\WINDOWS\System32\NSI.dll
0x00007ffaa4e90000 - 0x00007ffaa4ea7000 	C:\WINDOWS\SYSTEM32\dhcpcsvc6.DLL
0x00007ffaa6290000 - 0x00007ffaa62ad000 	C:\WINDOWS\SYSTEM32\dhcpcsvc.DLL
0x00007ffaafad0000 - 0x00007ffaafb9a000 	C:\WINDOWS\SYSTEM32\DNSAPI.dll
0x00007ffa90580000 - 0x00007ffa905c9000 	C:\Users\asher\AppData\Local\Temp\jna-93110691\jna5428703094395555594.dll
0x00007ffab2b30000 - 0x00007ffab2b38000 	C:\WINDOWS\System32\PSAPI.DLL

dbghelp: loaded successfully - version: 4.0.5 - missing functions: none
symbol engine: initialized successfully - sym options: 0x614 - pdb path: .;c:\Users\asher\.vscode\extensions\redhat.java-1.37.0-win32-x64\jre\17.0.13-win32-x86_64\bin;C:\WINDOWS\SYSTEM32;C:\WINDOWS\WinSxS\amd64_microsoft.windows.common-controls_6595b64144ccf1df_6.0.19041.4355_none_60b8b9eb71f62e16;c:\Users\asher\.vscode\extensions\redhat.java-1.37.0-win32-x64\jre\17.0.13-win32-x86_64\bin\server;C:\Users\asher\AppData\Roaming\Code\User\globalStorage\redhat.java\1.37.0\config_ss_win\org.eclipse.equinox.launcher\org.eclipse.equinox.launcher.win32.win32.x86_64_1.2.1100.v20240722-2106;C:\Users\asher\AppData\Local\Temp\jna-93110691

VM Arguments:
jvm_args: --add-modules=ALL-SYSTEM --add-opens=java.base/java.util=ALL-UNNAMED --add-opens=java.base/java.lang=ALL-UNNAMED --add-opens=java.base/sun.nio.fs=ALL-UNNAMED -Declipse.application=org.eclipse.jdt.ls.core.id1 -Dosgi.bundles.defaultStartLevel=4 -Declipse.product=org.eclipse.jdt.ls.core.product -Djava.import.generatesMetadataFilesAtProjectRoot=false -DDetectVMInstallationsJob.disabled=true -Dfile.encoding=utf8 -XX:+UseParallelGC -XX:GCTimeRatio=4 -XX:AdaptiveSizePolicyWeight=90 -Dsun.zip.disableMemoryMapping=true -Xmx1G -Xms100m -Xlog:disable -javaagent:c:\Users\asher\.vscode\extensions\redhat.java-1.37.0-win32-x64\lombok\lombok-1.18.34.jar 
java_command: c:\Users\asher\.vscode\extensions\redhat.java-1.37.0-win32-x64\server\plugins\org.eclipse.equinox.launcher_1.6.900.v20240613-2009.jar -configuration c:\Users\asher\AppData\Roaming\Code\User\globalStorage\redhat.java\1.37.0\config_ss_win -data c:\Users\asher\AppData\Roaming\Code\User\workspaceStorage\f2fe6b8f2dfb1372ca09c69c4d0f5be1\redhat.java\ss_ws --pipe=\\.\pipe\lsp-5c4f7819a555d6ffdb6530d6d179a225-sock
java_class_path (initial): c:\Users\asher\.vscode\extensions\redhat.java-1.37.0-win32-x64\server\plugins\org.eclipse.equinox.launcher_1.6.900.v20240613-2009.jar
Launcher Type: SUN_STANDARD

[Global flags]
    uintx AdaptiveSizePolicyWeight                 = 90                                        {product} {command line}
     intx CICompilerCount                          = 4                                         {product} {ergonomic}
    uintx GCTimeRatio                              = 4                                         {product} {command line}
   size_t InitialHeapSize                          = 104857600                                 {product} {command line}
   size_t MaxHeapSize                              = 1073741824                                {product} {command line}
   size_t MaxNewSize                               = 357564416                                 {product} {ergonomic}
   size_t MinHeapDeltaBytes                        = 524288                                    {product} {ergonomic}
   size_t MinHeapSize                              = 104857600                                 {product} {command line}
   size_t NewSize                                  = 34603008                                  {product} {ergonomic}
    uintx NonNMethodCodeHeapSize                   = 5839372                                {pd product} {ergonomic}
    uintx NonProfiledCodeHeapSize                  = 122909434                              {pd product} {ergonomic}
   size_t OldSize                                  = 70254592                                  {product} {ergonomic}
    uintx ProfiledCodeHeapSize                     = 122909434                              {pd product} {ergonomic}
    uintx ReservedCodeCacheSize                    = 251658240                              {pd product} {ergonomic}
     bool SegmentedCodeCache                       = true                                      {product} {ergonomic}
   size_t SoftMaxHeapSize                          = 1073741824                             {manageable} {ergonomic}
     bool UseCompressedClassPointers               = true                           {product lp64_product} {ergonomic}
     bool UseCompressedOops                        = true                           {product lp64_product} {ergonomic}
     bool UseLargePagesIndividualAllocation        = false                                  {pd product} {ergonomic}
     bool UseParallelGC                            = true                                      {product} {command line}

Logging:
Log output configuration:
 #0: stdout all=off uptime,level,tags
 #1: stderr all=off uptime,level,tags

Environment Variables:
PATH=C:\pf86\Common Files\Oracle\Java\javapath;C:\pf86\Intel\Intel(R) Management Engine Components\iCLS\;C:\pf\Intel\Intel(R) Management Engine Components\iCLS\;C:\WINDOWS\system32;C:\WINDOWS;C:\WINDOWS\System32\Wbem;C:\WINDOWS\System32\WindowsPowerShell\v1.0\;C:\WINDOWS\System32\OpenSSH\;C:\pf\Intel\WiFi\bin\;C:\pf\Common Files\Intel\WirelessCommon\;C:\pf86\Intel\Intel(R) Management Engine Components\DAL;C:\pf\Intel\Intel(R) Management Engine Components\DAL;C:\pf86\Intel\Intel(R) Management Engine Components\IPT;C:\pf\Intel\Intel(R) Management Engine Components\IPT;C:\pf\dotnet\;C:\pf\nodejs\;C:\pf\Git\cmd;C:\pf\WireGuard\;C:\pf\Docker\Docker\resources\bin;C:\pf\Tailscale\;C:\pf86\Windows Kits\10\Windows Performance Toolkit\;C:\pf\Go\bin;C:\pf\Cloudflare\Cloudflare WARP\;C:\Users\asher\AppData\Local\Programs\Microsoft VS Code\Code.exe;C:\Program Files\Cloudflare\Cloudflare WARP\;C:\Users\asher\AppData\Local\Programs\Eclipse Adoptium\jdk-8.0.422.5-hotspot\bin;C:\Ruby32-x64\bin;C:\pf86\Common Files\Oracle\Java\javapath;C:\pf86\Intel\Intel(R) Management Engine Components\iCLS\;C:\pf\Intel\Intel(R) Management Engine Components\iCLS\;C:\WINDOWS\system32;C:\WINDOWS;C:\WINDOWS\System32\Wbem;C:\WINDOWS\System32\WindowsPowerShell\v1.0\;C:\WINDOWS\System32\OpenSSH\;C:\pf\Intel\WiFi\bin\;C:\pf\Common Files\Intel\WirelessCommon\;C:\pf86\Intel\Intel(R) Management Engine Components\DAL;C:\pf\Intel\Intel(R) Management Engine Components\DAL;C:\pf86\Intel\Intel(R) Management Engine Components\IPT;C:\pf\Intel\Intel(R) Management Engine Components\IPT;C:\pf\dotnet\;C:\pf\nodejs\;C:\pf\Git\cmd;C:\pf\WireGuard\;C:\pf\Docker\Docker\resources\bin;C:\pf\Tailscale\;C:\pf86\Windows Kits\10\Windows Performance Toolkit\;C:\pf\Go\bin;C:\pf\Cloudflare\Cloudflare WARP\;C:\Users\asher\AppData\Local\Programs\Microsoft VS Code\Code.exe;C:\pf86\Common Files\Oracle\Java\javapath;C:\pf86\Intel\Intel(R) Management Engine Components\iCLS\;C:\pf\Intel\Intel(R) Management Engine Components\iCLS\;C:\WIND;C:\U
USERNAME=asher
OS=Windows_NT
PROCESSOR_IDENTIFIER=Intel64 Family 6 Model 142 Stepping 10, GenuineIntel
TMP=C:\Users\asher\AppData\Local\Temp
TEMP=C:\Users\asher\AppData\Local\Temp



Periodic native trim disabled


---------------  S Y S T E M  ---------------

OS:
 Windows 10 , 64 bit Build 19041 (10.0.19041.5072)
OS uptime: 9 days 1:29 hours
Hyper-V role detected

CPU: total 8 (initial active 8) (4 cores per cpu, 2 threads per core) family 6 model 142 stepping 10 microcode 0xb4, cx8, cmov, fxsr, ht, mmx, 3dnowpref, sse, sse2, sse3, ssse3, sse4.1, sse4.2, popcnt, lzcnt, tsc, tscinvbit, avx, avx2, aes, erms, clmul, bmi1, bmi2, adx, fma, vzeroupper, clflush, clflushopt, hv
Processor Information for all 8 processors :
  Max Mhz: 1992, Current Mhz: 1792, Mhz Limit: 1792

Memory: 4k page, system-wide physical 8103M (571M free)
TotalPageFile size 16295M (AvailPageFile size 3M)
current process WorkingSet (physical memory assigned to process): 164M, peak: 165M
current process commit charge ("private bytes"): 263M, peak: 265M

vm_info: OpenJDK 64-Bit Server VM (17.0.13+11) for windows-amd64 JRE (17.0.13+11), built on Oct 16 2024 00:10:08 by "admin" with MS VC++ 17.7 (VS2022)

END.
