#
# There is insufficient memory for the Java Runtime Environment to continue.
# Native memory allocation (malloc) failed to allocate 829216 bytes. Error detail: Chunk::new
# Possible reasons:
#   The system is out of physical RAM or swap space
#   This process is running with CompressedOops enabled, and the Java Heap may be blocking the growth of the native heap
# Possible solutions:
#   Reduce memory load on the system
#   Increase physical memory or swap space
#   Check if swap backing store is full
#   Decrease Java heap size (-Xmx/-Xms)
#   Decrease number of Java threads
#   Decrease Java thread stack sizes (-Xss)
#   Set larger code cache with -XX:ReservedCodeCacheSize=
#   JVM is running with Unscaled Compressed Oops mode in which the Java heap is
#     placed in the first 4GB address space. The Java Heap base address is the
#     maximum limit for the native heap growth. Please use -XX:HeapBaseMinAddress
#     to set the Java Heap base and to place the Java Heap above 4GB virtual address.
# This output file may be truncated or incomplete.
#
#  Out of Memory Error (arena.cpp:191), pid=21180, tid=22344
#
# JRE version: OpenJDK Runtime Environment Temurin-17.0.13+11 (17.0.13+11) (build 17.0.13+11)
# Java VM: OpenJDK 64-Bit Server VM Temurin-17.0.13+11 (17.0.13+11, mixed mode, tiered, compressed oops, compressed class ptrs, parallel gc, windows-amd64)
# No core dump will be written. Minidumps are not enabled by default on client versions of Windows
#

---------------  S U M M A R Y ------------

Command Line: --add-modules=ALL-SYSTEM --add-opens=java.base/java.util=ALL-UNNAMED --add-opens=java.base/java.lang=ALL-UNNAMED --add-opens=java.base/sun.nio.fs=ALL-UNNAMED -Declipse.application=org.eclipse.jdt.ls.core.id1 -Dosgi.bundles.defaultStartLevel=4 -Declipse.product=org.eclipse.jdt.ls.core.product -Djava.import.generatesMetadataFilesAtProjectRoot=false -DDetectVMInstallationsJob.disabled=true -Dfile.encoding=utf8 -XX:+UseParallelGC -XX:GCTimeRatio=4 -XX:AdaptiveSizePolicyWeight=90 -Dsun.zip.disableMemoryMapping=true -Xmx1G -Xms100m -Xlog:disable -javaagent:c:\Users\asher\.vscode\extensions\redhat.java-1.37.0-win32-x64\lombok\lombok-1.18.34.jar -XX:+HeapDumpOnOutOfMemoryError -XX:HeapDumpPath=c:\Users\asher\AppData\Roaming\Code\User\workspaceStorage\f2fe6b8f2dfb1372ca09c69c4d0f5be1\redhat.java -Daether.dependencyCollector.impl=bf c:\Users\asher\.vscode\extensions\redhat.java-1.37.0-win32-x64\server\plugins\org.eclipse.equinox.launcher_1.6.900.v20240613-2009.jar -configuration c:\Users\asher\AppData\Roaming\Code\User\globalStorage\redhat.java\1.37.0\config_win -data c:\Users\asher\AppData\Roaming\Code\User\workspaceStorage\f2fe6b8f2dfb1372ca09c69c4d0f5be1\redhat.java\jdt_ws --pipe=\\.\pipe\lsp-7cf9b249ee0c1db6e49ee03849c9a3c6-sock

Host: Intel(R) Core(TM) i7-8550U CPU @ 1.80GHz, 8 cores, 7G,  Windows 10 , 64 bit Build 19041 (10.0.19041.5072)
Time: Fri Dec  6 18:02:19 2024 Eastern Standard Time elapsed time: 7.406226 seconds (0d 0h 0m 7s)

---------------  T H R E A D  ---------------

Current thread (0x000001d5717894b0):  JavaThread "C2 CompilerThread1" daemon [_thread_in_native, id=22344, stack(0x0000002cdc700000,0x0000002cdc800000)]


Current CompileTask:
C2:   7406 5099 %     4       org.eclipse.jdt.internal.core.search.indexing.BinaryIndexer::extractReferenceFromConstantPool @ 15 (358 bytes)

Stack: [0x0000002cdc700000,0x0000002cdc800000]
Native frames: (J=compiled Java code, j=interpreted, Vv=VM code, C=native code)
V  [jvm.dll+0x682a19]
V  [jvm.dll+0x839538]
V  [jvm.dll+0x83afe3]
V  [jvm.dll+0x83b653]
V  [jvm.dll+0x24704f]
V  [jvm.dll+0xace34]
V  [jvm.dll+0xad4cc]
V  [jvm.dll+0x2ac84f]
V  [jvm.dll+0x588a79]
V  [jvm.dll+0x220ea2]
V  [jvm.dll+0x22129f]
V  [jvm.dll+0x21a2b0]
V  [jvm.dll+0x21738b]
V  [jvm.dll+0x1a3070]
V  [jvm.dll+0x22788c]
V  [jvm.dll+0x2259eb]
V  [jvm.dll+0x7eec98]
V  [jvm.dll+0x7e8ffc]
V  [jvm.dll+0x6818f7]
C  [ucrtbase.dll+0x21bb2]
C  [KERNEL32.DLL+0x17374]
C  [ntdll.dll+0x4cc91]


---------------  P R O C E S S  ---------------

Threads class SMR info:
_java_thread_list=0x000001d571684550, length=42, elements={
0x000001d556508f90, 0x000001d5565b81b0, 0x000001d5565b9a50, 0x000001d56f6b7150,
0x000001d56f6b7fd0, 0x000001d56f6b8e50, 0x000001d56f6beaa0, 0x000001d56f6bf790,
0x000001d5565bdee0, 0x000001d56f72dd00, 0x000001d55656a480, 0x000001d56fa35b30,
0x000001d570d72df0, 0x000001d570d70570, 0x000001d570d73810, 0x000001d570d70060,
0x000001d570d70a80, 0x000001d570d723d0, 0x000001d570d71ec0, 0x000001d570d73300,
0x000001d570d714a0, 0x000001d570d728e0, 0x000001d570d719b0, 0x000001d5717894b0,
0x000001d5726f7550, 0x000001d571dce9f0, 0x000001d5726f3da0, 0x000001d5726f2e70,
0x000001d5726f2450, 0x000001d5726f7f70, 0x000001d5726f4cd0, 0x000001d5726f51e0,
0x000001d5726f3380, 0x000001d5726f8480, 0x000001d5726f2960, 0x000001d5726f3890,
0x000001d5726f7a60, 0x000001d5726f8ea0, 0x000001d5726f8990, 0x000001d5726f56f0,
0x000001d5726f42b0, 0x000001d5726f6620
}

Java Threads: ( => current thread )
  0x000001d556508f90 JavaThread "main" [_thread_blocked, id=6548, stack(0x0000002cda600000,0x0000002cda700000)]
  0x000001d5565b81b0 JavaThread "Reference Handler" daemon [_thread_blocked, id=12772, stack(0x0000002cda900000,0x0000002cdaa00000)]
  0x000001d5565b9a50 JavaThread "Finalizer" daemon [_thread_blocked, id=18860, stack(0x0000002cdaa00000,0x0000002cdab00000)]
  0x000001d56f6b7150 JavaThread "Signal Dispatcher" daemon [_thread_blocked, id=15212, stack(0x0000002cdab00000,0x0000002cdac00000)]
  0x000001d56f6b7fd0 JavaThread "Attach Listener" daemon [_thread_blocked, id=13612, stack(0x0000002cdac00000,0x0000002cdad00000)]
  0x000001d56f6b8e50 JavaThread "Service Thread" daemon [_thread_blocked, id=1952, stack(0x0000002cdad00000,0x0000002cdae00000)]
  0x000001d56f6beaa0 JavaThread "Monitor Deflation Thread" daemon [_thread_blocked, id=22692, stack(0x0000002cdae00000,0x0000002cdaf00000)]
  0x000001d56f6bf790 JavaThread "C2 CompilerThread0" daemon [_thread_in_native, id=1452, stack(0x0000002cdaf00000,0x0000002cdb000000)]
  0x000001d5565bdee0 JavaThread "C1 CompilerThread0" daemon [_thread_in_native, id=13224, stack(0x0000002cdb000000,0x0000002cdb100000)]
  0x000001d56f72dd00 JavaThread "Sweeper thread" daemon [_thread_blocked, id=1428, stack(0x0000002cdb100000,0x0000002cdb200000)]
  0x000001d55656a480 JavaThread "Common-Cleaner" daemon [_thread_blocked, id=16780, stack(0x0000002cdb200000,0x0000002cdb300000)]
  0x000001d56fa35b30 JavaThread "Notification Thread" daemon [_thread_blocked, id=7248, stack(0x0000002cdb400000,0x0000002cdb500000)]
  0x000001d570d72df0 JavaThread "Active Thread: Equinox Container: f358a465-98bb-4e2b-815b-78b037500ada" [_thread_blocked, id=11200, stack(0x0000002cdb600000,0x0000002cdb700000)]
  0x000001d570d70570 JavaThread "Refresh Thread: Equinox Container: f358a465-98bb-4e2b-815b-78b037500ada" daemon [_thread_blocked, id=14308, stack(0x0000002cdbe00000,0x0000002cdbf00000)]
  0x000001d570d73810 JavaThread "Framework Event Dispatcher: Equinox Container: f358a465-98bb-4e2b-815b-78b037500ada" daemon [_thread_blocked, id=4996, stack(0x0000002cdbf00000,0x0000002cdc000000)]
  0x000001d570d70060 JavaThread "Start Level: Equinox Container: f358a465-98bb-4e2b-815b-78b037500ada" daemon [_thread_blocked, id=4804, stack(0x0000002cdc000000,0x0000002cdc100000)]
  0x000001d570d70a80 JavaThread "Bundle File Closer" daemon [_thread_blocked, id=21952, stack(0x0000002cdc200000,0x0000002cdc300000)]
  0x000001d570d723d0 JavaThread "SCR Component Actor" daemon [_thread_blocked, id=19856, stack(0x0000002cdc300000,0x0000002cdc400000)]
  0x000001d570d71ec0 JavaThread "SCR Component Registry" daemon [_thread_blocked, id=8008, stack(0x0000002cdc400000,0x0000002cdc500000)]
  0x000001d570d73300 JavaThread "Worker-JM" [_thread_blocked, id=12236, stack(0x0000002cdbd00000,0x0000002cdbe00000)]
  0x000001d570d714a0 JavaThread "JNA Cleaner" daemon [_thread_blocked, id=23308, stack(0x0000002cdb300000,0x0000002cdb400000)]
  0x000001d570d728e0 JavaThread "Worker-0" [_thread_blocked, id=3440, stack(0x0000002cdc500000,0x0000002cdc600000)]
  0x000001d570d719b0 JavaThread "Worker-1: Updating Maven Dependencies" [_thread_blocked, id=12428, stack(0x0000002cdc600000,0x0000002cdc700000)]
=>0x000001d5717894b0 JavaThread "C2 CompilerThread1" daemon [_thread_in_native, id=22344, stack(0x0000002cdc700000,0x0000002cdc800000)]
  0x000001d5726f7550 JavaThread "Java indexing" daemon [_thread_in_Java, id=21844, stack(0x0000002cdc800000,0x0000002cdc900000)]
  0x000001d571dce9f0 JavaThread "C2 CompilerThread2" daemon [_thread_in_native, id=15792, stack(0x0000002cdc900000,0x0000002cdca00000)]
  0x000001d5726f3da0 JavaThread "Thread-2" daemon [_thread_in_native, id=22920, stack(0x0000002cdca00000,0x0000002cdcb00000)]
  0x000001d5726f2e70 JavaThread "Thread-3" daemon [_thread_in_native, id=6252, stack(0x0000002cdcb00000,0x0000002cdcc00000)]
  0x000001d5726f2450 JavaThread "Thread-4" daemon [_thread_in_native, id=17432, stack(0x0000002cdcc00000,0x0000002cdcd00000)]
  0x000001d5726f7f70 JavaThread "Thread-5" daemon [_thread_in_native, id=9956, stack(0x0000002cdcd00000,0x0000002cdce00000)]
  0x000001d5726f4cd0 JavaThread "Thread-6" daemon [_thread_in_native, id=21156, stack(0x0000002cdce00000,0x0000002cdcf00000)]
  0x000001d5726f51e0 JavaThread "Thread-7" daemon [_thread_in_native, id=20988, stack(0x0000002cdcf00000,0x0000002cdd000000)]
  0x000001d5726f3380 JavaThread "Thread-8" daemon [_thread_in_native, id=21548, stack(0x0000002cdd000000,0x0000002cdd100000)]
  0x000001d5726f8480 JavaThread "Thread-9" daemon [_thread_in_native, id=9832, stack(0x0000002cdd100000,0x0000002cdd200000)]
  0x000001d5726f2960 JavaThread "Thread-10" daemon [_thread_in_native, id=9812, stack(0x0000002cdd200000,0x0000002cdd300000)]
  0x000001d5726f3890 JavaThread "Worker-2: Repository registry initialization" [_thread_in_vm, id=22940, stack(0x0000002cdd300000,0x0000002cdd400000)]
  0x000001d5726f7a60 JavaThread "Worker-3: Building" [_thread_in_Java, id=22708, stack(0x0000002cdd400000,0x0000002cdd500000)]
  0x000001d5726f8ea0 JavaThread "pool-2-thread-1" [_thread_blocked, id=21456, stack(0x0000002cdd500000,0x0000002cdd600000)]
  0x000001d5726f8990 JavaThread "Worker-4" [_thread_blocked, id=7300, stack(0x0000002cdd600000,0x0000002cdd700000)]
  0x000001d5726f56f0 JavaThread "Worker-5: Java indexing... " [_thread_blocked, id=2544, stack(0x0000002cdd700000,0x0000002cdd800000)]
  0x000001d5726f42b0 JavaThread "WorkspaceEventsHandler" [_thread_blocked, id=3396, stack(0x0000002cdd800000,0x0000002cdd900000)]
  0x000001d5726f6620 JavaThread "pool-1-thread-1" [_thread_blocked, id=1776, stack(0x0000002cdd900000,0x0000002cdda00000)]

Other Threads:
  0x000001d56a399bb0 VMThread "VM Thread" [stack: 0x0000002cda800000,0x0000002cda900000] [id=8348]
  0x000001d56fa5ed20 WatcherThread [stack: 0x0000002cdb500000,0x0000002cdb600000] [id=13496]
  0x000001d55651dc10 GCTaskThread "GC Thread#0" [stack: 0x0000002cda700000,0x0000002cda800000] [id=21620]
  0x000001d570742070 GCTaskThread "GC Thread#1" [stack: 0x0000002cdb700000,0x0000002cdb800000] [id=22992]
  0x000001d570c4cf90 GCTaskThread "GC Thread#2" [stack: 0x0000002cdb800000,0x0000002cdb900000] [id=21808]
  0x000001d570c4d250 GCTaskThread "GC Thread#3" [stack: 0x0000002cdb900000,0x0000002cdba00000] [id=9012]
  0x000001d570c4d510 GCTaskThread "GC Thread#4" [stack: 0x0000002cdba00000,0x0000002cdbb00000] [id=17980]
  0x000001d570c4e7e0 GCTaskThread "GC Thread#5" [stack: 0x0000002cdbb00000,0x0000002cdbc00000] [id=4400]
  0x000001d57094fb60 GCTaskThread "GC Thread#6" [stack: 0x0000002cdbc00000,0x0000002cdbd00000] [id=5992]
  0x000001d570950ea0 GCTaskThread "GC Thread#7" [stack: 0x0000002cdc100000,0x0000002cdc200000] [id=13052]

Threads with active compile tasks:
C2 CompilerThread0     7467 5191       4       java.util.HashSet::iterator (13 bytes)
C2 CompilerThread1     7467 5099 %     4       org.eclipse.jdt.internal.core.search.indexing.BinaryIndexer::extractReferenceFromConstantPool @ 15 (358 bytes)
C2 CompilerThread2     7467 5171       4       java.util.Properties::loadConvert (540 bytes)

VM state: not at safepoint (normal execution)

VM Mutex/Monitor currently owned by a thread: None

Heap address: 0x00000000c0000000, size: 1024 MB, Compressed Oops mode: 32-bit

CDS archive(s) not mapped
Compressed class space mapped at: 0x0000000100000000-0x0000000140000000, reserved size: 1073741824
Narrow klass base: 0x0000000000000000, Narrow klass shift: 3, Narrow klass range: 0x140000000

GC Precious Log:
 CPUs: 8 total, 8 available
 Memory: 8103M
 Large Page Support: Disabled
 NUMA Support: Disabled
 Compressed Oops: Enabled (32-bit)
 Alignments: Space 512K, Generation 512K, Heap 2M
 Heap Min Capacity: 100M
 Heap Initial Capacity: 100M
 Heap Max Capacity: 1G
 Pre-touch: Disabled
 Parallel Workers: 8

Heap:
 PSYoungGen      total 24064K, used 17086K [0x00000000eab00000, 0x00000000ec580000, 0x0000000100000000)
  eden space 22016K, 69% used [0x00000000eab00000,0x00000000eb9f3818,0x00000000ec080000)
  from space 2048K, 86% used [0x00000000ec080000,0x00000000ec23c030,0x00000000ec280000)
  to   space 2560K, 0% used [0x00000000ec300000,0x00000000ec300000,0x00000000ec580000)
 ParOldGen       total 68608K, used 26781K [0x00000000c0000000, 0x00000000c4300000, 0x00000000eab00000)
  object space 68608K, 39% used [0x00000000c0000000,0x00000000c1a27468,0x00000000c4300000)
 Metaspace       used 49115K, committed 50048K, reserved 1114112K
  class space    used 5115K, committed 5504K, reserved 1048576K

Card table byte_map: [0x000001d555ed0000,0x000001d5560e0000] _byte_map_base: 0x000001d5558d0000

Marking Bits: (ParMarkBitMap*) 0x00007ffa2a906940
 Begin Bits: [0x000001d5681a0000, 0x000001d5691a0000)
 End Bits:   [0x000001d5691a0000, 0x000001d56a1a0000)

Polling page: 0x000001d555cc0000

Metaspace:

Usage:
  Non-class:     42.97 MB used.
      Class:      5.00 MB used.
       Both:     47.96 MB used.

Virtual space:
  Non-class space:       64.00 MB reserved,      43.50 MB ( 68%) committed,  1 nodes.
      Class space:        1.00 GB reserved,       5.38 MB ( <1%) committed,  1 nodes.
             Both:        1.06 GB reserved,      48.88 MB (  4%) committed. 

Chunk freelists:
   Non-Class:  4.50 MB
       Class:  10.61 MB
        Both:  15.11 MB

MaxMetaspaceSize: unlimited
CompressedClassSpaceSize: 1.00 GB
Initial GC threshold: 21.00 MB
Current GC threshold: 58.38 MB
CDS: off
MetaspaceReclaimPolicy: balanced
 - commit_granule_bytes: 65536.
 - commit_granule_words: 8192.
 - virtual_space_node_default_size: 8388608.
 - enlarge_chunks_in_place: 1.
 - new_chunks_are_fully_committed: 0.
 - uncommit_free_chunks: 1.
 - use_allocation_guard: 0.
 - handle_deallocations: 1.


Internal statistics:

num_allocs_failed_limit: 6.
num_arena_births: 536.
num_arena_deaths: 14.
num_vsnodes_births: 2.
num_vsnodes_deaths: 0.
num_space_committed: 782.
num_space_uncommitted: 0.
num_chunks_returned_to_freelist: 20.
num_chunks_taken_from_freelist: 2372.
num_chunk_merges: 8.
num_chunk_splits: 1464.
num_chunks_enlarged: 839.
num_inconsistent_stats: 0.

CodeHeap 'non-profiled nmethods': size=120000Kb used=2261Kb max_used=2465Kb free=117739Kb
 bounds [0x000001d560c70000, 0x000001d560ef0000, 0x000001d5681a0000]
CodeHeap 'profiled nmethods': size=120000Kb used=9617Kb max_used=10775Kb free=110383Kb
 bounds [0x000001d5591a0000, 0x000001d559c30000, 0x000001d5606d0000]
CodeHeap 'non-nmethods': size=5760Kb used=1331Kb max_used=1404Kb free=4428Kb
 bounds [0x000001d5606d0000, 0x000001d560940000, 0x000001d560c70000]
 total_blobs=5281 nmethods=4627 adapters=565
 compilation: enabled
              stopped_count=0, restarted_count=0
 full_count=0

Compilation events (20 events):
Event: 7.389 Thread 0x000001d5565bdee0 nmethod 5150 0x000001d5591a1f10 code [0x000001d5591a2160, 0x000001d5591a27a8]
Event: 7.389 Thread 0x000001d5565bdee0 5148       2       java.util.stream.SortedOps::makeRef (10 bytes)
Event: 7.390 Thread 0x000001d5565bdee0 nmethod 5148 0x000001d55930d990 code [0x000001d55930db20, 0x000001d55930dca8]
Event: 7.391 Thread 0x000001d5565bdee0 5146       2       java.lang.Class$AnnotationData::<init> (20 bytes)
Event: 7.391 Thread 0x000001d5565bdee0 nmethod 5146 0x000001d55920e490 code [0x000001d55920e620, 0x000001d55920e758]
Event: 7.393 Thread 0x000001d5565bdee0 5151       2       java.lang.Class::createAnnotationData (195 bytes)
Event: 7.394 Thread 0x000001d5565bdee0 nmethod 5151 0x000001d5591b4510 code [0x000001d5591b47e0, 0x000001d5591b4f38]
Event: 7.394 Thread 0x000001d5565bdee0 5152       2       java.lang.Class$Atomic::casAnnotationData (13 bytes)
Event: 7.394 Thread 0x000001d5565bdee0 nmethod 5152 0x000001d55925ab10 code [0x000001d55925aca0, 0x000001d55925adb8]
Event: 7.395 Thread 0x000001d5565bdee0 5153       2       java.lang.reflect.Constructor::setAccessible (21 bytes)
Event: 7.397 Thread 0x000001d5565bdee0 nmethod 5153 0x000001d5591a8390 code [0x000001d5591a8560, 0x000001d5591a87f8]
Event: 7.397 Thread 0x000001d5565bdee0 5154       2       java.lang.reflect.Constructor::checkCanSetAccessible (29 bytes)
Event: 7.397 Thread 0x000001d5565bdee0 nmethod 5154 0x000001d5591bee90 code [0x000001d5591bf040, 0x000001d5591bf238]
Event: 7.397 Thread 0x000001d5565bdee0 5155       2       java.io.BufferedInputStream::getInIfOpen (21 bytes)
Event: 7.397 Thread 0x000001d5565bdee0 nmethod 5155 0x000001d5591cb690 code [0x000001d5591cb840, 0x000001d5591cba08]
Event: 7.399 Thread 0x000001d571dce9f0 nmethod 5102 0x000001d560cbf510 code [0x000001d560cbf700, 0x000001d560cc0458]
Event: 7.399 Thread 0x000001d571dce9f0 5090       4       org.eclipse.jdt.core.compiler.CharOperation::concat (46 bytes)
Event: 7.400 Thread 0x000001d5565bdee0 5156       2       jdk.internal.reflect.ClassFileAssembler::emitConstantPoolClass (23 bytes)
Event: 7.403 Thread 0x000001d5565bdee0 nmethod 5156 0x000001d559253790 code [0x000001d559253960, 0x000001d559253bc8]
Event: 7.403 Thread 0x000001d5565bdee0 5157       2       java.lang.invoke.ClassSpecializer$SpeciesData::transformHelper (56 bytes)

GC Heap History (20 events):
Event: 5.264 GC heap before
{Heap before GC invocations=10 (full 1):
 PSYoungGen      total 26112K, used 26107K [0x00000000eab00000, 0x00000000ec980000, 0x0000000100000000)
  eden space 24064K, 100% used [0x00000000eab00000,0x00000000ec280000,0x00000000ec280000)
  from space 2048K, 99% used [0x00000000ec780000,0x00000000ec97efb0,0x00000000ec980000)
  to   space 3584K, 0% used [0x00000000ec280000,0x00000000ec280000,0x00000000ec600000)
 ParOldGen       total 68608K, used 11779K [0x00000000c0000000, 0x00000000c4300000, 0x00000000eab00000)
  object space 68608K, 17% used [0x00000000c0000000,0x00000000c0b80da8,0x00000000c4300000)
 Metaspace       used 33224K, committed 33984K, reserved 1114112K
  class space    used 3252K, committed 3520K, reserved 1048576K
}
Event: 5.266 GC heap after
{Heap after GC invocations=10 (full 1):
 PSYoungGen      total 27136K, used 3567K [0x00000000eab00000, 0x00000000ecb00000, 0x0000000100000000)
  eden space 23552K, 0% used [0x00000000eab00000,0x00000000eab00000,0x00000000ec200000)
  from space 3584K, 99% used [0x00000000ec280000,0x00000000ec5fbfc8,0x00000000ec600000)
  to   space 4608K, 0% used [0x00000000ec680000,0x00000000ec680000,0x00000000ecb00000)
 ParOldGen       total 68608K, used 12171K [0x00000000c0000000, 0x00000000c4300000, 0x00000000eab00000)
  object space 68608K, 17% used [0x00000000c0000000,0x00000000c0be2da8,0x00000000c4300000)
 Metaspace       used 33224K, committed 33984K, reserved 1114112K
  class space    used 3252K, committed 3520K, reserved 1048576K
}
Event: 5.499 GC heap before
{Heap before GC invocations=11 (full 1):
 PSYoungGen      total 27136K, used 24997K [0x00000000eab00000, 0x00000000ecb00000, 0x0000000100000000)
  eden space 23552K, 90% used [0x00000000eab00000,0x00000000ebfed5d8,0x00000000ec200000)
  from space 3584K, 99% used [0x00000000ec280000,0x00000000ec5fbfc8,0x00000000ec600000)
  to   space 4608K, 0% used [0x00000000ec680000,0x00000000ec680000,0x00000000ecb00000)
 ParOldGen       total 68608K, used 12171K [0x00000000c0000000, 0x00000000c4300000, 0x00000000eab00000)
  object space 68608K, 17% used [0x00000000c0000000,0x00000000c0be2da8,0x00000000c4300000)
 Metaspace       used 35088K, committed 35840K, reserved 1114112K
  class space    used 3424K, committed 3712K, reserved 1048576K
}
Event: 5.502 GC heap after
{Heap after GC invocations=11 (full 1):
 PSYoungGen      total 26624K, used 2802K [0x00000000eab00000, 0x00000000ec980000, 0x0000000100000000)
  eden space 23552K, 0% used [0x00000000eab00000,0x00000000eab00000,0x00000000ec200000)
  from space 3072K, 91% used [0x00000000ec680000,0x00000000ec93c970,0x00000000ec980000)
  to   space 3584K, 0% used [0x00000000ec280000,0x00000000ec280000,0x00000000ec600000)
 ParOldGen       total 68608K, used 13815K [0x00000000c0000000, 0x00000000c4300000, 0x00000000eab00000)
  object space 68608K, 20% used [0x00000000c0000000,0x00000000c0d7dcc8,0x00000000c4300000)
 Metaspace       used 35088K, committed 35840K, reserved 1114112K
  class space    used 3424K, committed 3712K, reserved 1048576K
}
Event: 5.502 GC heap before
{Heap before GC invocations=12 (full 2):
 PSYoungGen      total 26624K, used 2802K [0x00000000eab00000, 0x00000000ec980000, 0x0000000100000000)
  eden space 23552K, 0% used [0x00000000eab00000,0x00000000eab00000,0x00000000ec200000)
  from space 3072K, 91% used [0x00000000ec680000,0x00000000ec93c970,0x00000000ec980000)
  to   space 3584K, 0% used [0x00000000ec280000,0x00000000ec280000,0x00000000ec600000)
 ParOldGen       total 68608K, used 13815K [0x00000000c0000000, 0x00000000c4300000, 0x00000000eab00000)
  object space 68608K, 20% used [0x00000000c0000000,0x00000000c0d7dcc8,0x00000000c4300000)
 Metaspace       used 35088K, committed 35840K, reserved 1114112K
  class space    used 3424K, committed 3712K, reserved 1048576K
}
Event: 5.535 GC heap after
{Heap after GC invocations=12 (full 2):
 PSYoungGen      total 26624K, used 0K [0x00000000eab00000, 0x00000000ec980000, 0x0000000100000000)
  eden space 23552K, 0% used [0x00000000eab00000,0x00000000eab00000,0x00000000ec200000)
  from space 3072K, 0% used [0x00000000ec680000,0x00000000ec680000,0x00000000ec980000)
  to   space 3584K, 0% used [0x00000000ec280000,0x00000000ec280000,0x00000000ec600000)
 ParOldGen       total 68608K, used 14918K [0x00000000c0000000, 0x00000000c4300000, 0x00000000eab00000)
  object space 68608K, 21% used [0x00000000c0000000,0x00000000c0e91a28,0x00000000c4300000)
 Metaspace       used 35075K, committed 35840K, reserved 1114112K
  class space    used 3420K, committed 3712K, reserved 1048576K
}
Event: 5.891 GC heap before
{Heap before GC invocations=13 (full 2):
 PSYoungGen      total 26624K, used 23552K [0x00000000eab00000, 0x00000000ec980000, 0x0000000100000000)
  eden space 23552K, 100% used [0x00000000eab00000,0x00000000ec200000,0x00000000ec200000)
  from space 3072K, 0% used [0x00000000ec680000,0x00000000ec680000,0x00000000ec980000)
  to   space 3584K, 0% used [0x00000000ec280000,0x00000000ec280000,0x00000000ec600000)
 ParOldGen       total 68608K, used 14918K [0x00000000c0000000, 0x00000000c4300000, 0x00000000eab00000)
  object space 68608K, 21% used [0x00000000c0000000,0x00000000c0e91a28,0x00000000c4300000)
 Metaspace       used 38498K, committed 39360K, reserved 1114112K
  class space    used 3834K, committed 4160K, reserved 1048576K
}
Event: 5.893 GC heap after
{Heap after GC invocations=13 (full 2):
 PSYoungGen      total 24576K, used 1221K [0x00000000eab00000, 0x00000000ec700000, 0x0000000100000000)
  eden space 23040K, 0% used [0x00000000eab00000,0x00000000eab00000,0x00000000ec180000)
  from space 1536K, 79% used [0x00000000ec280000,0x00000000ec3b1700,0x00000000ec400000)
  to   space 2048K, 0% used [0x00000000ec500000,0x00000000ec500000,0x00000000ec700000)
 ParOldGen       total 68608K, used 14926K [0x00000000c0000000, 0x00000000c4300000, 0x00000000eab00000)
  object space 68608K, 21% used [0x00000000c0000000,0x00000000c0e93a28,0x00000000c4300000)
 Metaspace       used 38498K, committed 39360K, reserved 1114112K
  class space    used 3834K, committed 4160K, reserved 1048576K
}
Event: 6.062 GC heap before
{Heap before GC invocations=14 (full 2):
 PSYoungGen      total 24576K, used 24251K [0x00000000eab00000, 0x00000000ec700000, 0x0000000100000000)
  eden space 23040K, 99% used [0x00000000eab00000,0x00000000ec17d5d0,0x00000000ec180000)
  from space 1536K, 79% used [0x00000000ec280000,0x00000000ec3b1700,0x00000000ec400000)
  to   space 2048K, 0% used [0x00000000ec500000,0x00000000ec500000,0x00000000ec700000)
 ParOldGen       total 68608K, used 14926K [0x00000000c0000000, 0x00000000c4300000, 0x00000000eab00000)
  object space 68608K, 21% used [0x00000000c0000000,0x00000000c0e93a28,0x00000000c4300000)
 Metaspace       used 40893K, committed 41856K, reserved 1114112K
  class space    used 4143K, committed 4544K, reserved 1048576K
}
Event: 6.066 GC heap after
{Heap after GC invocations=14 (full 2):
 PSYoungGen      total 24064K, used 1421K [0x00000000eab00000, 0x00000000ec680000, 0x0000000100000000)
  eden space 22528K, 0% used [0x00000000eab00000,0x00000000eab00000,0x00000000ec100000)
  from space 1536K, 92% used [0x00000000ec500000,0x00000000ec663510,0x00000000ec680000)
  to   space 1536K, 0% used [0x00000000ec380000,0x00000000ec380000,0x00000000ec500000)
 ParOldGen       total 68608K, used 17819K [0x00000000c0000000, 0x00000000c4300000, 0x00000000eab00000)
  object space 68608K, 25% used [0x00000000c0000000,0x00000000c1166e80,0x00000000c4300000)
 Metaspace       used 40893K, committed 41856K, reserved 1114112K
  class space    used 4143K, committed 4544K, reserved 1048576K
}
Event: 6.486 GC heap before
{Heap before GC invocations=15 (full 2):
 PSYoungGen      total 24064K, used 23949K [0x00000000eab00000, 0x00000000ec680000, 0x0000000100000000)
  eden space 22528K, 100% used [0x00000000eab00000,0x00000000ec100000,0x00000000ec100000)
  from space 1536K, 92% used [0x00000000ec500000,0x00000000ec663510,0x00000000ec680000)
  to   space 1536K, 0% used [0x00000000ec380000,0x00000000ec380000,0x00000000ec500000)
 ParOldGen       total 68608K, used 17819K [0x00000000c0000000, 0x00000000c4300000, 0x00000000eab00000)
  object space 68608K, 25% used [0x00000000c0000000,0x00000000c1166e80,0x00000000c4300000)
 Metaspace       used 43675K, committed 44608K, reserved 1114112K
  class space    used 4488K, committed 4864K, reserved 1048576K
}
Event: 6.490 GC heap after
{Heap after GC invocations=15 (full 2):
 PSYoungGen      total 23552K, used 1450K [0x00000000eab00000, 0x00000000ec580000, 0x0000000100000000)
  eden space 22016K, 0% used [0x00000000eab00000,0x00000000eab00000,0x00000000ec080000)
  from space 1536K, 94% used [0x00000000ec380000,0x00000000ec4eaa18,0x00000000ec500000)
  to   space 512K, 0% used [0x00000000ec500000,0x00000000ec500000,0x00000000ec580000)
 ParOldGen       total 68608K, used 19078K [0x00000000c0000000, 0x00000000c4300000, 0x00000000eab00000)
  object space 68608K, 27% used [0x00000000c0000000,0x00000000c12a1b18,0x00000000c4300000)
 Metaspace       used 43675K, committed 44608K, reserved 1114112K
  class space    used 4488K, committed 4864K, reserved 1048576K
}
Event: 6.641 GC heap before
{Heap before GC invocations=16 (full 2):
 PSYoungGen      total 23552K, used 23466K [0x00000000eab00000, 0x00000000ec580000, 0x0000000100000000)
  eden space 22016K, 100% used [0x00000000eab00000,0x00000000ec080000,0x00000000ec080000)
  from space 1536K, 94% used [0x00000000ec380000,0x00000000ec4eaa18,0x00000000ec500000)
  to   space 512K, 0% used [0x00000000ec500000,0x00000000ec500000,0x00000000ec580000)
 ParOldGen       total 68608K, used 19078K [0x00000000c0000000, 0x00000000c4300000, 0x00000000eab00000)
  object space 68608K, 27% used [0x00000000c0000000,0x00000000c12a1b18,0x00000000c4300000)
 Metaspace       used 44095K, committed 45056K, reserved 1114112K
  class space    used 4537K, committed 4928K, reserved 1048576K
}
Event: 6.645 GC heap after
{Heap after GC invocations=16 (full 2):
 PSYoungGen      total 22528K, used 512K [0x00000000eab00000, 0x00000000ec780000, 0x0000000100000000)
  eden space 22016K, 0% used [0x00000000eab00000,0x00000000eab00000,0x00000000ec080000)
  from space 512K, 100% used [0x00000000ec500000,0x00000000ec580000,0x00000000ec580000)
  to   space 3584K, 0% used [0x00000000ec080000,0x00000000ec080000,0x00000000ec400000)
 ParOldGen       total 68608K, used 21817K [0x00000000c0000000, 0x00000000c4300000, 0x00000000eab00000)
  object space 68608K, 31% used [0x00000000c0000000,0x00000000c154e7d0,0x00000000c4300000)
 Metaspace       used 44095K, committed 45056K, reserved 1114112K
  class space    used 4537K, committed 4928K, reserved 1048576K
}
Event: 6.836 GC heap before
{Heap before GC invocations=17 (full 2):
 PSYoungGen      total 22528K, used 22498K [0x00000000eab00000, 0x00000000ec780000, 0x0000000100000000)
  eden space 22016K, 99% used [0x00000000eab00000,0x00000000ec0789c8,0x00000000ec080000)
  from space 512K, 100% used [0x00000000ec500000,0x00000000ec580000,0x00000000ec580000)
  to   space 3584K, 0% used [0x00000000ec080000,0x00000000ec080000,0x00000000ec400000)
 ParOldGen       total 68608K, used 21817K [0x00000000c0000000, 0x00000000c4300000, 0x00000000eab00000)
  object space 68608K, 31% used [0x00000000c0000000,0x00000000c154e7d0,0x00000000c4300000)
 Metaspace       used 44703K, committed 45632K, reserved 1114112K
  class space    used 4614K, committed 4992K, reserved 1048576K
}
Event: 6.839 GC heap after
{Heap after GC invocations=17 (full 2):
 PSYoungGen      total 24576K, used 2473K [0x00000000eab00000, 0x00000000ec680000, 0x0000000100000000)
  eden space 22016K, 0% used [0x00000000eab00000,0x00000000eab00000,0x00000000ec080000)
  from space 2560K, 96% used [0x00000000ec080000,0x00000000ec2ea7a8,0x00000000ec300000)
  to   space 3072K, 0% used [0x00000000ec380000,0x00000000ec380000,0x00000000ec680000)
 ParOldGen       total 68608K, used 22321K [0x00000000c0000000, 0x00000000c4300000, 0x00000000eab00000)
  object space 68608K, 32% used [0x00000000c0000000,0x00000000c15cc7d0,0x00000000c4300000)
 Metaspace       used 44703K, committed 45632K, reserved 1114112K
  class space    used 4614K, committed 4992K, reserved 1048576K
}
Event: 7.040 GC heap before
{Heap before GC invocations=18 (full 2):
 PSYoungGen      total 24576K, used 24489K [0x00000000eab00000, 0x00000000ec680000, 0x0000000100000000)
  eden space 22016K, 100% used [0x00000000eab00000,0x00000000ec080000,0x00000000ec080000)
  from space 2560K, 96% used [0x00000000ec080000,0x00000000ec2ea7a8,0x00000000ec300000)
  to   space 3072K, 0% used [0x00000000ec380000,0x00000000ec380000,0x00000000ec680000)
 ParOldGen       total 68608K, used 22321K [0x00000000c0000000, 0x00000000c4300000, 0x00000000eab00000)
  object space 68608K, 32% used [0x00000000c0000000,0x00000000c15cc7d0,0x00000000c4300000)
 Metaspace       used 45514K, committed 46528K, reserved 1114112K
  class space    used 4714K, committed 5120K, reserved 1048576K
}
Event: 7.044 GC heap after
{Heap after GC invocations=18 (full 2):
 PSYoungGen      total 25088K, used 2648K [0x00000000eab00000, 0x00000000ec680000, 0x0000000100000000)
  eden space 22016K, 0% used [0x00000000eab00000,0x00000000eab00000,0x00000000ec080000)
  from space 3072K, 86% used [0x00000000ec380000,0x00000000ec616008,0x00000000ec680000)
  to   space 3072K, 0% used [0x00000000ec080000,0x00000000ec080000,0x00000000ec380000)
 ParOldGen       total 68608K, used 24302K [0x00000000c0000000, 0x00000000c4300000, 0x00000000eab00000)
  object space 68608K, 35% used [0x00000000c0000000,0x00000000c17bba48,0x00000000c4300000)
 Metaspace       used 45514K, committed 46528K, reserved 1114112K
  class space    used 4714K, committed 5120K, reserved 1048576K
}
Event: 7.266 GC heap before
{Heap before GC invocations=19 (full 2):
 PSYoungGen      total 25088K, used 24664K [0x00000000eab00000, 0x00000000ec680000, 0x0000000100000000)
  eden space 22016K, 100% used [0x00000000eab00000,0x00000000ec080000,0x00000000ec080000)
  from space 3072K, 86% used [0x00000000ec380000,0x00000000ec616008,0x00000000ec680000)
  to   space 3072K, 0% used [0x00000000ec080000,0x00000000ec080000,0x00000000ec380000)
 ParOldGen       total 68608K, used 24302K [0x00000000c0000000, 0x00000000c4300000, 0x00000000eab00000)
  object space 68608K, 35% used [0x00000000c0000000,0x00000000c17bba48,0x00000000c4300000)
 Metaspace       used 47476K, committed 48384K, reserved 1114112K
  class space    used 4905K, committed 5248K, reserved 1048576K
}
Event: 7.270 GC heap after
{Heap after GC invocations=19 (full 2):
 PSYoungGen      total 24064K, used 1776K [0x00000000eab00000, 0x00000000ec580000, 0x0000000100000000)
  eden space 22016K, 0% used [0x00000000eab00000,0x00000000eab00000,0x00000000ec080000)
  from space 2048K, 86% used [0x00000000ec080000,0x00000000ec23c030,0x00000000ec280000)
  to   space 2560K, 0% used [0x00000000ec300000,0x00000000ec300000,0x00000000ec580000)
 ParOldGen       total 68608K, used 26781K [0x00000000c0000000, 0x00000000c4300000, 0x00000000eab00000)
  object space 68608K, 39% used [0x00000000c0000000,0x00000000c1a27468,0x00000000c4300000)
 Metaspace       used 47476K, committed 48384K, reserved 1114112K
  class space    used 4905K, committed 5248K, reserved 1048576K
}

Dll operation events (10 events):
Event: 0.031 Loaded shared library c:\Users\asher\.vscode\extensions\redhat.java-1.37.0-win32-x64\jre\17.0.13-win32-x86_64\bin\java.dll
Event: 0.405 Loaded shared library c:\Users\asher\.vscode\extensions\redhat.java-1.37.0-win32-x64\jre\17.0.13-win32-x86_64\bin\zip.dll
Event: 0.413 Loaded shared library C:\Users\asher\.vscode\extensions\redhat.java-1.37.0-win32-x64\jre\17.0.13-win32-x86_64\bin\instrument.dll
Event: 0.453 Loaded shared library C:\Users\asher\.vscode\extensions\redhat.java-1.37.0-win32-x64\jre\17.0.13-win32-x86_64\bin\net.dll
Event: 0.456 Loaded shared library C:\Users\asher\.vscode\extensions\redhat.java-1.37.0-win32-x64\jre\17.0.13-win32-x86_64\bin\nio.dll
Event: 0.469 Loaded shared library C:\Users\asher\.vscode\extensions\redhat.java-1.37.0-win32-x64\jre\17.0.13-win32-x86_64\bin\zip.dll
Event: 0.510 Loaded shared library C:\Users\asher\.vscode\extensions\redhat.java-1.37.0-win32-x64\jre\17.0.13-win32-x86_64\bin\jimage.dll
Event: 0.612 Loaded shared library c:\Users\asher\.vscode\extensions\redhat.java-1.37.0-win32-x64\jre\17.0.13-win32-x86_64\bin\verify.dll
Event: 2.246 Loaded shared library C:\Users\asher\AppData\Roaming\Code\User\globalStorage\redhat.java\1.37.0\config_win\org.eclipse.equinox.launcher\org.eclipse.equinox.launcher.win32.win32.x86_64_1.2.1100.v20240722-2106\eclipse_11904.dll
Event: 3.897 Loaded shared library C:\Users\asher\AppData\Local\Temp\jna-93110691\jna3684066685823317675.dll

Deoptimization events (20 events):
Event: 7.160 Thread 0x000001d5726f2450 Uncommon trap: trap_request=0xffffffde fr.pc=0x000001d560ec4f8c relative=0x00000000000004ac
Event: 7.160 Thread 0x000001d5726f2450 Uncommon trap: reason=class_check action=maybe_recompile pc=0x000001d560ec4f8c method=java.util.HashMap.removeNode(ILjava/lang/Object;Ljava/lang/Object;ZZ)Ljava/util/HashMap$Node; @ 68 c2
Event: 7.160 Thread 0x000001d5726f2450 DEOPT PACKING pc=0x000001d560ec4f8c sp=0x0000002cdccff480
Event: 7.160 Thread 0x000001d5726f2450 DEOPT UNPACKING pc=0x000001d5607266a3 sp=0x0000002cdccff388 mode 2
Event: 7.200 Thread 0x000001d5726f2450 Uncommon trap: trap_request=0xffffffde fr.pc=0x000001d560ec4f8c relative=0x00000000000004ac
Event: 7.200 Thread 0x000001d5726f2450 Uncommon trap: reason=class_check action=maybe_recompile pc=0x000001d560ec4f8c method=java.util.HashMap.removeNode(ILjava/lang/Object;Ljava/lang/Object;ZZ)Ljava/util/HashMap$Node; @ 68 c2
Event: 7.200 Thread 0x000001d5726f2450 DEOPT PACKING pc=0x000001d560ec4f8c sp=0x0000002cdccff470
Event: 7.200 Thread 0x000001d5726f2450 DEOPT UNPACKING pc=0x000001d5607266a3 sp=0x0000002cdccff378 mode 2
Event: 7.205 Thread 0x000001d5726f2450 Uncommon trap: trap_request=0xffffffde fr.pc=0x000001d560ec4f8c relative=0x00000000000004ac
Event: 7.205 Thread 0x000001d5726f2450 Uncommon trap: reason=class_check action=maybe_recompile pc=0x000001d560ec4f8c method=java.util.HashMap.removeNode(ILjava/lang/Object;Ljava/lang/Object;ZZ)Ljava/util/HashMap$Node; @ 68 c2
Event: 7.205 Thread 0x000001d5726f2450 DEOPT PACKING pc=0x000001d560ec4f8c sp=0x0000002cdccff470
Event: 7.205 Thread 0x000001d5726f2450 DEOPT UNPACKING pc=0x000001d5607266a3 sp=0x0000002cdccff378 mode 2
Event: 7.206 Thread 0x000001d5726f2450 Uncommon trap: trap_request=0xffffffde fr.pc=0x000001d560ec4f8c relative=0x00000000000004ac
Event: 7.206 Thread 0x000001d5726f2450 Uncommon trap: reason=class_check action=maybe_recompile pc=0x000001d560ec4f8c method=java.util.HashMap.removeNode(ILjava/lang/Object;Ljava/lang/Object;ZZ)Ljava/util/HashMap$Node; @ 68 c2
Event: 7.207 Thread 0x000001d5726f2450 DEOPT PACKING pc=0x000001d560ec4f8c sp=0x0000002cdccff470
Event: 7.207 Thread 0x000001d5726f2450 DEOPT UNPACKING pc=0x000001d5607266a3 sp=0x0000002cdccff378 mode 2
Event: 7.207 Thread 0x000001d5726f2450 Uncommon trap: trap_request=0xffffffde fr.pc=0x000001d560eabe28 relative=0x0000000000000468
Event: 7.207 Thread 0x000001d5726f2450 Uncommon trap: reason=class_check action=maybe_recompile pc=0x000001d560eabe28 method=java.util.HashMap.removeNode(ILjava/lang/Object;Ljava/lang/Object;ZZ)Ljava/util/HashMap$Node; @ 68 c2
Event: 7.208 Thread 0x000001d5726f2450 DEOPT PACKING pc=0x000001d560eabe28 sp=0x0000002cdccff3e0
Event: 7.208 Thread 0x000001d5726f2450 DEOPT UNPACKING pc=0x000001d5607266a3 sp=0x0000002cdccff378 mode 2

Classes loaded (20 events):
Event: 6.378 Loading class java/time/format/Parsed
Event: 6.379 Loading class java/time/format/Parsed done
Event: 6.401 Loading class java/lang/annotation/ElementType
Event: 6.401 Loading class java/lang/annotation/ElementType done
Event: 6.518 Loading class java/lang/annotation/IncompleteAnnotationException
Event: 6.518 Loading class java/lang/annotation/IncompleteAnnotationException done
Event: 6.573 Loading class jdk/internal/access/foreign/MemorySegmentProxy
Event: 6.574 Loading class jdk/internal/access/foreign/MemorySegmentProxy done
Event: 7.085 Loading class java/util/regex/Pattern$BackRef
Event: 7.085 Loading class java/util/regex/Pattern$BackRef done
Event: 7.093 Loading class sun/reflect/annotation/AnnotatedTypeFactory$AnnotatedParameterizedTypeImpl
Event: 7.093 Loading class java/lang/reflect/AnnotatedParameterizedType
Event: 7.093 Loading class java/lang/reflect/AnnotatedParameterizedType done
Event: 7.093 Loading class sun/reflect/annotation/AnnotatedTypeFactory$AnnotatedParameterizedTypeImpl done
Event: 7.249 Loading class java/lang/ExceptionInInitializerError
Event: 7.250 Loading class java/lang/ExceptionInInitializerError done
Event: 7.287 Loading class sun/reflect/generics/repository/FieldRepository
Event: 7.287 Loading class sun/reflect/generics/repository/FieldRepository done
Event: 7.293 Loading class jdk/internal/reflect/UnsafeQualifiedIntegerFieldAccessorImpl
Event: 7.293 Loading class jdk/internal/reflect/UnsafeQualifiedIntegerFieldAccessorImpl done

Classes unloaded (7 events):
Event: 5.508 Thread 0x000001d56a399bb0 Unloading class 0x0000000100232000 'java/lang/invoke/LambdaForm$MH+0x0000000100232000'
Event: 5.508 Thread 0x000001d56a399bb0 Unloading class 0x0000000100231c00 'java/lang/invoke/LambdaForm$MH+0x0000000100231c00'
Event: 5.508 Thread 0x000001d56a399bb0 Unloading class 0x0000000100231800 'java/lang/invoke/LambdaForm$MH+0x0000000100231800'
Event: 5.508 Thread 0x000001d56a399bb0 Unloading class 0x0000000100231400 'java/lang/invoke/LambdaForm$MH+0x0000000100231400'
Event: 5.508 Thread 0x000001d56a399bb0 Unloading class 0x0000000100231000 'java/lang/invoke/LambdaForm$BMH+0x0000000100231000'
Event: 5.508 Thread 0x000001d56a399bb0 Unloading class 0x0000000100230c00 'java/lang/invoke/LambdaForm$DMH+0x0000000100230c00'
Event: 5.508 Thread 0x000001d56a399bb0 Unloading class 0x000000010022c400 'java/lang/invoke/LambdaForm$DMH+0x000000010022c400'

Classes redefined (0 events):
No events

Internal exceptions (20 events):
Event: 5.961 Thread 0x000001d570d728e0 Exception <a 'java/io/FileNotFoundException'{0x00000000eb3322a8}> (0x00000000eb3322a8) 
thrown [s\src\hotspot\share\prims\jni.cpp, line 516]
Event: 5.962 Thread 0x000001d570d728e0 Exception <a 'java/io/FileNotFoundException'{0x00000000eb3404e8}> (0x00000000eb3404e8) 
thrown [s\src\hotspot\share\prims\jni.cpp, line 516]
Event: 5.962 Thread 0x000001d570d728e0 Exception <a 'java/io/FileNotFoundException'{0x00000000eb341238}> (0x00000000eb341238) 
thrown [s\src\hotspot\share\prims\jni.cpp, line 516]
Event: 5.974 Thread 0x000001d5726f7550 Exception <a 'java/io/FileNotFoundException'{0x00000000eb459910}> (0x00000000eb459910) 
thrown [s\src\hotspot\share\prims\jni.cpp, line 516]
Event: 5.974 Thread 0x000001d5726f7550 Exception <a 'java/io/FileNotFoundException'{0x00000000eb45ab78}> (0x00000000eb45ab78) 
thrown [s\src\hotspot\share\prims\jni.cpp, line 516]
Event: 5.977 Thread 0x000001d5726f7550 Exception <a 'java/lang/NoSuchMethodError'{0x00000000eb4a4d90}: 'java.lang.Object java.lang.invoke.DirectMethodHandle$Holder.newInvokeSpecial(java.lang.Object, java.lang.Object, java.lang.Object, int)'> (0x00000000eb4a4d90) 
thrown [s\src\hotspot\share\interpreter\linkResolver.cpp, line 759]
Event: 5.978 Thread 0x000001d5726f7550 Exception <a 'java/lang/NoSuchMethodError'{0x00000000eb4a8e98}: 'java.lang.Object java.lang.invoke.DirectMethodHandle$Holder.invokeSpecial(java.lang.Object, java.lang.Object, java.lang.Object, java.lang.Object, int)'> (0x00000000eb4a8e98) 
thrown [s\src\hotspot\share\interpreter\linkResolver.cpp, line 759]
Event: 5.978 Thread 0x000001d5726f7550 Exception <a 'java/lang/NoSuchMethodError'{0x00000000eb4f11e0}: 'java.lang.Object java.lang.invoke.Invokers$Holder.linkToTargetMethod(java.lang.Object, java.lang.Object, int, java.lang.Object)'> (0x00000000eb4f11e0) 
thrown [s\src\hotspot\share\interpreter\linkResolver.cpp, line 759]
Event: 5.989 Thread 0x000001d5726f7550 Exception <a 'java/lang/NoSuchMethodError'{0x00000000eb540f60}: 'void java.lang.invoke.DirectMethodHandle$Holder.invokeStaticInit(java.lang.Object, java.lang.Object, java.lang.Object)'> (0x00000000eb540f60) 
thrown [s\src\hotspot\share\interpreter\linkResolver.cpp, line 759]
Event: 6.022 Thread 0x000001d5726f7550 Exception <a 'sun/nio/fs/WindowsException'{0x00000000eba92568}> (0x00000000eba92568) 
thrown [s\src\hotspot\share\prims\jni.cpp, line 516]
Event: 6.287 Thread 0x000001d556508f90 Exception <a 'java/lang/NoSuchMethodError'{0x00000000eb085b08}: 'void java.lang.invoke.DirectMethodHandle$Holder.invokeSpecial(java.lang.Object, java.lang.Object, java.lang.Object, java.lang.Object, java.lang.Object, java.lang.Object)'> (0x00000000eb085b08) 
thrown [s\src\hotspot\share\interpreter\linkResolver.cpp, line 759]
Event: 6.291 Thread 0x000001d556508f90 Exception <a 'java/lang/IncompatibleClassChangeError'{0x00000000eb08f3b8}: Found class java.lang.Object, but interface was expected> (0x00000000eb08f3b8) 
thrown [s\src\hotspot\share\interpreter\linkResolver.cpp, line 826]
Event: 6.329 Thread 0x000001d5726f3890 Exception <a 'java/lang/NoSuchMethodError'{0x00000000eb2c73e8}: 'int java.lang.invoke.DirectMethodHandle$Holder.invokeStatic(java.lang.Object, java.lang.Object, java.lang.Object, java.lang.Object, java.lang.Object)'> (0x00000000eb2c73e8) 
thrown [s\src\hotspot\share\interpreter\linkResolver.cpp, line 759]
Event: 6.519 Thread 0x000001d5726f3890 Exception <a 'java/lang/NoClassDefFoundError'{0x00000000ead94f80}: javax/enterprise/inject/Typed> (0x00000000ead94f80) 
thrown [s\src\hotspot\share\classfile\systemDictionary.cpp, line 245]
Event: 7.032 Thread 0x000001d5726f7a60 Exception <a 'java/lang/NoSuchMethodError'{0x00000000ebf44b40}: 'java.lang.Object java.lang.invoke.DirectMethodHandle$Holder.newInvokeSpecial(java.lang.Object, java.lang.Object, java.lang.Object, java.lang.Object, java.lang.Object, java.lang.Object)'> (0x00000000ebf44b40) 
thrown [s\src\hotspot\share\interpreter\linkResolver.cpp, line 759]
Event: 7.063 Thread 0x000001d5726f7a60 Exception <a 'java/io/FileNotFoundException'{0x00000000eae4aa60}> (0x00000000eae4aa60) 
thrown [s\src\hotspot\share\prims\jni.cpp, line 516]
Event: 7.064 Thread 0x000001d5726f7a60 Exception <a 'java/io/FileNotFoundException'{0x00000000eae4ba48}> (0x00000000eae4ba48) 
thrown [s\src\hotspot\share\prims\jni.cpp, line 516]
Event: 7.065 Thread 0x000001d5726f7a60 Exception <a 'java/io/FileNotFoundException'{0x00000000eae4d220}> (0x00000000eae4d220) 
thrown [s\src\hotspot\share\prims\jni.cpp, line 516]
Event: 7.066 Thread 0x000001d5726f7a60 Exception <a 'java/io/FileNotFoundException'{0x00000000eaea3620}> (0x00000000eaea3620) 
thrown [s\src\hotspot\share\prims\jni.cpp, line 516]
Event: 7.066 Thread 0x000001d5726f7a60 Exception <a 'java/io/FileNotFoundException'{0x00000000eaea4628}> (0x00000000eaea4628) 
thrown [s\src\hotspot\share\prims\jni.cpp, line 516]

VM Operations (20 events):
Event: 6.062 Executing VM operation: ParallelGCFailedAllocation
Event: 6.066 Executing VM operation: ParallelGCFailedAllocation done
Event: 6.486 Executing VM operation: ParallelGCFailedAllocation
Event: 6.490 Executing VM operation: ParallelGCFailedAllocation done
Event: 6.502 Executing VM operation: HandshakeAllThreads
Event: 6.502 Executing VM operation: HandshakeAllThreads done
Event: 6.641 Executing VM operation: ParallelGCFailedAllocation
Event: 6.645 Executing VM operation: ParallelGCFailedAllocation done
Event: 6.836 Executing VM operation: ParallelGCFailedAllocation
Event: 6.839 Executing VM operation: ParallelGCFailedAllocation done
Event: 7.040 Executing VM operation: ParallelGCFailedAllocation
Event: 7.044 Executing VM operation: ParallelGCFailedAllocation done
Event: 7.188 Executing VM operation: HandshakeAllThreads
Event: 7.203 Executing VM operation: HandshakeAllThreads done
Event: 7.260 Executing VM operation: ParallelGCFailedAllocation
Event: 7.270 Executing VM operation: ParallelGCFailedAllocation done
Event: 7.287 Executing VM operation: HandshakeAllThreads
Event: 7.289 Executing VM operation: HandshakeAllThreads done
Event: 7.309 Executing VM operation: HandshakeAllThreads
Event: 7.345 Executing VM operation: HandshakeAllThreads done

Memory protections (0 events):
No events

Nmethod flushes (20 events):
Event: 7.353 Thread 0x000001d56f72dd00 flushing  nmethod 0x000001d559761290
Event: 7.353 Thread 0x000001d56f72dd00 flushing  nmethod 0x000001d559762010
Event: 7.353 Thread 0x000001d56f72dd00 flushing  nmethod 0x000001d559764090
Event: 7.353 Thread 0x000001d56f72dd00 flushing  nmethod 0x000001d559765210
Event: 7.353 Thread 0x000001d56f72dd00 flushing  nmethod 0x000001d559770f10
Event: 7.353 Thread 0x000001d56f72dd00 flushing  nmethod 0x000001d55978fb90
Event: 7.353 Thread 0x000001d56f72dd00 flushing  nmethod 0x000001d559794990
Event: 7.353 Thread 0x000001d56f72dd00 flushing  nmethod 0x000001d5597a2310
Event: 7.354 Thread 0x000001d56f72dd00 flushing  nmethod 0x000001d559821090
Event: 7.354 Thread 0x000001d56f72dd00 flushing  nmethod 0x000001d559849c10
Event: 7.354 Thread 0x000001d56f72dd00 flushing  nmethod 0x000001d559870a10
Event: 7.354 Thread 0x000001d56f72dd00 flushing  nmethod 0x000001d559871710
Event: 7.354 Thread 0x000001d56f72dd00 flushing  nmethod 0x000001d559871c90
Event: 7.354 Thread 0x000001d56f72dd00 flushing  nmethod 0x000001d559879c10
Event: 7.354 Thread 0x000001d56f72dd00 flushing  nmethod 0x000001d55987aa10
Event: 7.354 Thread 0x000001d56f72dd00 flushing  nmethod 0x000001d55987f410
Event: 7.354 Thread 0x000001d56f72dd00 flushing  nmethod 0x000001d559882d90
Event: 7.354 Thread 0x000001d56f72dd00 flushing  nmethod 0x000001d55988bc10
Event: 7.354 Thread 0x000001d56f72dd00 flushing  nmethod 0x000001d559890d90
Event: 7.354 Thread 0x000001d56f72dd00 flushing  nmethod 0x000001d5598a9390

Events (20 events):
Event: 5.094 Thread 0x000001d5717894b0 Thread exited: 0x000001d5717894b0
Event: 5.242 Thread 0x000001d5565bdee0 Thread added: 0x000001d5717894b0
Event: 5.417 Thread 0x000001d570d70060 Thread added: 0x000001d5726f7550
Event: 5.560 Thread 0x000001d5565bdee0 Thread added: 0x000001d571dce9f0
Event: 5.762 Thread 0x000001d556508f90 Thread added: 0x000001d5726f3da0
Event: 5.763 Thread 0x000001d556508f90 Thread added: 0x000001d5726f2e70
Event: 5.763 Thread 0x000001d556508f90 Thread added: 0x000001d5726f2450
Event: 5.763 Thread 0x000001d556508f90 Thread added: 0x000001d5726f7f70
Event: 5.763 Thread 0x000001d556508f90 Thread added: 0x000001d5726f4cd0
Event: 5.763 Thread 0x000001d556508f90 Thread added: 0x000001d5726f51e0
Event: 5.763 Thread 0x000001d556508f90 Thread added: 0x000001d5726f3380
Event: 5.763 Thread 0x000001d556508f90 Thread added: 0x000001d5726f8480
Event: 5.763 Thread 0x000001d556508f90 Thread added: 0x000001d5726f2960
Event: 5.781 Thread 0x000001d570d719b0 Thread added: 0x000001d5726f3890
Event: 5.781 Thread 0x000001d5726f3890 Thread added: 0x000001d5726f7a60
Event: 5.787 Thread 0x000001d556508f90 Thread added: 0x000001d5726f8ea0
Event: 5.858 Thread 0x000001d5726f7a60 Thread added: 0x000001d5726f8990
Event: 5.886 Thread 0x000001d5726f8990 Thread added: 0x000001d5726f56f0
Event: 6.338 Thread 0x000001d556508f90 Thread added: 0x000001d5726f42b0
Event: 6.338 Thread 0x000001d556508f90 Thread added: 0x000001d5726f6620


Dynamic libraries:
0x00007ff6083d0000 - 0x00007ff6083de000 	c:\Users\asher\.vscode\extensions\redhat.java-1.37.0-win32-x64\jre\17.0.13-win32-x86_64\bin\java.exe
0x00007ffab2ff0000 - 0x00007ffab31e8000 	C:\WINDOWS\SYSTEM32\ntdll.dll
0x00007ffab1ed0000 - 0x00007ffab1f92000 	C:\WINDOWS\System32\KERNEL32.DLL
0x00007ffab0710000 - 0x00007ffab0a0e000 	C:\WINDOWS\System32\KERNELBASE.dll
0x00007ffab0ce0000 - 0x00007ffab0de0000 	C:\WINDOWS\System32\ucrtbase.dll
0x00007ffaa0500000 - 0x00007ffaa0517000 	c:\Users\asher\.vscode\extensions\redhat.java-1.37.0-win32-x64\jre\17.0.13-win32-x86_64\bin\jli.dll
0x00007ffa9b2a0000 - 0x00007ffa9b2be000 	c:\Users\asher\.vscode\extensions\redhat.java-1.37.0-win32-x64\jre\17.0.13-win32-x86_64\bin\VCRUNTIME140.dll
0x00007ffab1d30000 - 0x00007ffab1ecd000 	C:\WINDOWS\System32\USER32.dll
0x00007ffa9f970000 - 0x00007ffa9fc0a000 	C:\WINDOWS\WinSxS\amd64_microsoft.windows.common-controls_6595b64144ccf1df_6.0.19041.4355_none_60b8b9eb71f62e16\COMCTL32.dll
0x00007ffab06e0000 - 0x00007ffab0702000 	C:\WINDOWS\System32\win32u.dll
0x00007ffab2880000 - 0x00007ffab291e000 	C:\WINDOWS\System32\msvcrt.dll
0x00007ffab1010000 - 0x00007ffab103b000 	C:\WINDOWS\System32\GDI32.dll
0x00007ffab0aa0000 - 0x00007ffab0bb7000 	C:\WINDOWS\System32\gdi32full.dll
0x00007ffab0f70000 - 0x00007ffab100d000 	C:\WINDOWS\System32\msvcp_win.dll
0x00007ffab1660000 - 0x00007ffab168f000 	C:\WINDOWS\System32\IMM32.DLL
0x00007ffaa6460000 - 0x00007ffaa646c000 	c:\Users\asher\.vscode\extensions\redhat.java-1.37.0-win32-x64\jre\17.0.13-win32-x86_64\bin\vcruntime140_1.dll
0x00007ffa917f0000 - 0x00007ffa9187d000 	c:\Users\asher\.vscode\extensions\redhat.java-1.37.0-win32-x64\jre\17.0.13-win32-x86_64\bin\msvcp140.dll
0x00007ffa29d60000 - 0x00007ffa2a9cb000 	c:\Users\asher\.vscode\extensions\redhat.java-1.37.0-win32-x64\jre\17.0.13-win32-x86_64\bin\server\jvm.dll
0x00007ffab15a0000 - 0x00007ffab1651000 	C:\WINDOWS\System32\ADVAPI32.dll
0x00007ffab1c20000 - 0x00007ffab1cbf000 	C:\WINDOWS\System32\sechost.dll
0x00007ffab1470000 - 0x00007ffab1593000 	C:\WINDOWS\System32\RPCRT4.dll
0x00007ffab0de0000 - 0x00007ffab0e07000 	C:\WINDOWS\System32\bcrypt.dll
0x00007ffab1bb0000 - 0x00007ffab1c1b000 	C:\WINDOWS\System32\WS2_32.dll
0x00007ffaafbb0000 - 0x00007ffaafbfb000 	C:\WINDOWS\SYSTEM32\POWRPROF.dll
0x00007ffa98530000 - 0x00007ffa98557000 	C:\WINDOWS\SYSTEM32\WINMM.dll
0x00007ffaa5010000 - 0x00007ffaa501a000 	C:\WINDOWS\SYSTEM32\VERSION.dll
0x00007ffaafa60000 - 0x00007ffaafa72000 	C:\WINDOWS\SYSTEM32\UMPDC.dll
0x00007ffaaee80000 - 0x00007ffaaee92000 	C:\WINDOWS\SYSTEM32\kernel.appcore.dll
0x00007ffaa63c0000 - 0x00007ffaa63ca000 	c:\Users\asher\.vscode\extensions\redhat.java-1.37.0-win32-x64\jre\17.0.13-win32-x86_64\bin\jimage.dll
0x00007ffaae3a0000 - 0x00007ffaae584000 	C:\WINDOWS\SYSTEM32\DBGHELP.DLL
0x00007ffaa5590000 - 0x00007ffaa55c4000 	C:\WINDOWS\SYSTEM32\dbgcore.DLL
0x00007ffab0a10000 - 0x00007ffab0a92000 	C:\WINDOWS\System32\bcryptPrimitives.dll
0x00007ffaa3f80000 - 0x00007ffaa3f8e000 	c:\Users\asher\.vscode\extensions\redhat.java-1.37.0-win32-x64\jre\17.0.13-win32-x86_64\bin\instrument.dll
0x00007ffa91d60000 - 0x00007ffa91d85000 	c:\Users\asher\.vscode\extensions\redhat.java-1.37.0-win32-x64\jre\17.0.13-win32-x86_64\bin\java.dll
0x00007ffa98310000 - 0x00007ffa98328000 	c:\Users\asher\.vscode\extensions\redhat.java-1.37.0-win32-x64\jre\17.0.13-win32-x86_64\bin\zip.dll
0x00007ffab2110000 - 0x00007ffab287d000 	C:\WINDOWS\System32\SHELL32.dll
0x00007ffaae590000 - 0x00007ffaaed34000 	C:\WINDOWS\SYSTEM32\windows.storage.dll
0x00007ffab2c50000 - 0x00007ffab2fa3000 	C:\WINDOWS\System32\combase.dll
0x00007ffab00c0000 - 0x00007ffab00ee000 	C:\WINDOWS\SYSTEM32\Wldp.dll
0x00007ffab1fb0000 - 0x00007ffab207d000 	C:\WINDOWS\System32\OLEAUT32.dll
0x00007ffab1690000 - 0x00007ffab173d000 	C:\WINDOWS\System32\SHCORE.dll
0x00007ffab1040000 - 0x00007ffab1095000 	C:\WINDOWS\System32\shlwapi.dll
0x00007ffab05c0000 - 0x00007ffab05e4000 	C:\WINDOWS\SYSTEM32\profapi.dll
0x00007ffa97430000 - 0x00007ffa97449000 	C:\Users\asher\.vscode\extensions\redhat.java-1.37.0-win32-x64\jre\17.0.13-win32-x86_64\bin\net.dll
0x00007ffaa3df0000 - 0x00007ffaa3efd000 	C:\WINDOWS\SYSTEM32\WINHTTP.dll
0x00007ffaafe00000 - 0x00007ffaafe6a000 	C:\WINDOWS\system32\mswsock.dll
0x00007ffa96470000 - 0x00007ffa96486000 	C:\Users\asher\.vscode\extensions\redhat.java-1.37.0-win32-x64\jre\17.0.13-win32-x86_64\bin\nio.dll
0x00007ffaa30a0000 - 0x00007ffaa30b0000 	c:\Users\asher\.vscode\extensions\redhat.java-1.37.0-win32-x64\jre\17.0.13-win32-x86_64\bin\verify.dll
0x00007ffa905d0000 - 0x00007ffa90615000 	C:\Users\asher\AppData\Roaming\Code\User\globalStorage\redhat.java\1.37.0\config_win\org.eclipse.equinox.launcher\org.eclipse.equinox.launcher.win32.win32.x86_64_1.2.1100.v20240722-2106\eclipse_11904.dll
0x00007ffab10a0000 - 0x00007ffab11cb000 	C:\WINDOWS\System32\ole32.dll
0x00007ffab0020000 - 0x00007ffab0038000 	C:\WINDOWS\SYSTEM32\CRYPTSP.dll
0x00007ffaaf690000 - 0x00007ffaaf6c4000 	C:\WINDOWS\system32\rsaenh.dll
0x00007ffab0540000 - 0x00007ffab056e000 	C:\WINDOWS\SYSTEM32\USERENV.dll
0x00007ffab0010000 - 0x00007ffab001c000 	C:\WINDOWS\SYSTEM32\CRYPTBASE.dll
0x00007ffaafa80000 - 0x00007ffaafabb000 	C:\WINDOWS\SYSTEM32\IPHLPAPI.DLL
0x00007ffab1d20000 - 0x00007ffab1d28000 	C:\WINDOWS\System32\NSI.dll
0x00007ffaa4e90000 - 0x00007ffaa4ea7000 	C:\WINDOWS\SYSTEM32\dhcpcsvc6.DLL
0x00007ffaa6290000 - 0x00007ffaa62ad000 	C:\WINDOWS\SYSTEM32\dhcpcsvc.DLL
0x00007ffaafad0000 - 0x00007ffaafb9a000 	C:\WINDOWS\SYSTEM32\DNSAPI.dll
0x00007ffa8bf70000 - 0x00007ffa8bfb9000 	C:\Users\asher\AppData\Local\Temp\jna-93110691\jna3684066685823317675.dll
0x00007ffab2b30000 - 0x00007ffab2b38000 	C:\WINDOWS\System32\PSAPI.DLL

dbghelp: loaded successfully - version: 4.0.5 - missing functions: none
symbol engine: initialized successfully - sym options: 0x614 - pdb path: .;c:\Users\asher\.vscode\extensions\redhat.java-1.37.0-win32-x64\jre\17.0.13-win32-x86_64\bin;C:\WINDOWS\SYSTEM32;C:\WINDOWS\WinSxS\amd64_microsoft.windows.common-controls_6595b64144ccf1df_6.0.19041.4355_none_60b8b9eb71f62e16;c:\Users\asher\.vscode\extensions\redhat.java-1.37.0-win32-x64\jre\17.0.13-win32-x86_64\bin\server;C:\Users\asher\AppData\Roaming\Code\User\globalStorage\redhat.java\1.37.0\config_win\org.eclipse.equinox.launcher\org.eclipse.equinox.launcher.win32.win32.x86_64_1.2.1100.v20240722-2106;C:\Users\asher\AppData\Local\Temp\jna-93110691

VM Arguments:
jvm_args: --add-modules=ALL-SYSTEM --add-opens=java.base/java.util=ALL-UNNAMED --add-opens=java.base/java.lang=ALL-UNNAMED --add-opens=java.base/sun.nio.fs=ALL-UNNAMED -Declipse.application=org.eclipse.jdt.ls.core.id1 -Dosgi.bundles.defaultStartLevel=4 -Declipse.product=org.eclipse.jdt.ls.core.product -Djava.import.generatesMetadataFilesAtProjectRoot=false -DDetectVMInstallationsJob.disabled=true -Dfile.encoding=utf8 -XX:+UseParallelGC -XX:GCTimeRatio=4 -XX:AdaptiveSizePolicyWeight=90 -Dsun.zip.disableMemoryMapping=true -Xmx1G -Xms100m -Xlog:disable -javaagent:c:\Users\asher\.vscode\extensions\redhat.java-1.37.0-win32-x64\lombok\lombok-1.18.34.jar -XX:+HeapDumpOnOutOfMemoryError -XX:HeapDumpPath=c:\Users\asher\AppData\Roaming\Code\User\workspaceStorage\f2fe6b8f2dfb1372ca09c69c4d0f5be1\redhat.java -Daether.dependencyCollector.impl=bf 
java_command: c:\Users\asher\.vscode\extensions\redhat.java-1.37.0-win32-x64\server\plugins\org.eclipse.equinox.launcher_1.6.900.v20240613-2009.jar -configuration c:\Users\asher\AppData\Roaming\Code\User\globalStorage\redhat.java\1.37.0\config_win -data c:\Users\asher\AppData\Roaming\Code\User\workspaceStorage\f2fe6b8f2dfb1372ca09c69c4d0f5be1\redhat.java\jdt_ws --pipe=\\.\pipe\lsp-7cf9b249ee0c1db6e49ee03849c9a3c6-sock
java_class_path (initial): c:\Users\asher\.vscode\extensions\redhat.java-1.37.0-win32-x64\server\plugins\org.eclipse.equinox.launcher_1.6.900.v20240613-2009.jar
Launcher Type: SUN_STANDARD

[Global flags]
    uintx AdaptiveSizePolicyWeight                 = 90                                        {product} {command line}
     intx CICompilerCount                          = 4                                         {product} {ergonomic}
    uintx GCTimeRatio                              = 4                                         {product} {command line}
     bool HeapDumpOnOutOfMemoryError               = true                                   {manageable} {command line}
    ccstr HeapDumpPath                             = c:\Users\asher\AppData\Roaming\Code\User\workspaceStorage\f2fe6b8f2dfb1372ca09c69c4d0f5be1\redhat.java         {manageable} {command line}
   size_t InitialHeapSize                          = 104857600                                 {product} {command line}
   size_t MaxHeapSize                              = 1073741824                                {product} {command line}
   size_t MaxNewSize                               = 357564416                                 {product} {ergonomic}
   size_t MinHeapDeltaBytes                        = 524288                                    {product} {ergonomic}
   size_t MinHeapSize                              = 104857600                                 {product} {command line}
   size_t NewSize                                  = 34603008                                  {product} {ergonomic}
    uintx NonNMethodCodeHeapSize                   = 5839372                                {pd product} {ergonomic}
    uintx NonProfiledCodeHeapSize                  = 122909434                              {pd product} {ergonomic}
   size_t OldSize                                  = 70254592                                  {product} {ergonomic}
    uintx ProfiledCodeHeapSize                     = 122909434                              {pd product} {ergonomic}
    uintx ReservedCodeCacheSize                    = 251658240                              {pd product} {ergonomic}
     bool SegmentedCodeCache                       = true                                      {product} {ergonomic}
   size_t SoftMaxHeapSize                          = 1073741824                             {manageable} {ergonomic}
     bool UseCompressedClassPointers               = true                           {product lp64_product} {ergonomic}
     bool UseCompressedOops                        = true                           {product lp64_product} {ergonomic}
     bool UseLargePagesIndividualAllocation        = false                                  {pd product} {ergonomic}
     bool UseParallelGC                            = true                                      {product} {command line}

Logging:
Log output configuration:
 #0: stdout all=off uptime,level,tags
 #1: stderr all=off uptime,level,tags

Environment Variables:
PATH=C:\pf86\Common Files\Oracle\Java\javapath;C:\pf86\Intel\Intel(R) Management Engine Components\iCLS\;C:\pf\Intel\Intel(R) Management Engine Components\iCLS\;C:\WINDOWS\system32;C:\WINDOWS;C:\WINDOWS\System32\Wbem;C:\WINDOWS\System32\WindowsPowerShell\v1.0\;C:\WINDOWS\System32\OpenSSH\;C:\pf\Intel\WiFi\bin\;C:\pf\Common Files\Intel\WirelessCommon\;C:\pf86\Intel\Intel(R) Management Engine Components\DAL;C:\pf\Intel\Intel(R) Management Engine Components\DAL;C:\pf86\Intel\Intel(R) Management Engine Components\IPT;C:\pf\Intel\Intel(R) Management Engine Components\IPT;C:\pf\dotnet\;C:\pf\nodejs\;C:\pf\Git\cmd;C:\pf\WireGuard\;C:\pf\Docker\Docker\resources\bin;C:\pf\Tailscale\;C:\pf86\Windows Kits\10\Windows Performance Toolkit\;C:\pf\Go\bin;C:\pf\Cloudflare\Cloudflare WARP\;C:\Users\asher\AppData\Local\Programs\Microsoft VS Code\Code.exe;C:\Program Files\Cloudflare\Cloudflare WARP\;C:\Users\asher\AppData\Local\Programs\Eclipse Adoptium\jdk-8.0.422.5-hotspot\bin;C:\Ruby32-x64\bin;C:\pf86\Common Files\Oracle\Java\javapath;C:\pf86\Intel\Intel(R) Management Engine Components\iCLS\;C:\pf\Intel\Intel(R) Management Engine Components\iCLS\;C:\WINDOWS\system32;C:\WINDOWS;C:\WINDOWS\System32\Wbem;C:\WINDOWS\System32\WindowsPowerShell\v1.0\;C:\WINDOWS\System32\OpenSSH\;C:\pf\Intel\WiFi\bin\;C:\pf\Common Files\Intel\WirelessCommon\;C:\pf86\Intel\Intel(R) Management Engine Components\DAL;C:\pf\Intel\Intel(R) Management Engine Components\DAL;C:\pf86\Intel\Intel(R) Management Engine Components\IPT;C:\pf\Intel\Intel(R) Management Engine Components\IPT;C:\pf\dotnet\;C:\pf\nodejs\;C:\pf\Git\cmd;C:\pf\WireGuard\;C:\pf\Docker\Docker\resources\bin;C:\pf\Tailscale\;C:\pf86\Windows Kits\10\Windows Performance Toolkit\;C:\pf\Go\bin;C:\pf\Cloudflare\Cloudflare WARP\;C:\Users\asher\AppData\Local\Programs\Microsoft VS Code\Code.exe;C:\pf86\Common Files\Oracle\Java\javapath;C:\pf86\Intel\Intel(R) Management Engine Components\iCLS\;C:\pf\Intel\Intel(R) Management Engine Components\iCLS\;C:\WIND;C:\U
USERNAME=asher
OS=Windows_NT
PROCESSOR_IDENTIFIER=Intel64 Family 6 Model 142 Stepping 10, GenuineIntel
TMP=C:\Users\asher\AppData\Local\Temp
TEMP=C:\Users\asher\AppData\Local\Temp



Periodic native trim disabled


---------------  S Y S T E M  ---------------

OS:
 Windows 10 , 64 bit Build 19041 (10.0.19041.5072)
OS uptime: 9 days 1:29 hours
Hyper-V role detected

CPU: total 8 (initial active 8) (4 cores per cpu, 2 threads per core) family 6 model 142 stepping 10 microcode 0xb4, cx8, cmov, fxsr, ht, mmx, 3dnowpref, sse, sse2, sse3, ssse3, sse4.1, sse4.2, popcnt, lzcnt, tsc, tscinvbit, avx, avx2, aes, erms, clmul, bmi1, bmi2, adx, fma, vzeroupper, clflush, clflushopt, hv
Processor Information for all 8 processors :
  Max Mhz: 1992, Current Mhz: 1792, Mhz Limit: 1792

Memory: 4k page, system-wide physical 8103M (596M free)
TotalPageFile size 16295M (AvailPageFile size 14M)
current process WorkingSet (physical memory assigned to process): 209M, peak: 216M
current process commit charge ("private bytes"): 295M, peak: 303M

vm_info: OpenJDK 64-Bit Server VM (17.0.13+11) for windows-amd64 JRE (17.0.13+11), built on Oct 16 2024 00:10:08 by "admin" with MS VC++ 17.7 (VS2022)

END.
