#
# There is insufficient memory for the Java Runtime Environment to continue.
# Native memory allocation (malloc) failed to allocate 1891856 bytes. Error detail: Chunk::new
# Possible reasons:
#   The system is out of physical RAM or swap space
#   This process is running with CompressedOops enabled, and the Java Heap may be blocking the growth of the native heap
# Possible solutions:
#   Reduce memory load on the system
#   Increase physical memory or swap space
#   Check if swap backing store is full
#   Decrease Java heap size (-Xmx/-Xms)
#   Decrease number of Java threads
#   Decrease Java thread stack sizes (-Xss)
#   Set larger code cache with -XX:ReservedCodeCacheSize=
#   JVM is running with Unscaled Compressed Oops mode in which the Java heap is
#     placed in the first 4GB address space. The Java Heap base address is the
#     maximum limit for the native heap growth. Please use -XX:HeapBaseMinAddress
#     to set the Java Heap base and to place the Java Heap above 4GB virtual address.
# This output file may be truncated or incomplete.
#
#  Out of Memory Error (arena.cpp:191), pid=9424, tid=1264
#
# JRE version: OpenJDK Runtime Environment Temurin-17.0.13+11 (17.0.13+11) (build 17.0.13+11)
# Java VM: OpenJDK 64-Bit Server VM Temurin-17.0.13+11 (17.0.13+11, mixed mode, tiered, compressed oops, compressed class ptrs, parallel gc, windows-amd64)
# No core dump will be written. Minidumps are not enabled by default on client versions of Windows
#

---------------  S U M M A R Y ------------

Command Line: --add-modules=ALL-SYSTEM --add-opens=java.base/java.util=ALL-UNNAMED --add-opens=java.base/java.lang=ALL-UNNAMED --add-opens=java.base/sun.nio.fs=ALL-UNNAMED -Declipse.application=org.eclipse.jdt.ls.core.id1 -Dosgi.bundles.defaultStartLevel=4 -Declipse.product=org.eclipse.jdt.ls.core.product -Djava.import.generatesMetadataFilesAtProjectRoot=false -DDetectVMInstallationsJob.disabled=true -Dfile.encoding=utf8 -XX:+UseParallelGC -XX:GCTimeRatio=4 -XX:AdaptiveSizePolicyWeight=90 -Dsun.zip.disableMemoryMapping=true -Xmx1G -Xms100m -Xlog:disable -javaagent:c:\Users\asher\.vscode\extensions\redhat.java-1.37.0-win32-x64\lombok\lombok-1.18.34.jar -XX:+HeapDumpOnOutOfMemoryError -XX:HeapDumpPath=c:\Users\asher\AppData\Roaming\Code\User\workspaceStorage\f2fe6b8f2dfb1372ca09c69c4d0f5be1\redhat.java -Daether.dependencyCollector.impl=bf c:\Users\asher\.vscode\extensions\redhat.java-1.37.0-win32-x64\server\plugins\org.eclipse.equinox.launcher_1.6.900.v20240613-2009.jar -configuration c:\Users\asher\AppData\Roaming\Code\User\globalStorage\redhat.java\1.37.0\config_win -data c:\Users\asher\AppData\Roaming\Code\User\workspaceStorage\f2fe6b8f2dfb1372ca09c69c4d0f5be1\redhat.java\jdt_ws --pipe=\\.\pipe\lsp-6d35bb3653c187b67e0973d44d9ed2a2-sock

Host: Intel(R) Core(TM) i7-8550U CPU @ 1.80GHz, 8 cores, 7G,  Windows 10 , 64 bit Build 19041 (10.0.19041.5072)
Time: Fri Dec  6 18:02:27 2024 Eastern Standard Time elapsed time: 6.941898 seconds (0d 0h 0m 6s)

---------------  T H R E A D  ---------------

Current thread (0x00000195acb0f960):  JavaThread "C2 CompilerThread0" daemon [_thread_in_native, id=1264, stack(0x000000602f500000,0x000000602f600000)]


Current CompileTask:
C2:   6942 3585       4       org.lombokweb.asm.ClassReader::readMethod (1066 bytes)

Stack: [0x000000602f500000,0x000000602f600000]
Native frames: (J=compiled Java code, j=interpreted, Vv=VM code, C=native code)
V  [jvm.dll+0x682a19]
V  [jvm.dll+0x839538]
V  [jvm.dll+0x83afe3]
V  [jvm.dll+0x83b653]
V  [jvm.dll+0x24704f]
V  [jvm.dll+0xace34]
V  [jvm.dll+0xad4cc]
V  [jvm.dll+0x36592f]
V  [jvm.dll+0x1ba989]
V  [jvm.dll+0x2181a7]
V  [jvm.dll+0x21748f]
V  [jvm.dll+0x1a3070]
V  [jvm.dll+0x22788c]
V  [jvm.dll+0x2259eb]
V  [jvm.dll+0x7eec98]
V  [jvm.dll+0x7e8ffc]
V  [jvm.dll+0x6818f7]
C  [ucrtbase.dll+0x21bb2]
C  [KERNEL32.DLL+0x17374]
C  [ntdll.dll+0x4cc91]


---------------  P R O C E S S  ---------------

Threads class SMR info:
_java_thread_list=0x00000195ae95c680, length=27, elements={
0x00000195938f27b0, 0x00000195939a6b00, 0x00000195a7789f40, 0x00000195acb07270,
0x00000195acb080f0, 0x00000195acb08f70, 0x00000195acb0ebc0, 0x00000195acb0f960,
0x00000195acb16bd0, 0x00000195acb18860, 0x0000019593951d80, 0x00000195ad97b7a0,
0x00000195ae1fc980, 0x00000195ae0d95c0, 0x00000195ae0e8af0, 0x00000195ae0e8fd0,
0x00000195ae89c7c0, 0x00000195ae1a6580, 0x00000195ae1a8e00, 0x00000195ae1a88f0,
0x00000195ae1a9820, 0x00000195ae1a6fa0, 0x00000195ae1a6070, 0x00000195aeb939d0,
0x00000195ae1a6a90, 0x00000195ae1a74b0, 0x00000195ae1a79c0
}

Java Threads: ( => current thread )
  0x00000195938f27b0 JavaThread "main" [_thread_blocked, id=7768, stack(0x000000602eb00000,0x000000602ec00000)]
  0x00000195939a6b00 JavaThread "Reference Handler" daemon [_thread_blocked, id=12008, stack(0x000000602ee00000,0x000000602ef00000)]
  0x00000195a7789f40 JavaThread "Finalizer" daemon [_thread_blocked, id=17728, stack(0x000000602ef00000,0x000000602f000000)]
  0x00000195acb07270 JavaThread "Signal Dispatcher" daemon [_thread_blocked, id=17964, stack(0x000000602f100000,0x000000602f200000)]
  0x00000195acb080f0 JavaThread "Attach Listener" daemon [_thread_blocked, id=20912, stack(0x000000602f200000,0x000000602f300000)]
  0x00000195acb08f70 JavaThread "Service Thread" daemon [_thread_blocked, id=16308, stack(0x000000602f300000,0x000000602f400000)]
  0x00000195acb0ebc0 JavaThread "Monitor Deflation Thread" daemon [_thread_blocked, id=9800, stack(0x000000602f400000,0x000000602f500000)]
=>0x00000195acb0f960 JavaThread "C2 CompilerThread0" daemon [_thread_in_native, id=1264, stack(0x000000602f500000,0x000000602f600000)]
  0x00000195acb16bd0 JavaThread "C1 CompilerThread0" daemon [_thread_blocked, id=10920, stack(0x000000602f600000,0x000000602f700000)]
  0x00000195acb18860 JavaThread "Sweeper thread" daemon [_thread_blocked, id=21036, stack(0x000000602f700000,0x000000602f800000)]
  0x0000019593951d80 JavaThread "Common-Cleaner" daemon [_thread_blocked, id=22340, stack(0x000000602f800000,0x000000602f900000)]
  0x00000195ad97b7a0 JavaThread "Notification Thread" daemon [_thread_blocked, id=13008, stack(0x000000602fa00000,0x000000602fb00000)]
  0x00000195ae1fc980 JavaThread "Active Thread: Equinox Container: 4c0c9d47-cd15-4414-8f7d-f5a0925f3b72" [_thread_blocked, id=19120, stack(0x0000006030200000,0x0000006030300000)]
  0x00000195ae0d95c0 JavaThread "Refresh Thread: Equinox Container: 4c0c9d47-cd15-4414-8f7d-f5a0925f3b72" daemon [_thread_blocked, id=22824, stack(0x0000006030400000,0x0000006030500000)]
  0x00000195ae0e8af0 JavaThread "Framework Event Dispatcher: Equinox Container: 4c0c9d47-cd15-4414-8f7d-f5a0925f3b72" daemon [_thread_blocked, id=11504, stack(0x0000006030500000,0x0000006030600000)]
  0x00000195ae0e8fd0 JavaThread "Start Level: Equinox Container: 4c0c9d47-cd15-4414-8f7d-f5a0925f3b72" daemon [_thread_in_vm, id=20860, stack(0x0000006030600000,0x0000006030700000)]
  0x00000195ae89c7c0 JavaThread "Bundle File Closer" daemon [_thread_blocked, id=12068, stack(0x0000006030800000,0x0000006030900000)]
  0x00000195ae1a6580 JavaThread "SCR Component Actor" daemon [_thread_blocked, id=3924, stack(0x0000006030900000,0x0000006030a00000)]
  0x00000195ae1a8e00 JavaThread "SCR Component Registry" daemon [_thread_blocked, id=21820, stack(0x0000006030a00000,0x0000006030b00000)]
  0x00000195ae1a88f0 JavaThread "Worker-JM" [_thread_blocked, id=7308, stack(0x0000006030300000,0x0000006030400000)]
  0x00000195ae1a9820 JavaThread "JNA Cleaner" daemon [_thread_blocked, id=5732, stack(0x000000602f900000,0x000000602fa00000)]
  0x00000195ae1a6fa0 JavaThread "Worker-0: Updating Maven Dependencies" [_thread_blocked, id=11544, stack(0x0000006030b00000,0x0000006030c00000)]
  0x00000195ae1a6070 JavaThread "Worker-1: Repository registry initialization" [_thread_in_vm, id=19084, stack(0x0000006030c00000,0x0000006030d00000)]
  0x00000195aeb939d0 JavaThread "C2 CompilerThread1" daemon [_thread_in_native, id=20836, stack(0x0000006030d00000,0x0000006030e00000)]
  0x00000195ae1a6a90 JavaThread "Java indexing" daemon [_thread_blocked, id=8992, stack(0x0000006030e00000,0x0000006030f00000)]
  0x00000195ae1a74b0 JavaThread "Worker-2" [_thread_blocked, id=20132, stack(0x0000006030f00000,0x0000006031000000)]
  0x00000195ae1a79c0 JavaThread "Worker-3" [_thread_blocked, id=7284, stack(0x0000006031000000,0x0000006031100000)]

Other Threads:
  0x000001959397abd0 VMThread "VM Thread" [stack: 0x000000602ed00000,0x000000602ee00000] [id=9960]
  0x00000195ad97bc80 WatcherThread [stack: 0x000000602fb00000,0x000000602fc00000] [id=17812]
  0x0000019593907430 GCTaskThread "GC Thread#0" [stack: 0x000000602ec00000,0x000000602ed00000] [id=21884]
  0x00000195adc8e420 GCTaskThread "GC Thread#1" [stack: 0x000000602fc00000,0x000000602fd00000] [id=23076]
  0x00000195adb7dfe0 GCTaskThread "GC Thread#2" [stack: 0x000000602fd00000,0x000000602fe00000] [id=16052]
  0x00000195adba1420 GCTaskThread "GC Thread#3" [stack: 0x000000602fe00000,0x000000602ff00000] [id=15196]
  0x00000195adea40d0 GCTaskThread "GC Thread#4" [stack: 0x000000602ff00000,0x0000006030000000] [id=12700]
  0x00000195adea4390 GCTaskThread "GC Thread#5" [stack: 0x0000006030000000,0x0000006030100000] [id=23508]
  0x00000195adea4650 GCTaskThread "GC Thread#6" [stack: 0x0000006030100000,0x0000006030200000] [id=23132]
  0x00000195ae1e3de0 GCTaskThread "GC Thread#7" [stack: 0x0000006030700000,0x0000006030800000] [id=22784]

Threads with active compile tasks:
C2 CompilerThread0     6984 3585       4       org.lombokweb.asm.ClassReader::readMethod (1066 bytes)
C2 CompilerThread1     6984 3716       4       jdk.internal.org.objectweb.asm.Frame::execute (2318 bytes)

VM state: not at safepoint (normal execution)

VM Mutex/Monitor currently owned by a thread: None

Heap address: 0x00000000c0000000, size: 1024 MB, Compressed Oops mode: 32-bit

CDS archive(s) not mapped
Compressed class space mapped at: 0x0000000100000000-0x0000000140000000, reserved size: 1073741824
Narrow klass base: 0x0000000000000000, Narrow klass shift: 3, Narrow klass range: 0x140000000

GC Precious Log:
 CPUs: 8 total, 8 available
 Memory: 8103M
 Large Page Support: Disabled
 NUMA Support: Disabled
 Compressed Oops: Enabled (32-bit)
 Alignments: Space 512K, Generation 512K, Heap 2M
 Heap Min Capacity: 100M
 Heap Initial Capacity: 100M
 Heap Max Capacity: 1G
 Pre-touch: Disabled
 Parallel Workers: 8

Heap:
 PSYoungGen      total 26112K, used 16037K [0x00000000eab00000, 0x00000000ec800000, 0x0000000100000000)
  eden space 23552K, 68% used [0x00000000eab00000,0x00000000ebaac440,0x00000000ec200000)
  from space 2560K, 0% used [0x00000000ec580000,0x00000000ec580000,0x00000000ec800000)
  to   space 2560K, 0% used [0x00000000ec300000,0x00000000ec300000,0x00000000ec580000)
 ParOldGen       total 68608K, used 14885K [0x00000000c0000000, 0x00000000c4300000, 0x00000000eab00000)
  object space 68608K, 21% used [0x00000000c0000000,0x00000000c0e895a8,0x00000000c4300000)
 Metaspace       used 37419K, committed 38272K, reserved 1114112K
  class space    used 3734K, committed 4096K, reserved 1048576K

Card table byte_map: [0x0000019593290000,0x00000195934a0000] _byte_map_base: 0x0000019592c90000

Marking Bits: (ParMarkBitMap*) 0x00007ffa2a906940
 Begin Bits: [0x00000195a5590000, 0x00000195a6590000)
 End Bits:   [0x00000195a6590000, 0x00000195a7590000)

Polling page: 0x0000019591850000

Metaspace:

Usage:
  Non-class:     32.90 MB used.
      Class:      3.65 MB used.
       Both:     36.55 MB used.

Virtual space:
  Non-class space:       64.00 MB reserved,      33.38 MB ( 52%) committed,  1 nodes.
      Class space:        1.00 GB reserved,       4.00 MB ( <1%) committed,  1 nodes.
             Both:        1.06 GB reserved,      37.38 MB (  3%) committed. 

Chunk freelists:
   Non-Class:  14.59 MB
       Class:  11.91 MB
        Both:  26.50 MB

MaxMetaspaceSize: unlimited
CompressedClassSpaceSize: 1.00 GB
Initial GC threshold: 21.00 MB
Current GC threshold: 58.38 MB
CDS: off
MetaspaceReclaimPolicy: balanced
 - commit_granule_bytes: 65536.
 - commit_granule_words: 8192.
 - virtual_space_node_default_size: 8388608.
 - enlarge_chunks_in_place: 1.
 - new_chunks_are_fully_committed: 0.
 - uncommit_free_chunks: 1.
 - use_allocation_guard: 0.
 - handle_deallocations: 1.


Internal statistics:

num_allocs_failed_limit: 6.
num_arena_births: 480.
num_arena_deaths: 30.
num_vsnodes_births: 2.
num_vsnodes_deaths: 0.
num_space_committed: 598.
num_space_uncommitted: 0.
num_chunks_returned_to_freelist: 38.
num_chunks_taken_from_freelist: 1656.
num_chunk_merges: 8.
num_chunk_splits: 1075.
num_chunks_enlarged: 723.
num_inconsistent_stats: 0.

CodeHeap 'non-profiled nmethods': size=120000Kb used=1641Kb max_used=1641Kb free=118358Kb
 bounds [0x000001959e060000, 0x000001959e2d0000, 0x00000195a5590000]
CodeHeap 'profiled nmethods': size=120000Kb used=7858Kb max_used=7858Kb free=112141Kb
 bounds [0x0000019596590000, 0x0000019596d40000, 0x000001959dac0000]
CodeHeap 'non-nmethods': size=5760Kb used=1267Kb max_used=1288Kb free=4492Kb
 bounds [0x000001959dac0000, 0x000001959dd30000, 0x000001959e060000]
 total_blobs=4463 nmethods=3872 adapters=504
 compilation: enabled
              stopped_count=0, restarted_count=0
 full_count=0

Compilation events (20 events):
Event: 6.914 Thread 0x00000195acb16bd0 3847       3       jdk.internal.reflect.ClassFileAssembler::emitConstantPoolNameAndType (28 bytes)
Event: 6.915 Thread 0x00000195acb16bd0 nmethod 3847 0x0000019596d2bc10 code [0x0000019596d2be40, 0x0000019596d2c4c8]
Event: 6.915 Thread 0x00000195acb16bd0 3848       1       jdk.internal.reflect.ClassFileAssembler::getStack (5 bytes)
Event: 6.915 Thread 0x00000195acb16bd0 nmethod 3848 0x000001959e1f9210 code [0x000001959e1f93a0, 0x000001959e1f9478]
Event: 6.923 Thread 0x00000195acb16bd0 3849       3       jdk.internal.loader.BuiltinClassLoader::findResources (182 bytes)
Event: 6.926 Thread 0x00000195acb16bd0 nmethod 3849 0x0000019596d2c890 code [0x0000019596d2cca0, 0x0000019596d2eb48]
Event: 6.926 Thread 0x00000195acb16bd0 3850       3       jdk.internal.loader.BuiltinClassLoader::findResourcesOnClassPath (43 bytes)
Event: 6.927 Thread 0x00000195acb16bd0 nmethod 3850 0x0000019596d2f790 code [0x0000019596d2f9e0, 0x0000019596d302f8]
Event: 6.927 Thread 0x00000195acb16bd0 3851       3       jdk.internal.loader.BuiltinClassLoader$1::<init> (33 bytes)
Event: 6.928 Thread 0x00000195acb16bd0 nmethod 3851 0x0000019596d30610 code [0x0000019596d307c0, 0x0000019596d30a48]
Event: 6.928 Thread 0x00000195acb16bd0 3852       3       jdk.internal.loader.URLClassPath$JarLoader::findResource (18 bytes)
Event: 6.928 Thread 0x00000195acb16bd0 nmethod 3852 0x0000019596d30b90 code [0x0000019596d30d40, 0x0000019596d30fb8]
Event: 6.928 Thread 0x00000195acb16bd0 3853       3       sun.util.PreHashedMap::get (67 bytes)
Event: 6.929 Thread 0x00000195acb16bd0 nmethod 3853 0x0000019596d31090 code [0x0000019596d312a0, 0x0000019596d31998]
Event: 6.929 Thread 0x00000195acb16bd0 3854       3       jdk.internal.module.ServicesCatalog::findServices (17 bytes)
Event: 6.930 Thread 0x00000195acb16bd0 nmethod 3854 0x0000019596d31c10 code [0x0000019596d31dc0, 0x0000019596d320e8]
Event: 6.930 Thread 0x00000195acb16bd0 3855       3       java.util.concurrent.ConcurrentHashMap::getOrDefault (16 bytes)
Event: 6.931 Thread 0x00000195acb16bd0 nmethod 3855 0x0000019596d32210 code [0x0000019596d323c0, 0x0000019596d32568]
Event: 6.935 Thread 0x00000195acb16bd0 3859       2       java.util.TreeMap::<init> (20 bytes)
Event: 6.936 Thread 0x00000195acb16bd0 nmethod 3859 0x0000019596d32610 code [0x0000019596d327a0, 0x0000019596d328d8]

GC Heap History (20 events):
Event: 3.798 GC heap before
{Heap before GC invocations=3 (full 0):
 PSYoungGen      total 29696K, used 29677K [0x00000000eab00000, 0x00000000ecc00000, 0x0000000100000000)
  eden space 25600K, 100% used [0x00000000eab00000,0x00000000ec400000,0x00000000ec400000)
  from space 4096K, 99% used [0x00000000ec800000,0x00000000ecbfb7b8,0x00000000ecc00000)
  to   space 4096K, 0% used [0x00000000ec400000,0x00000000ec400000,0x00000000ec800000)
 ParOldGen       total 68608K, used 1298K [0x00000000c0000000, 0x00000000c4300000, 0x00000000eab00000)
  object space 68608K, 1% used [0x00000000c0000000,0x00000000c0144840,0x00000000c4300000)
 Metaspace       used 16319K, committed 16512K, reserved 1114112K
  class space    used 1643K, committed 1728K, reserved 1048576K
}
Event: 3.806 GC heap after
{Heap after GC invocations=3 (full 0):
 PSYoungGen      total 29696K, used 4077K [0x00000000eab00000, 0x00000000ecc00000, 0x0000000100000000)
  eden space 25600K, 0% used [0x00000000eab00000,0x00000000eab00000,0x00000000ec400000)
  from space 4096K, 99% used [0x00000000ec400000,0x00000000ec7fb760,0x00000000ec800000)
  to   space 4096K, 0% used [0x00000000ec800000,0x00000000ec800000,0x00000000ecc00000)
 ParOldGen       total 68608K, used 5615K [0x00000000c0000000, 0x00000000c4300000, 0x00000000eab00000)
  object space 68608K, 8% used [0x00000000c0000000,0x00000000c057bcc0,0x00000000c4300000)
 Metaspace       used 16319K, committed 16512K, reserved 1114112K
  class space    used 1643K, committed 1728K, reserved 1048576K
}
Event: 4.375 GC heap before
{Heap before GC invocations=4 (full 0):
 PSYoungGen      total 29696K, used 29677K [0x00000000eab00000, 0x00000000ecc00000, 0x0000000100000000)
  eden space 25600K, 100% used [0x00000000eab00000,0x00000000ec400000,0x00000000ec400000)
  from space 4096K, 99% used [0x00000000ec400000,0x00000000ec7fb760,0x00000000ec800000)
  to   space 4096K, 0% used [0x00000000ec800000,0x00000000ec800000,0x00000000ecc00000)
 ParOldGen       total 68608K, used 5615K [0x00000000c0000000, 0x00000000c4300000, 0x00000000eab00000)
  object space 68608K, 8% used [0x00000000c0000000,0x00000000c057bcc0,0x00000000c4300000)
 Metaspace       used 19896K, committed 20288K, reserved 1114112K
  class space    used 2010K, committed 2176K, reserved 1048576K
}
Event: 4.381 GC heap after
{Heap after GC invocations=4 (full 0):
 PSYoungGen      total 29696K, used 4091K [0x00000000eab00000, 0x00000000ecc00000, 0x0000000100000000)
  eden space 25600K, 0% used [0x00000000eab00000,0x00000000eab00000,0x00000000ec400000)
  from space 4096K, 99% used [0x00000000ec800000,0x00000000ecbfed00,0x00000000ecc00000)
  to   space 4096K, 0% used [0x00000000ec400000,0x00000000ec400000,0x00000000ec800000)
 ParOldGen       total 68608K, used 6806K [0x00000000c0000000, 0x00000000c4300000, 0x00000000eab00000)
  object space 68608K, 9% used [0x00000000c0000000,0x00000000c06a59e8,0x00000000c4300000)
 Metaspace       used 19896K, committed 20288K, reserved 1114112K
  class space    used 2010K, committed 2176K, reserved 1048576K
}
Event: 4.459 GC heap before
{Heap before GC invocations=5 (full 0):
 PSYoungGen      total 29696K, used 9510K [0x00000000eab00000, 0x00000000ecc00000, 0x0000000100000000)
  eden space 25600K, 21% used [0x00000000eab00000,0x00000000eb04ab80,0x00000000ec400000)
  from space 4096K, 99% used [0x00000000ec800000,0x00000000ecbfed00,0x00000000ecc00000)
  to   space 4096K, 0% used [0x00000000ec400000,0x00000000ec400000,0x00000000ec800000)
 ParOldGen       total 68608K, used 6806K [0x00000000c0000000, 0x00000000c4300000, 0x00000000eab00000)
  object space 68608K, 9% used [0x00000000c0000000,0x00000000c06a59e8,0x00000000c4300000)
 Metaspace       used 21025K, committed 21504K, reserved 1114112K
  class space    used 2117K, committed 2368K, reserved 1048576K
}
Event: 4.462 GC heap after
{Heap after GC invocations=5 (full 0):
 PSYoungGen      total 29696K, used 4066K [0x00000000eab00000, 0x00000000ece00000, 0x0000000100000000)
  eden space 25600K, 0% used [0x00000000eab00000,0x00000000eab00000,0x00000000ec400000)
  from space 4096K, 99% used [0x00000000ec400000,0x00000000ec7f89c0,0x00000000ec800000)
  to   space 5120K, 0% used [0x00000000ec900000,0x00000000ec900000,0x00000000ece00000)
 ParOldGen       total 68608K, used 6942K [0x00000000c0000000, 0x00000000c4300000, 0x00000000eab00000)
  object space 68608K, 10% used [0x00000000c0000000,0x00000000c06c79e8,0x00000000c4300000)
 Metaspace       used 21025K, committed 21504K, reserved 1114112K
  class space    used 2117K, committed 2368K, reserved 1048576K
}
Event: 4.462 GC heap before
{Heap before GC invocations=6 (full 1):
 PSYoungGen      total 29696K, used 4066K [0x00000000eab00000, 0x00000000ece00000, 0x0000000100000000)
  eden space 25600K, 0% used [0x00000000eab00000,0x00000000eab00000,0x00000000ec400000)
  from space 4096K, 99% used [0x00000000ec400000,0x00000000ec7f89c0,0x00000000ec800000)
  to   space 5120K, 0% used [0x00000000ec900000,0x00000000ec900000,0x00000000ece00000)
 ParOldGen       total 68608K, used 6942K [0x00000000c0000000, 0x00000000c4300000, 0x00000000eab00000)
  object space 68608K, 10% used [0x00000000c0000000,0x00000000c06c79e8,0x00000000c4300000)
 Metaspace       used 21025K, committed 21504K, reserved 1114112K
  class space    used 2117K, committed 2368K, reserved 1048576K
}
Event: 4.490 GC heap after
{Heap after GC invocations=6 (full 1):
 PSYoungGen      total 29696K, used 0K [0x00000000eab00000, 0x00000000ece00000, 0x0000000100000000)
  eden space 25600K, 0% used [0x00000000eab00000,0x00000000eab00000,0x00000000ec400000)
  from space 4096K, 0% used [0x00000000ec400000,0x00000000ec400000,0x00000000ec800000)
  to   space 5120K, 0% used [0x00000000ec900000,0x00000000ec900000,0x00000000ece00000)
 ParOldGen       total 68608K, used 10586K [0x00000000c0000000, 0x00000000c4300000, 0x00000000eab00000)
  object space 68608K, 15% used [0x00000000c0000000,0x00000000c0a56a58,0x00000000c4300000)
 Metaspace       used 21025K, committed 21504K, reserved 1114112K
  class space    used 2117K, committed 2368K, reserved 1048576K
}
Event: 5.332 GC heap before
{Heap before GC invocations=7 (full 1):
 PSYoungGen      total 29696K, used 25600K [0x00000000eab00000, 0x00000000ece00000, 0x0000000100000000)
  eden space 25600K, 100% used [0x00000000eab00000,0x00000000ec400000,0x00000000ec400000)
  from space 4096K, 0% used [0x00000000ec400000,0x00000000ec400000,0x00000000ec800000)
  to   space 5120K, 0% used [0x00000000ec900000,0x00000000ec900000,0x00000000ece00000)
 ParOldGen       total 68608K, used 10586K [0x00000000c0000000, 0x00000000c4300000, 0x00000000eab00000)
  object space 68608K, 15% used [0x00000000c0000000,0x00000000c0a56a58,0x00000000c4300000)
 Metaspace       used 24772K, committed 25472K, reserved 1114112K
  class space    used 2530K, committed 2816K, reserved 1048576K
}
Event: 5.336 GC heap after
{Heap after GC invocations=7 (full 1):
 PSYoungGen      total 26624K, used 1472K [0x00000000eab00000, 0x00000000eca80000, 0x0000000100000000)
  eden space 25088K, 0% used [0x00000000eab00000,0x00000000eab00000,0x00000000ec380000)
  from space 1536K, 95% used [0x00000000ec900000,0x00000000eca70000,0x00000000eca80000)
  to   space 3072K, 0% used [0x00000000ec480000,0x00000000ec480000,0x00000000ec780000)
 ParOldGen       total 68608K, used 10594K [0x00000000c0000000, 0x00000000c4300000, 0x00000000eab00000)
  object space 68608K, 15% used [0x00000000c0000000,0x00000000c0a58a58,0x00000000c4300000)
 Metaspace       used 24772K, committed 25472K, reserved 1114112K
  class space    used 2530K, committed 2816K, reserved 1048576K
}
Event: 5.659 GC heap before
{Heap before GC invocations=8 (full 1):
 PSYoungGen      total 26624K, used 26512K [0x00000000eab00000, 0x00000000eca80000, 0x0000000100000000)
  eden space 25088K, 99% used [0x00000000eab00000,0x00000000ec3740e0,0x00000000ec380000)
  from space 1536K, 95% used [0x00000000ec900000,0x00000000eca70000,0x00000000eca80000)
  to   space 3072K, 0% used [0x00000000ec480000,0x00000000ec480000,0x00000000ec780000)
 ParOldGen       total 68608K, used 10594K [0x00000000c0000000, 0x00000000c4300000, 0x00000000eab00000)
  object space 68608K, 15% used [0x00000000c0000000,0x00000000c0a58a58,0x00000000c4300000)
 Metaspace       used 27494K, committed 28224K, reserved 1114112K
  class space    used 2842K, committed 3136K, reserved 1048576K
}
Event: 5.663 GC heap after
{Heap after GC invocations=8 (full 1):
 PSYoungGen      total 27648K, used 2737K [0x00000000eab00000, 0x00000000ec980000, 0x0000000100000000)
  eden space 24576K, 0% used [0x00000000eab00000,0x00000000eab00000,0x00000000ec300000)
  from space 3072K, 89% used [0x00000000ec480000,0x00000000ec72c6d8,0x00000000ec780000)
  to   space 2048K, 0% used [0x00000000ec780000,0x00000000ec780000,0x00000000ec980000)
 ParOldGen       total 68608K, used 10602K [0x00000000c0000000, 0x00000000c4300000, 0x00000000eab00000)
  object space 68608K, 15% used [0x00000000c0000000,0x00000000c0a5aa58,0x00000000c4300000)
 Metaspace       used 27494K, committed 28224K, reserved 1114112K
  class space    used 2842K, committed 3136K, reserved 1048576K
}
Event: 6.071 GC heap before
{Heap before GC invocations=9 (full 1):
 PSYoungGen      total 27648K, used 27313K [0x00000000eab00000, 0x00000000ec980000, 0x0000000100000000)
  eden space 24576K, 100% used [0x00000000eab00000,0x00000000ec300000,0x00000000ec300000)
  from space 3072K, 89% used [0x00000000ec480000,0x00000000ec72c6d8,0x00000000ec780000)
  to   space 2048K, 0% used [0x00000000ec780000,0x00000000ec780000,0x00000000ec980000)
 ParOldGen       total 68608K, used 10602K [0x00000000c0000000, 0x00000000c4300000, 0x00000000eab00000)
  object space 68608K, 15% used [0x00000000c0000000,0x00000000c0a5aa58,0x00000000c4300000)
 Metaspace       used 30166K, committed 30912K, reserved 1114112K
  class space    used 3014K, committed 3328K, reserved 1048576K
}
Event: 6.074 GC heap after
{Heap after GC invocations=9 (full 1):
 PSYoungGen      total 26112K, used 2044K [0x00000000eab00000, 0x00000000ec980000, 0x0000000100000000)
  eden space 24064K, 0% used [0x00000000eab00000,0x00000000eab00000,0x00000000ec280000)
  from space 2048K, 99% used [0x00000000ec780000,0x00000000ec97f2d8,0x00000000ec980000)
  to   space 3584K, 0% used [0x00000000ec280000,0x00000000ec280000,0x00000000ec600000)
 ParOldGen       total 68608K, used 11634K [0x00000000c0000000, 0x00000000c4300000, 0x00000000eab00000)
  object space 68608K, 16% used [0x00000000c0000000,0x00000000c0b5ca98,0x00000000c4300000)
 Metaspace       used 30166K, committed 30912K, reserved 1114112K
  class space    used 3014K, committed 3328K, reserved 1048576K
}
Event: 6.395 GC heap before
{Heap before GC invocations=10 (full 1):
 PSYoungGen      total 26112K, used 26108K [0x00000000eab00000, 0x00000000ec980000, 0x0000000100000000)
  eden space 24064K, 100% used [0x00000000eab00000,0x00000000ec280000,0x00000000ec280000)
  from space 2048K, 99% used [0x00000000ec780000,0x00000000ec97f2d8,0x00000000ec980000)
  to   space 3584K, 0% used [0x00000000ec280000,0x00000000ec280000,0x00000000ec600000)
 ParOldGen       total 68608K, used 11634K [0x00000000c0000000, 0x00000000c4300000, 0x00000000eab00000)
  object space 68608K, 16% used [0x00000000c0000000,0x00000000c0b5ca98,0x00000000c4300000)
 Metaspace       used 33057K, committed 33792K, reserved 1114112K
  class space    used 3243K, committed 3520K, reserved 1048576K
}
Event: 6.399 GC heap after
{Heap after GC invocations=10 (full 1):
 PSYoungGen      total 26624K, used 3013K [0x00000000eab00000, 0x00000000ec800000, 0x0000000100000000)
  eden space 23552K, 0% used [0x00000000eab00000,0x00000000eab00000,0x00000000ec200000)
  from space 3072K, 98% used [0x00000000ec280000,0x00000000ec571538,0x00000000ec580000)
  to   space 2560K, 0% used [0x00000000ec580000,0x00000000ec580000,0x00000000ec800000)
 ParOldGen       total 68608K, used 12727K [0x00000000c0000000, 0x00000000c4300000, 0x00000000eab00000)
  object space 68608K, 18% used [0x00000000c0000000,0x00000000c0c6dfb8,0x00000000c4300000)
 Metaspace       used 33057K, committed 33792K, reserved 1114112K
  class space    used 3243K, committed 3520K, reserved 1048576K
}
Event: 6.698 GC heap before
{Heap before GC invocations=11 (full 1):
 PSYoungGen      total 26624K, used 25696K [0x00000000eab00000, 0x00000000ec800000, 0x0000000100000000)
  eden space 23552K, 96% used [0x00000000eab00000,0x00000000ec126b08,0x00000000ec200000)
  from space 3072K, 98% used [0x00000000ec280000,0x00000000ec571538,0x00000000ec580000)
  to   space 2560K, 0% used [0x00000000ec580000,0x00000000ec580000,0x00000000ec800000)
 ParOldGen       total 68608K, used 12727K [0x00000000c0000000, 0x00000000c4300000, 0x00000000eab00000)
  object space 68608K, 18% used [0x00000000c0000000,0x00000000c0c6dfb8,0x00000000c4300000)
 Metaspace       used 35124K, committed 35840K, reserved 1114112K
  class space    used 3430K, committed 3712K, reserved 1048576K
}
Event: 6.702 GC heap after
{Heap after GC invocations=11 (full 1):
 PSYoungGen      total 26112K, used 2095K [0x00000000eab00000, 0x00000000ec800000, 0x0000000100000000)
  eden space 23552K, 0% used [0x00000000eab00000,0x00000000eab00000,0x00000000ec200000)
  from space 2560K, 81% used [0x00000000ec580000,0x00000000ec78bea0,0x00000000ec800000)
  to   space 2560K, 0% used [0x00000000ec300000,0x00000000ec300000,0x00000000ec580000)
 ParOldGen       total 68608K, used 14503K [0x00000000c0000000, 0x00000000c4300000, 0x00000000eab00000)
  object space 68608K, 21% used [0x00000000c0000000,0x00000000c0e29f20,0x00000000c4300000)
 Metaspace       used 35124K, committed 35840K, reserved 1114112K
  class space    used 3430K, committed 3712K, reserved 1048576K
}
Event: 6.702 GC heap before
{Heap before GC invocations=12 (full 2):
 PSYoungGen      total 26112K, used 2095K [0x00000000eab00000, 0x00000000ec800000, 0x0000000100000000)
  eden space 23552K, 0% used [0x00000000eab00000,0x00000000eab00000,0x00000000ec200000)
  from space 2560K, 81% used [0x00000000ec580000,0x00000000ec78bea0,0x00000000ec800000)
  to   space 2560K, 0% used [0x00000000ec300000,0x00000000ec300000,0x00000000ec580000)
 ParOldGen       total 68608K, used 14503K [0x00000000c0000000, 0x00000000c4300000, 0x00000000eab00000)
  object space 68608K, 21% used [0x00000000c0000000,0x00000000c0e29f20,0x00000000c4300000)
 Metaspace       used 35124K, committed 35840K, reserved 1114112K
  class space    used 3430K, committed 3712K, reserved 1048576K
}
Event: 6.739 GC heap after
{Heap after GC invocations=12 (full 2):
 PSYoungGen      total 26112K, used 0K [0x00000000eab00000, 0x00000000ec800000, 0x0000000100000000)
  eden space 23552K, 0% used [0x00000000eab00000,0x00000000eab00000,0x00000000ec200000)
  from space 2560K, 0% used [0x00000000ec580000,0x00000000ec580000,0x00000000ec800000)
  to   space 2560K, 0% used [0x00000000ec300000,0x00000000ec300000,0x00000000ec580000)
 ParOldGen       total 68608K, used 14885K [0x00000000c0000000, 0x00000000c4300000, 0x00000000eab00000)
  object space 68608K, 21% used [0x00000000c0000000,0x00000000c0e895a8,0x00000000c4300000)
 Metaspace       used 35096K, committed 35840K, reserved 1114112K
  class space    used 3423K, committed 3712K, reserved 1048576K
}

Dll operation events (10 events):
Event: 0.014 Loaded shared library c:\Users\asher\.vscode\extensions\redhat.java-1.37.0-win32-x64\jre\17.0.13-win32-x86_64\bin\java.dll
Event: 0.232 Loaded shared library c:\Users\asher\.vscode\extensions\redhat.java-1.37.0-win32-x64\jre\17.0.13-win32-x86_64\bin\zip.dll
Event: 0.239 Loaded shared library C:\Users\asher\.vscode\extensions\redhat.java-1.37.0-win32-x64\jre\17.0.13-win32-x86_64\bin\instrument.dll
Event: 0.254 Loaded shared library C:\Users\asher\.vscode\extensions\redhat.java-1.37.0-win32-x64\jre\17.0.13-win32-x86_64\bin\net.dll
Event: 0.256 Loaded shared library C:\Users\asher\.vscode\extensions\redhat.java-1.37.0-win32-x64\jre\17.0.13-win32-x86_64\bin\nio.dll
Event: 0.263 Loaded shared library C:\Users\asher\.vscode\extensions\redhat.java-1.37.0-win32-x64\jre\17.0.13-win32-x86_64\bin\zip.dll
Event: 0.284 Loaded shared library C:\Users\asher\.vscode\extensions\redhat.java-1.37.0-win32-x64\jre\17.0.13-win32-x86_64\bin\jimage.dll
Event: 0.386 Loaded shared library c:\Users\asher\.vscode\extensions\redhat.java-1.37.0-win32-x64\jre\17.0.13-win32-x86_64\bin\verify.dll
Event: 2.993 Loaded shared library C:\Users\asher\AppData\Roaming\Code\User\globalStorage\redhat.java\1.37.0\config_win\org.eclipse.equinox.launcher\org.eclipse.equinox.launcher.win32.win32.x86_64_1.2.1100.v20240722-2106\eclipse_11904.dll
Event: 4.964 Loaded shared library C:\Users\asher\AppData\Local\Temp\jna-93110691\jna2298728851081586524.dll

Deoptimization events (20 events):
Event: 6.757 Thread 0x00000195ae1a6070 Uncommon trap: trap_request=0xffffffde fr.pc=0x000001959e1dc850 relative=0x00000000000000b0
Event: 6.757 Thread 0x00000195ae1a6070 Uncommon trap: reason=class_check action=maybe_recompile pc=0x000001959e1dc850 method=java.lang.Character.codePointAt(Ljava/lang/CharSequence;I)I @ 2 c2
Event: 6.757 Thread 0x00000195ae1a6070 DEOPT PACKING pc=0x000001959e1dc850 sp=0x0000006030cfe440
Event: 6.757 Thread 0x00000195ae1a6070 DEOPT UNPACKING pc=0x000001959db166a3 sp=0x0000006030cfe3c8 mode 2
Event: 6.757 Thread 0x00000195ae1a6070 Uncommon trap: trap_request=0xffffffde fr.pc=0x000001959e1dc850 relative=0x00000000000000b0
Event: 6.757 Thread 0x00000195ae1a6070 Uncommon trap: reason=class_check action=maybe_recompile pc=0x000001959e1dc850 method=java.lang.Character.codePointAt(Ljava/lang/CharSequence;I)I @ 2 c2
Event: 6.757 Thread 0x00000195ae1a6070 DEOPT PACKING pc=0x000001959e1dc850 sp=0x0000006030cfe440
Event: 6.757 Thread 0x00000195ae1a6070 DEOPT UNPACKING pc=0x000001959db166a3 sp=0x0000006030cfe3c8 mode 2
Event: 6.757 Thread 0x00000195ae1a6070 Uncommon trap: trap_request=0xffffffde fr.pc=0x000001959e1dc850 relative=0x00000000000000b0
Event: 6.757 Thread 0x00000195ae1a6070 Uncommon trap: reason=class_check action=maybe_recompile pc=0x000001959e1dc850 method=java.lang.Character.codePointAt(Ljava/lang/CharSequence;I)I @ 2 c2
Event: 6.757 Thread 0x00000195ae1a6070 DEOPT PACKING pc=0x000001959e1dc850 sp=0x0000006030cfe440
Event: 6.757 Thread 0x00000195ae1a6070 DEOPT UNPACKING pc=0x000001959db166a3 sp=0x0000006030cfe3c8 mode 2
Event: 6.757 Thread 0x00000195ae1a6070 Uncommon trap: trap_request=0xffffffde fr.pc=0x000001959e1dc850 relative=0x00000000000000b0
Event: 6.757 Thread 0x00000195ae1a6070 Uncommon trap: reason=class_check action=maybe_recompile pc=0x000001959e1dc850 method=java.lang.Character.codePointAt(Ljava/lang/CharSequence;I)I @ 2 c2
Event: 6.757 Thread 0x00000195ae1a6070 DEOPT PACKING pc=0x000001959e1dc850 sp=0x0000006030cfe440
Event: 6.757 Thread 0x00000195ae1a6070 DEOPT UNPACKING pc=0x000001959db166a3 sp=0x0000006030cfe3c8 mode 2
Event: 6.806 Thread 0x00000195ae0e8fd0 Uncommon trap: trap_request=0xffffff45 fr.pc=0x000001959e176c9c relative=0x000000000000055c
Event: 6.806 Thread 0x00000195ae0e8fd0 Uncommon trap: reason=unstable_if action=reinterpret pc=0x000001959e176c9c method=java.util.Properties.getProperty(Ljava/lang/String;)Ljava/lang/String; @ 36 c2
Event: 6.806 Thread 0x00000195ae0e8fd0 DEOPT PACKING pc=0x000001959e176c9c sp=0x00000060306fe230
Event: 6.806 Thread 0x00000195ae0e8fd0 DEOPT UNPACKING pc=0x000001959db166a3 sp=0x00000060306fe1e8 mode 2

Classes loaded (20 events):
Event: 6.877 Loading class sun/nio/cs/MS1251
Event: 6.877 Loading class sun/nio/cs/MS1251 done
Event: 6.878 Loading class sun/nio/cs/MS1250
Event: 6.878 Loading class sun/nio/cs/MS1250 done
Event: 6.879 Loading class sun/nio/cs/ISO_8859_2
Event: 6.879 Loading class sun/nio/cs/ISO_8859_2 done
Event: 6.884 Loading class sun/nio/cs/ISO_8859_4
Event: 6.884 Loading class sun/nio/cs/ISO_8859_4 done
Event: 6.885 Loading class sun/nio/cs/ISO_8859_5
Event: 6.885 Loading class sun/nio/cs/ISO_8859_5 done
Event: 6.886 Loading class sun/nio/cs/ISO_8859_9
Event: 6.886 Loading class sun/nio/cs/ISO_8859_9 done
Event: 6.887 Loading class sun/nio/cs/ISO_8859_7
Event: 6.887 Loading class sun/nio/cs/ISO_8859_7 done
Event: 6.888 Loading class sun/nio/cs/IBM850
Event: 6.888 Loading class sun/nio/cs/IBM850 done
Event: 6.890 Loading class sun/nio/cs/SJIS
Event: 6.890 Loading class sun/nio/cs/SJIS done
Event: 6.928 Loading class sun/nio/cs/KOI8_R
Event: 6.928 Loading class sun/nio/cs/KOI8_R done

Classes unloaded (15 events):
Event: 6.709 Thread 0x000001959397abd0 Unloading class 0x000000010039a400 'java/lang/invoke/LambdaForm$MH+0x000000010039a400'
Event: 6.709 Thread 0x000001959397abd0 Unloading class 0x0000000100399c00 'java/lang/invoke/LambdaForm$DMH+0x0000000100399c00'
Event: 6.709 Thread 0x000001959397abd0 Unloading class 0x0000000100398400 'java/lang/invoke/LambdaForm$MH+0x0000000100398400'
Event: 6.709 Thread 0x000001959397abd0 Unloading class 0x0000000100397c00 'java/lang/invoke/LambdaForm$MH+0x0000000100397c00'
Event: 6.709 Thread 0x000001959397abd0 Unloading class 0x0000000100393800 'java/lang/invoke/LambdaForm$MH+0x0000000100393800'
Event: 6.709 Thread 0x000001959397abd0 Unloading class 0x0000000100392c00 'java/lang/invoke/LambdaForm$MH+0x0000000100392c00'
Event: 6.709 Thread 0x000001959397abd0 Unloading class 0x0000000100392400 'java/lang/invoke/LambdaForm$MH+0x0000000100392400'
Event: 6.709 Thread 0x000001959397abd0 Unloading class 0x0000000100390800 'java/lang/invoke/LambdaForm$MH+0x0000000100390800'
Event: 6.709 Thread 0x000001959397abd0 Unloading class 0x000000010023c000 'java/lang/invoke/LambdaForm$MH+0x000000010023c000'
Event: 6.709 Thread 0x000001959397abd0 Unloading class 0x000000010023bc00 'java/lang/invoke/LambdaForm$MH+0x000000010023bc00'
Event: 6.709 Thread 0x000001959397abd0 Unloading class 0x000000010023b800 'java/lang/invoke/LambdaForm$MH+0x000000010023b800'
Event: 6.709 Thread 0x000001959397abd0 Unloading class 0x000000010023b400 'java/lang/invoke/LambdaForm$MH+0x000000010023b400'
Event: 6.709 Thread 0x000001959397abd0 Unloading class 0x000000010023b000 'java/lang/invoke/LambdaForm$BMH+0x000000010023b000'
Event: 6.709 Thread 0x000001959397abd0 Unloading class 0x000000010023ac00 'java/lang/invoke/LambdaForm$DMH+0x000000010023ac00'
Event: 6.709 Thread 0x000001959397abd0 Unloading class 0x0000000100238400 'java/lang/invoke/LambdaForm$DMH+0x0000000100238400'

Classes redefined (0 events):
No events

Internal exceptions (20 events):
Event: 6.641 Thread 0x00000195ae1a6fa0 Exception <a 'java/lang/NoSuchMethodError'{0x00000000ebb42a58}: 'void java.lang.invoke.DirectMethodHandle$Holder.invokeStatic(java.lang.Object, java.lang.Object, java.lang.Object, java.lang.Object)'> (0x00000000ebb42a58) 
thrown [s\src\hotspot\share\interpreter\linkResolver.cpp, line 759]
Event: 6.663 Thread 0x00000195ae1a6070 Exception <a 'java/lang/NoSuchMethodError'{0x00000000ebf1dcb8}: 'java.lang.Object java.lang.invoke.DirectMethodHandle$Holder.invokeStaticInit(java.lang.Object, java.lang.Object, java.lang.Object, java.lang.Object, java.lang.Object, java.lang.Object, java.lang.Object)'> (0x00000000ebf1dcb8) 
thrown [s\src\hotspot\share\interpreter\linkResolver.cpp, line 759]
Event: 6.664 Thread 0x00000195ae1a6070 Exception <a 'java/lang/NoSuchMethodError'{0x00000000ebf26cb0}: 'java.lang.Object java.lang.invoke.DirectMethodHandle$Holder.invokeSpecial(java.lang.Object, java.lang.Object, java.lang.Object, java.lang.Object, java.lang.Object, java.lang.Object, java.lang.Object, java.lang.Object, java.lang.Object)'> (0x00000000ebf26cb0) 
thrown [s\src\hotspot\share\interpreter\linkResolver.cpp, line 759]
Event: 6.664 Thread 0x00000195ae1a6070 Exception <a 'java/lang/NoSuchMethodError'{0x00000000ebf31630}: 'java.lang.Object java.lang.invoke.Invokers$Holder.invoke_MT(java.lang.Object, java.lang.Object, java.lang.Object, java.lang.Object, java.lang.Object, java.lang.Object, java.lang.Object, java.lang.Object, java.lang.Object)'> (0x00000000ebf31630) 
thrown [s\src\hotspot\share\interpreter\linkResolver.cpp, line 759]
Event: 6.675 Thread 0x00000195ae1a6fa0 Exception <a 'java/lang/NoSuchMethodError'{0x00000000ec010b30}: 'int java.lang.invoke.DirectMethodHandle$Holder.invokeVirtual(java.lang.Object, java.lang.Object, java.lang.Object)'> (0x00000000ec010b30) 
thrown [s\src\hotspot\share\interpreter\linkResolver.cpp, line 759]
Event: 6.676 Thread 0x00000195ae1a6fa0 Exception <a 'java/lang/NoSuchMethodError'{0x00000000ec014628}: 'int java.lang.invoke.DirectMethodHandle$Holder.invokeVirtual(java.lang.Object, java.lang.Object)'> (0x00000000ec014628) 
thrown [s\src\hotspot\share\interpreter\linkResolver.cpp, line 759]
Event: 6.677 Thread 0x00000195ae1a6fa0 Exception <a 'java/lang/NoSuchMethodError'{0x00000000ec0188c0}: 'int java.lang.invoke.DirectMethodHandle$Holder.invokeStaticInit(java.lang.Object, int, int)'> (0x00000000ec0188c0) 
thrown [s\src\hotspot\share\interpreter\linkResolver.cpp, line 759]
Event: 6.678 Thread 0x00000195ae1a6fa0 Exception <a 'java/lang/NoSuchMethodError'{0x00000000ec020578}: 'int java.lang.invoke.DirectMethodHandle$Holder.invokeStaticInit(java.lang.Object, long, long)'> (0x00000000ec020578) 
thrown [s\src\hotspot\share\interpreter\linkResolver.cpp, line 759]
Event: 6.678 Thread 0x00000195ae1a6fa0 Exception <a 'java/lang/NoSuchMethodError'{0x00000000ec027608}: 'int java.lang.invoke.DirectMethodHandle$Holder.invokeStaticInit(java.lang.Object, float, float)'> (0x00000000ec027608) 
thrown [s\src\hotspot\share\interpreter\linkResolver.cpp, line 759]
Event: 6.679 Thread 0x00000195ae1a6fa0 Exception <a 'java/lang/NoSuchMethodError'{0x00000000ec02e6b0}: 'int java.lang.invoke.DirectMethodHandle$Holder.invokeStaticInit(java.lang.Object, double, double)'> (0x00000000ec02e6b0) 
thrown [s\src\hotspot\share\interpreter\linkResolver.cpp, line 759]
Event: 6.680 Thread 0x00000195ae1a6fa0 Exception <a 'java/lang/NoSuchMethodError'{0x00000000ec032ef8}: 'int java.lang.invoke.DirectMethodHandle$Holder.invokeStatic(java.lang.Object, long)'> (0x00000000ec032ef8) 
thrown [s\src\hotspot\share\interpreter\linkResolver.cpp, line 759]
Event: 6.693 Thread 0x00000195ae1a6fa0 Exception <a 'java/lang/NoSuchMethodError'{0x00000000ec054ca8}: 'int java.lang.invoke.DirectMethodHandle$Holder.invokeSpecial(java.lang.Object, java.lang.Object, int, int)'> (0x00000000ec054ca8) 
thrown [s\src\hotspot\share\interpreter\linkResolver.cpp, line 759]
Event: 6.694 Thread 0x00000195ae1a6070 Exception <a 'java/lang/NoSuchMethodError'{0x00000000ec064de0}: 'int java.lang.invoke.Invokers$Holder.linkToTargetMethod(java.lang.Object, java.lang.Object)'> (0x00000000ec064de0) 
thrown [s\src\hotspot\share\interpreter\linkResolver.cpp, line 759]
Event: 6.694 Thread 0x00000195ae1a6fa0 Exception <a 'java/lang/NoSuchMethodError'{0x00000000ec068300}: 'int java.lang.invoke.Invokers$Holder.linkToTargetMethod(java.lang.Object, java.lang.Object)'> (0x00000000ec068300) 
thrown [s\src\hotspot\share\interpreter\linkResolver.cpp, line 759]
Event: 6.695 Thread 0x00000195ae1a6fa0 Exception <a 'java/lang/NoSuchMethodError'{0x00000000ec076b48}: 'int java.lang.invoke.DirectMethodHandle$Holder.invokeSpecial(java.lang.Object, java.lang.Object, java.lang.Object, java.lang.Object)'> (0x00000000ec076b48) 
thrown [s\src\hotspot\share\interpreter\linkResolver.cpp, line 759]
Event: 6.744 Thread 0x00000195ae1a6fa0 Exception <a 'java/lang/NoSuchMethodError'{0x00000000eab84578}: 'java.lang.Object java.lang.invoke.DirectMethodHandle$Holder.invokeStatic(java.lang.Object, int, java.lang.Object, java.lang.Object)'> (0x00000000eab84578) 
thrown [s\src\hotspot\share\interpreter\linkResolver.cpp, line 759]
Event: 6.745 Thread 0x00000195ae1a6fa0 Exception <a 'java/lang/NoSuchMethodError'{0x00000000eab91308}: 'java.lang.Object java.lang.invoke.DelegatingMethodHandle$Holder.delegate(java.lang.Object, int, java.lang.Object, java.lang.Object)'> (0x00000000eab91308) 
thrown [s\src\hotspot\share\interpreter\linkResolver.cpp, line 759]
Event: 6.749 Thread 0x00000195ae1a6fa0 Exception <a 'java/lang/NoSuchMethodError'{0x00000000eabbc558}: 'int java.lang.invoke.Invokers$Holder.linkToTargetMethod(java.lang.Object, java.lang.Object, java.lang.Object)'> (0x00000000eabbc558) 
thrown [s\src\hotspot\share\interpreter\linkResolver.cpp, line 759]
Event: 6.794 Thread 0x00000195ae1a6070 Exception <a 'java/lang/NoSuchMethodError'{0x00000000eae33c98}: 'java.lang.Object java.lang.invoke.DirectMethodHandle$Holder.invokeSpecialIFC(java.lang.Object, java.lang.Object, java.lang.Object, java.lang.Object)'> (0x00000000eae33c98) 
thrown [s\src\hotspot\share\interpreter\linkResolver.cpp, line 759]
Event: 6.816 Thread 0x00000195ae0e8fd0 Exception <a 'java/lang/ClassNotFoundException'{0x00000000eaf75628}: com/sun/org/apache/xml/internal/serializer/spi/XMLEntitiesProvider> (0x00000000eaf75628) 
thrown [s\src\hotspot\share\classfile\systemDictionary.cpp, line 256]

VM Operations (20 events):
Event: 6.071 Executing VM operation: ParallelGCFailedAllocation
Event: 6.074 Executing VM operation: ParallelGCFailedAllocation done
Event: 6.395 Executing VM operation: ParallelGCFailedAllocation
Event: 6.399 Executing VM operation: ParallelGCFailedAllocation done
Event: 6.542 Executing VM operation: HandshakeAllThreads
Event: 6.542 Executing VM operation: HandshakeAllThreads done
Event: 6.635 Executing VM operation: HandshakeAllThreads
Event: 6.635 Executing VM operation: HandshakeAllThreads done
Event: 6.698 Executing VM operation: CollectForMetadataAllocation
Event: 6.739 Executing VM operation: CollectForMetadataAllocation done
Event: 6.740 Executing VM operation: HandshakeAllThreads
Event: 6.741 Executing VM operation: HandshakeAllThreads done
Event: 6.742 Executing VM operation: HandshakeAllThreads
Event: 6.742 Executing VM operation: HandshakeAllThreads done
Event: 6.771 Executing VM operation: HandshakeAllThreads
Event: 6.771 Executing VM operation: HandshakeAllThreads done
Event: 6.814 Executing VM operation: HandshakeAllThreads
Event: 6.814 Executing VM operation: HandshakeAllThreads done
Event: 6.874 Executing VM operation: HandshakeAllThreads
Event: 6.876 Executing VM operation: HandshakeAllThreads done

Memory protections (0 events):
No events

Nmethod flushes (0 events):
No events

Events (20 events):
Event: 3.034 Thread 0x00000195938f27b0 Thread added: 0x00000195ae0e8fd0
Event: 3.191 Thread 0x00000195ae6a8090 Thread exited: 0x00000195ae6a8090
Event: 3.194 Thread 0x00000195adc78b10 Thread exited: 0x00000195adc78b10
Event: 3.386 Thread 0x00000195acb16bd0 Thread added: 0x00000195ae346300
Event: 3.387 Thread 0x00000195acb16bd0 Thread added: 0x00000195ae346820
Event: 3.637 Thread 0x00000195ae0e8fd0 Thread added: 0x00000195ae89c7c0
Event: 3.797 Thread 0x00000195ae0e8fd0 Thread added: 0x00000195ae1a6580
Event: 3.929 Thread 0x00000195ae0e8fd0 Thread added: 0x00000195ae1a8e00
Event: 3.943 Thread 0x00000195ae346820 Thread exited: 0x00000195ae346820
Event: 4.428 Thread 0x00000195ae0e8fd0 Thread added: 0x00000195ae1a88f0
Event: 4.793 Thread 0x00000195ae346300 Thread exited: 0x00000195ae346300
Event: 5.040 Thread 0x00000195ae0e8fd0 Thread added: 0x00000195ae1a9820
Event: 5.101 Thread 0x00000195ae0e8fd0 Thread added: 0x00000195ae1a6fa0
Event: 5.197 Thread 0x00000195ae0e8fd0 Thread added: 0x00000195ae1a6070
Event: 5.379 Thread 0x00000195acb0f960 Thread added: 0x00000195ae434df0
Event: 6.099 Thread 0x00000195ae434df0 Thread exited: 0x00000195ae434df0
Event: 6.349 Thread 0x00000195acb16bd0 Thread added: 0x00000195aeb939d0
Event: 6.609 Thread 0x00000195ae0e8fd0 Thread added: 0x00000195ae1a6a90
Event: 6.652 Thread 0x00000195ae1a6070 Thread added: 0x00000195ae1a74b0
Event: 6.819 Thread 0x00000195ae1a74b0 Thread added: 0x00000195ae1a79c0


Dynamic libraries:
0x00007ff6083d0000 - 0x00007ff6083de000 	c:\Users\asher\.vscode\extensions\redhat.java-1.37.0-win32-x64\jre\17.0.13-win32-x86_64\bin\java.exe
0x00007ffab2ff0000 - 0x00007ffab31e8000 	C:\WINDOWS\SYSTEM32\ntdll.dll
0x00007ffab1ed0000 - 0x00007ffab1f92000 	C:\WINDOWS\System32\KERNEL32.DLL
0x00007ffab0710000 - 0x00007ffab0a0e000 	C:\WINDOWS\System32\KERNELBASE.dll
0x00007ffab0ce0000 - 0x00007ffab0de0000 	C:\WINDOWS\System32\ucrtbase.dll
0x00007ffaa0500000 - 0x00007ffaa0517000 	c:\Users\asher\.vscode\extensions\redhat.java-1.37.0-win32-x64\jre\17.0.13-win32-x86_64\bin\jli.dll
0x00007ffab1d30000 - 0x00007ffab1ecd000 	C:\WINDOWS\System32\USER32.dll
0x00007ffab06e0000 - 0x00007ffab0702000 	C:\WINDOWS\System32\win32u.dll
0x00007ffab1010000 - 0x00007ffab103b000 	C:\WINDOWS\System32\GDI32.dll
0x00007ffab0aa0000 - 0x00007ffab0bb7000 	C:\WINDOWS\System32\gdi32full.dll
0x00007ffab0f70000 - 0x00007ffab100d000 	C:\WINDOWS\System32\msvcp_win.dll
0x00007ffa9b2a0000 - 0x00007ffa9b2be000 	c:\Users\asher\.vscode\extensions\redhat.java-1.37.0-win32-x64\jre\17.0.13-win32-x86_64\bin\VCRUNTIME140.dll
0x00007ffa9f970000 - 0x00007ffa9fc0a000 	C:\WINDOWS\WinSxS\amd64_microsoft.windows.common-controls_6595b64144ccf1df_6.0.19041.4355_none_60b8b9eb71f62e16\COMCTL32.dll
0x00007ffab2880000 - 0x00007ffab291e000 	C:\WINDOWS\System32\msvcrt.dll
0x00007ffab1660000 - 0x00007ffab168f000 	C:\WINDOWS\System32\IMM32.DLL
0x00007ffaa6460000 - 0x00007ffaa646c000 	c:\Users\asher\.vscode\extensions\redhat.java-1.37.0-win32-x64\jre\17.0.13-win32-x86_64\bin\vcruntime140_1.dll
0x00007ffa917f0000 - 0x00007ffa9187d000 	c:\Users\asher\.vscode\extensions\redhat.java-1.37.0-win32-x64\jre\17.0.13-win32-x86_64\bin\msvcp140.dll
0x00007ffa29d60000 - 0x00007ffa2a9cb000 	c:\Users\asher\.vscode\extensions\redhat.java-1.37.0-win32-x64\jre\17.0.13-win32-x86_64\bin\server\jvm.dll
0x00007ffab15a0000 - 0x00007ffab1651000 	C:\WINDOWS\System32\ADVAPI32.dll
0x00007ffab1c20000 - 0x00007ffab1cbf000 	C:\WINDOWS\System32\sechost.dll
0x00007ffab1470000 - 0x00007ffab1593000 	C:\WINDOWS\System32\RPCRT4.dll
0x00007ffab0de0000 - 0x00007ffab0e07000 	C:\WINDOWS\System32\bcrypt.dll
0x00007ffab1bb0000 - 0x00007ffab1c1b000 	C:\WINDOWS\System32\WS2_32.dll
0x00007ffaafbb0000 - 0x00007ffaafbfb000 	C:\WINDOWS\SYSTEM32\POWRPROF.dll
0x00007ffa98530000 - 0x00007ffa98557000 	C:\WINDOWS\SYSTEM32\WINMM.dll
0x00007ffaa5010000 - 0x00007ffaa501a000 	C:\WINDOWS\SYSTEM32\VERSION.dll
0x00007ffaafa60000 - 0x00007ffaafa72000 	C:\WINDOWS\SYSTEM32\UMPDC.dll
0x00007ffaaee80000 - 0x00007ffaaee92000 	C:\WINDOWS\SYSTEM32\kernel.appcore.dll
0x00007ffaa63c0000 - 0x00007ffaa63ca000 	c:\Users\asher\.vscode\extensions\redhat.java-1.37.0-win32-x64\jre\17.0.13-win32-x86_64\bin\jimage.dll
0x00007ffaae3a0000 - 0x00007ffaae584000 	C:\WINDOWS\SYSTEM32\DBGHELP.DLL
0x00007ffaa5590000 - 0x00007ffaa55c4000 	C:\WINDOWS\SYSTEM32\dbgcore.DLL
0x00007ffab0a10000 - 0x00007ffab0a92000 	C:\WINDOWS\System32\bcryptPrimitives.dll
0x00007ffaa3f80000 - 0x00007ffaa3f8e000 	c:\Users\asher\.vscode\extensions\redhat.java-1.37.0-win32-x64\jre\17.0.13-win32-x86_64\bin\instrument.dll
0x00007ffa91d60000 - 0x00007ffa91d85000 	c:\Users\asher\.vscode\extensions\redhat.java-1.37.0-win32-x64\jre\17.0.13-win32-x86_64\bin\java.dll
0x00007ffa98310000 - 0x00007ffa98328000 	c:\Users\asher\.vscode\extensions\redhat.java-1.37.0-win32-x64\jre\17.0.13-win32-x86_64\bin\zip.dll
0x00007ffab2110000 - 0x00007ffab287d000 	C:\WINDOWS\System32\SHELL32.dll
0x00007ffaae590000 - 0x00007ffaaed34000 	C:\WINDOWS\SYSTEM32\windows.storage.dll
0x00007ffab2c50000 - 0x00007ffab2fa3000 	C:\WINDOWS\System32\combase.dll
0x00007ffab00c0000 - 0x00007ffab00ee000 	C:\WINDOWS\SYSTEM32\Wldp.dll
0x00007ffab1fb0000 - 0x00007ffab207d000 	C:\WINDOWS\System32\OLEAUT32.dll
0x00007ffab1690000 - 0x00007ffab173d000 	C:\WINDOWS\System32\SHCORE.dll
0x00007ffab1040000 - 0x00007ffab1095000 	C:\WINDOWS\System32\shlwapi.dll
0x00007ffab05c0000 - 0x00007ffab05e4000 	C:\WINDOWS\SYSTEM32\profapi.dll
0x00007ffa97430000 - 0x00007ffa97449000 	C:\Users\asher\.vscode\extensions\redhat.java-1.37.0-win32-x64\jre\17.0.13-win32-x86_64\bin\net.dll
0x00007ffaa3df0000 - 0x00007ffaa3efd000 	C:\WINDOWS\SYSTEM32\WINHTTP.dll
0x00007ffaafe00000 - 0x00007ffaafe6a000 	C:\WINDOWS\system32\mswsock.dll
0x00007ffa96470000 - 0x00007ffa96486000 	C:\Users\asher\.vscode\extensions\redhat.java-1.37.0-win32-x64\jre\17.0.13-win32-x86_64\bin\nio.dll
0x00007ffaa30a0000 - 0x00007ffaa30b0000 	c:\Users\asher\.vscode\extensions\redhat.java-1.37.0-win32-x64\jre\17.0.13-win32-x86_64\bin\verify.dll
0x00007ffa91bc0000 - 0x00007ffa91c05000 	C:\Users\asher\AppData\Roaming\Code\User\globalStorage\redhat.java\1.37.0\config_win\org.eclipse.equinox.launcher\org.eclipse.equinox.launcher.win32.win32.x86_64_1.2.1100.v20240722-2106\eclipse_11904.dll
0x00007ffab10a0000 - 0x00007ffab11cb000 	C:\WINDOWS\System32\ole32.dll
0x00007ffab0020000 - 0x00007ffab0038000 	C:\WINDOWS\SYSTEM32\CRYPTSP.dll
0x00007ffaaf690000 - 0x00007ffaaf6c4000 	C:\WINDOWS\system32\rsaenh.dll
0x00007ffab0540000 - 0x00007ffab056e000 	C:\WINDOWS\SYSTEM32\USERENV.dll
0x00007ffab0010000 - 0x00007ffab001c000 	C:\WINDOWS\SYSTEM32\CRYPTBASE.dll
0x00007ffaafa80000 - 0x00007ffaafabb000 	C:\WINDOWS\SYSTEM32\IPHLPAPI.DLL
0x00007ffab1d20000 - 0x00007ffab1d28000 	C:\WINDOWS\System32\NSI.dll
0x00007ffaa4e90000 - 0x00007ffaa4ea7000 	C:\WINDOWS\SYSTEM32\dhcpcsvc6.DLL
0x00007ffaa6290000 - 0x00007ffaa62ad000 	C:\WINDOWS\SYSTEM32\dhcpcsvc.DLL
0x00007ffaafad0000 - 0x00007ffaafb9a000 	C:\WINDOWS\SYSTEM32\DNSAPI.dll
0x00007ffa90580000 - 0x00007ffa905c9000 	C:\Users\asher\AppData\Local\Temp\jna-93110691\jna2298728851081586524.dll
0x00007ffab2b30000 - 0x00007ffab2b38000 	C:\WINDOWS\System32\PSAPI.DLL

dbghelp: loaded successfully - version: 4.0.5 - missing functions: none
symbol engine: initialized successfully - sym options: 0x614 - pdb path: .;c:\Users\asher\.vscode\extensions\redhat.java-1.37.0-win32-x64\jre\17.0.13-win32-x86_64\bin;C:\WINDOWS\SYSTEM32;C:\WINDOWS\WinSxS\amd64_microsoft.windows.common-controls_6595b64144ccf1df_6.0.19041.4355_none_60b8b9eb71f62e16;c:\Users\asher\.vscode\extensions\redhat.java-1.37.0-win32-x64\jre\17.0.13-win32-x86_64\bin\server;C:\Users\asher\AppData\Roaming\Code\User\globalStorage\redhat.java\1.37.0\config_win\org.eclipse.equinox.launcher\org.eclipse.equinox.launcher.win32.win32.x86_64_1.2.1100.v20240722-2106;C:\Users\asher\AppData\Local\Temp\jna-93110691

VM Arguments:
jvm_args: --add-modules=ALL-SYSTEM --add-opens=java.base/java.util=ALL-UNNAMED --add-opens=java.base/java.lang=ALL-UNNAMED --add-opens=java.base/sun.nio.fs=ALL-UNNAMED -Declipse.application=org.eclipse.jdt.ls.core.id1 -Dosgi.bundles.defaultStartLevel=4 -Declipse.product=org.eclipse.jdt.ls.core.product -Djava.import.generatesMetadataFilesAtProjectRoot=false -DDetectVMInstallationsJob.disabled=true -Dfile.encoding=utf8 -XX:+UseParallelGC -XX:GCTimeRatio=4 -XX:AdaptiveSizePolicyWeight=90 -Dsun.zip.disableMemoryMapping=true -Xmx1G -Xms100m -Xlog:disable -javaagent:c:\Users\asher\.vscode\extensions\redhat.java-1.37.0-win32-x64\lombok\lombok-1.18.34.jar -XX:+HeapDumpOnOutOfMemoryError -XX:HeapDumpPath=c:\Users\asher\AppData\Roaming\Code\User\workspaceStorage\f2fe6b8f2dfb1372ca09c69c4d0f5be1\redhat.java -Daether.dependencyCollector.impl=bf 
java_command: c:\Users\asher\.vscode\extensions\redhat.java-1.37.0-win32-x64\server\plugins\org.eclipse.equinox.launcher_1.6.900.v20240613-2009.jar -configuration c:\Users\asher\AppData\Roaming\Code\User\globalStorage\redhat.java\1.37.0\config_win -data c:\Users\asher\AppData\Roaming\Code\User\workspaceStorage\f2fe6b8f2dfb1372ca09c69c4d0f5be1\redhat.java\jdt_ws --pipe=\\.\pipe\lsp-6d35bb3653c187b67e0973d44d9ed2a2-sock
java_class_path (initial): c:\Users\asher\.vscode\extensions\redhat.java-1.37.0-win32-x64\server\plugins\org.eclipse.equinox.launcher_1.6.900.v20240613-2009.jar
Launcher Type: SUN_STANDARD

[Global flags]
    uintx AdaptiveSizePolicyWeight                 = 90                                        {product} {command line}
     intx CICompilerCount                          = 4                                         {product} {ergonomic}
    uintx GCTimeRatio                              = 4                                         {product} {command line}
     bool HeapDumpOnOutOfMemoryError               = true                                   {manageable} {command line}
    ccstr HeapDumpPath                             = c:\Users\asher\AppData\Roaming\Code\User\workspaceStorage\f2fe6b8f2dfb1372ca09c69c4d0f5be1\redhat.java         {manageable} {command line}
   size_t InitialHeapSize                          = 104857600                                 {product} {command line}
   size_t MaxHeapSize                              = 1073741824                                {product} {command line}
   size_t MaxNewSize                               = 357564416                                 {product} {ergonomic}
   size_t MinHeapDeltaBytes                        = 524288                                    {product} {ergonomic}
   size_t MinHeapSize                              = 104857600                                 {product} {command line}
   size_t NewSize                                  = 34603008                                  {product} {ergonomic}
    uintx NonNMethodCodeHeapSize                   = 5839372                                {pd product} {ergonomic}
    uintx NonProfiledCodeHeapSize                  = 122909434                              {pd product} {ergonomic}
   size_t OldSize                                  = 70254592                                  {product} {ergonomic}
    uintx ProfiledCodeHeapSize                     = 122909434                              {pd product} {ergonomic}
    uintx ReservedCodeCacheSize                    = 251658240                              {pd product} {ergonomic}
     bool SegmentedCodeCache                       = true                                      {product} {ergonomic}
   size_t SoftMaxHeapSize                          = 1073741824                             {manageable} {ergonomic}
     bool UseCompressedClassPointers               = true                           {product lp64_product} {ergonomic}
     bool UseCompressedOops                        = true                           {product lp64_product} {ergonomic}
     bool UseLargePagesIndividualAllocation        = false                                  {pd product} {ergonomic}
     bool UseParallelGC                            = true                                      {product} {command line}

Logging:
Log output configuration:
 #0: stdout all=off uptime,level,tags
 #1: stderr all=off uptime,level,tags

Environment Variables:
PATH=C:\pf86\Common Files\Oracle\Java\javapath;C:\pf86\Intel\Intel(R) Management Engine Components\iCLS\;C:\pf\Intel\Intel(R) Management Engine Components\iCLS\;C:\WINDOWS\system32;C:\WINDOWS;C:\WINDOWS\System32\Wbem;C:\WINDOWS\System32\WindowsPowerShell\v1.0\;C:\WINDOWS\System32\OpenSSH\;C:\pf\Intel\WiFi\bin\;C:\pf\Common Files\Intel\WirelessCommon\;C:\pf86\Intel\Intel(R) Management Engine Components\DAL;C:\pf\Intel\Intel(R) Management Engine Components\DAL;C:\pf86\Intel\Intel(R) Management Engine Components\IPT;C:\pf\Intel\Intel(R) Management Engine Components\IPT;C:\pf\dotnet\;C:\pf\nodejs\;C:\pf\Git\cmd;C:\pf\WireGuard\;C:\pf\Docker\Docker\resources\bin;C:\pf\Tailscale\;C:\pf86\Windows Kits\10\Windows Performance Toolkit\;C:\pf\Go\bin;C:\pf\Cloudflare\Cloudflare WARP\;C:\Users\asher\AppData\Local\Programs\Microsoft VS Code\Code.exe;C:\Program Files\Cloudflare\Cloudflare WARP\;C:\Users\asher\AppData\Local\Programs\Eclipse Adoptium\jdk-8.0.422.5-hotspot\bin;C:\Ruby32-x64\bin;C:\pf86\Common Files\Oracle\Java\javapath;C:\pf86\Intel\Intel(R) Management Engine Components\iCLS\;C:\pf\Intel\Intel(R) Management Engine Components\iCLS\;C:\WINDOWS\system32;C:\WINDOWS;C:\WINDOWS\System32\Wbem;C:\WINDOWS\System32\WindowsPowerShell\v1.0\;C:\WINDOWS\System32\OpenSSH\;C:\pf\Intel\WiFi\bin\;C:\pf\Common Files\Intel\WirelessCommon\;C:\pf86\Intel\Intel(R) Management Engine Components\DAL;C:\pf\Intel\Intel(R) Management Engine Components\DAL;C:\pf86\Intel\Intel(R) Management Engine Components\IPT;C:\pf\Intel\Intel(R) Management Engine Components\IPT;C:\pf\dotnet\;C:\pf\nodejs\;C:\pf\Git\cmd;C:\pf\WireGuard\;C:\pf\Docker\Docker\resources\bin;C:\pf\Tailscale\;C:\pf86\Windows Kits\10\Windows Performance Toolkit\;C:\pf\Go\bin;C:\pf\Cloudflare\Cloudflare WARP\;C:\Users\asher\AppData\Local\Programs\Microsoft VS Code\Code.exe;C:\pf86\Common Files\Oracle\Java\javapath;C:\pf86\Intel\Intel(R) Management Engine Components\iCLS\;C:\pf\Intel\Intel(R) Management Engine Components\iCLS\;C:\WIND;C:\U
USERNAME=asher
OS=Windows_NT
PROCESSOR_IDENTIFIER=Intel64 Family 6 Model 142 Stepping 10, GenuineIntel
TMP=C:\Users\asher\AppData\Local\Temp
TEMP=C:\Users\asher\AppData\Local\Temp



Periodic native trim disabled


---------------  S Y S T E M  ---------------

OS:
 Windows 10 , 64 bit Build 19041 (10.0.19041.5072)
OS uptime: 9 days 1:29 hours
Hyper-V role detected

CPU: total 8 (initial active 8) (4 cores per cpu, 2 threads per core) family 6 model 142 stepping 10 microcode 0xb4, cx8, cmov, fxsr, ht, mmx, 3dnowpref, sse, sse2, sse3, ssse3, sse4.1, sse4.2, popcnt, lzcnt, tsc, tscinvbit, avx, avx2, aes, erms, clmul, bmi1, bmi2, adx, fma, vzeroupper, clflush, clflushopt, hv
Processor Information for all 8 processors :
  Max Mhz: 1992, Current Mhz: 1792, Mhz Limit: 1792

Memory: 4k page, system-wide physical 8103M (555M free)
TotalPageFile size 16295M (AvailPageFile size 10M)
current process WorkingSet (physical memory assigned to process): 167M, peak: 170M
current process commit charge ("private bytes"): 265M, peak: 269M

vm_info: OpenJDK 64-Bit Server VM (17.0.13+11) for windows-amd64 JRE (17.0.13+11), built on Oct 16 2024 00:10:08 by "admin" with MS VC++ 17.7 (VS2022)

END.
